<html>
<body>
<pre>
<h1>礦ision Build Log</h1>
<h2>Tool Versions:</h2>
IDE-Version: μVision V5.26.2.0
Copyright (C) 2018 ARM Ltd and ARM Germany GmbH. All rights reserved.
License Information: 1 1, 1, LIC=EXJT4-F7HTJ-63BMB-2AF5F-82HWN-G4LAL
 
Tool Versions:
Toolchain:       MDK-ARM Plus  Version: 5.26.2.0
Toolchain Path:  C:\Program Files (x86)\Spring Program Files(x86)\MDK4 and MDK5\ARM\ARM\ARMCC\Bin
C Compiler:      Armcc.exe V5.06 update 6 (build 750)
Assembler:       Armasm.exe V5.06 update 6 (build 750)
Linker/Locator:  ArmLink.exe V5.06 update 6 (build 750)
Library Manager: ArmAr.exe V5.06 update 6 (build 750)
Hex Converter:   FromElf.exe V5.06 update 6 (build 750)
CPU DLL:         SARMCM3.DLL V5.26.2.0
Dialog DLL:      DCM.DLL V1.17.2.0
Target DLL:      STLink\ST-LINKIII-KEIL_SWO.dll V3.0.5.0
Dialog DLL:      TCM.DLL V1.36.1.0
 
<h2>Project:</h2>
E:\Personal\Study\大三下学期\课程设计\源文件\STM32 Code\ClassDesign20200617V01\USER\ClassDesign.uvprojx
Project File Date:  06/21/2020

<h2>Output:</h2>
*** Using Compiler 'V5.06 update 6 (build 750)', folder: 'C:\Program Files (x86)\Spring Program Files(x86)\MDK4 and MDK5\ARM\ARM\ARMCC\Bin'
Rebuild target 'CodeDesign'
assembling startup_stm32f10x_md.s...
compiling core_cm3.c...
compiling stm32f10x_it.c...
compiling system_stm32f10x.c...
compiling LEDandBuzz.c...
compiling OLED.c...
compiling MAX7219.c...
compiling RC522.c...
..\HARDWARE\RC522.c(105): warning:  #68-D: integer conversion resulted in a change of sign
     {   status = MI_ERR;  
..\HARDWARE\RC522.c(142): warning:  #68-D: integer conversion resulted in a change of sign
           {   status = MI_ERR;    }
..\HARDWARE\RC522.c(178): warning:  #68-D: integer conversion resulted in a change of sign
      {   status = MI_ERR;    }
..\HARDWARE\RC522.c(210): warning:  #68-D: integer conversion resulted in a change of sign
      {   status = MI_ERR;   }
..\HARDWARE\RC522.c(239): warning:  #68-D: integer conversion resulted in a change of sign
      {   status = MI_ERR;   }
..\HARDWARE\RC522.c(263): warning:  #68-D: integer conversion resulted in a change of sign
      {   status = MI_ERR;   }
..\HARDWARE\RC522.c(274): warning:  #68-D: integer conversion resulted in a change of sign
          {   status = MI_ERR;   }
..\HARDWARE\RC522.c(302): warning:  #68-D: integer conversion resulted in a change of sign
      {   status = MI_ERR;   }
..\HARDWARE\RC522.c(312): warning:  #514-D: pointless comparison of unsigned integer with a negative constant
          if (status != MI_ERR)
..\HARDWARE\RC522.c(325): warning:  #68-D: integer conversion resulted in a change of sign
          {   status = MI_ERR;   }
..\HARDWARE\RC522.c(349): warning:  #68-D: integer conversion resulted in a change of sign
      {   status = MI_ERR;   }
..\HARDWARE\RC522.c(360): warning:  #514-D: pointless comparison of unsigned integer with a negative constant
          if (status != MI_ERR)
..\HARDWARE\RC522.c(365): warning:  #68-D: integer conversion resulted in a change of sign
      {    return MI_ERR;   }
..\HARDWARE\RC522.c(375): warning:  #68-D: integer conversion resulted in a change of sign
      {   status = MI_ERR;   }
..\HARDWARE\RC522.c(387): warning:  #550-D: variable "status"  was set but never used
      char status;
..\HARDWARE\RC522.c(581): warning:  #68-D: integer conversion resulted in a change of sign
      char status = MI_ERR;
..\HARDWARE\RC522.c(629): warning:  #68-D: integer conversion resulted in a change of sign
               {   status = MI_NOTAGERR;   }
..\HARDWARE\RC522.c(647): warning:  #68-D: integer conversion resulted in a change of sign
           {   status = MI_ERR;   }
..\HARDWARE\RC522.c: 18 warnings, 0 errors
compiling Motor.c...
compiling delay.c...
compiling Timeout.c...
compiling Myusart.c...
compiling main.c...
main.c(352): warning:  #167-D: argument of type "char *" is incompatible with parameter of type "u8 *"
  	OLED_ShowString(60,2,IDcard);	//更新显示IC卡号
main.c(354): warning:  #167-D: argument of type "char *" is incompatible with parameter of type "u8 *"
  	OLED_ShowString(42,5,StudentID);	//更新显示学号
main.c(356): warning:  #1-D: last line of file ends without a newline
  }
main.c: 3 warnings, 0 errors
compiling HDC1080.c...
compiling usart.c...
compiling sys.c...
compiling misc.c...
compiling stm32f10x_exti.c...
compiling stm32f10x_crc.c...
compiling stm32f10x_gpio.c...
compiling stm32f10x_sdio.c...
compiling stm32f10x_i2c.c...
compiling stm32f10x_rcc.c...
compiling stm32f10x_spi.c...
compiling stm32f10x_usart.c...
compiling stm32f10x_dma.c...
compiling stm32f10x_tim.c...
linking...
Program Size: Code=11964 RO-data=2380 RW-data=2596 ZI-data=1692  
FromELF: creating hex file...
"..\OBJ\ClassDesign.axf" - 0 Error(s), 21 Warning(s).

<h2>Software Packages used:</h2>

Package Vendor: Keil
                http://www.keil.com/pack/Keil.STM32F1xx_DFP.2.3.0.pack
                Keil.STM32F1xx_DFP.2.3.0
                STMicroelectronics STM32F1 Series Device Support, Drivers and Examples

<h2>Collection of Component include folders:</h2>
  .\RTE\_CodeDesign
  C:\Program Files (x86)\Spring Program Files(x86)\MDK4 and MDK5\ARM\Keil\STM32F1xx_DFP\2.3.0\Device\Include

<h2>Collection of Component Files used:</h2>
Build Time Elapsed:  00:00:05
</pre>
</body>
</html>
