<html>
<body>
<pre>
<h1>礦ision Build Log</h1>
<h2>Tool Versions:</h2>
IDE-Version: μVision V5.23.0.0
Copyright (C) 2017 ARM Ltd and ARM Germany GmbH. All rights reserved.
License Information: Spring Ltc, SPRING, LIC=FYK12-9Z7NB-WFNI7-E6SKY-EDBAW-X6K2H
 
Tool Versions:
Toolchain:       MDK-ARM Plus  Version: 5.23
Toolchain Path:  C:\Program Files (x86)\Spring Program Files(x86)\MDK4 and MDK5\ARM\ARMCC\Bin
C Compiler:      Armcc.exe V5.06 update 4 (build 422)
Assembler:       Armasm.exe V5.06 update 4 (build 422)
Linker/Locator:  ArmLink.exe V5.06 update 4 (build 422)
Library Manager: ArmAr.exe V5.06 update 4 (build 422)
Hex Converter:   FromElf.exe V5.06 update 4 (build 422)
CPU DLL:         SARMCM3.DLL V5.23
Dialog DLL:      DCM.DLL V1.15.0.0
Target DLL:      STLink\ST-LINKIII-KEIL_SWO.dll V2.0.18.0
Dialog DLL:      TCM.DLL V1.27.0.0
 
<h2>Project:</h2>
E:\Personal\Study\大三下学期\课程设计\STM32 Code\ClassDesign20200614V02\USER\ClassDesign.uvprojx
Project File Date:  06/14/2020

<h2>Output:</h2>
*** Using Compiler 'V5.06 update 4 (build 422)', folder: 'C:\Program Files (x86)\Spring Program Files(x86)\MDK4 and MDK5\ARM\ARMCC\Bin'
Rebuild target 'CodeDesign'
assembling startup_stm32f10x_md.s...
compiling core_cm3.c...
compiling LEDandBuzz.c...
compiling system_stm32f10x.c...
compiling stm32f10x_it.c...
compiling MAX7219.c...
compiling RC522.c...
..\HARDWARE\RC522.c(105): warning:  #68-D: integer conversion resulted in a change of sign
     {   status = 
I_ERR;  
..\HARDWARE\RC522.c(142): warning:  #68-D: integer conversion resulted in a change of sign
           {   status = 
I_ERR;    }
..\HARDWARE\RC522.c(178): warning:  #68-D: integer conversion resulted in a change of sign
      {   status = 
I_ERR;    }
..\HARDWARE\RC522.c(210): warning:  #68-D: integer conversion resulted in a change of sign
      {   status = 
I_ERR;   }
..\HARDWARE\RC522.c(239): warning:  #68-D: integer conversion resulted in a change of sign
      {   status = 
I_ERR;   }
..\HARDWARE\RC522.c(263): warning:  #68-D: integer conversion resulted in a change of sign
      {   status = 
I_ERR;   }
..\HARDWARE\RC522.c(274): warning:  #68-D: integer conversion resulted in a change of sign
          {   status = 
I_ERR;   }
..\HARDWARE\RC522.c(302): warning:  #68-D: integer conversion resulted in a change of sign
      {   status = 
I_ERR;   }
..\HARDWARE\RC522.c(312): warning:  #514-D: pointless comparison of unsigned integer with a negative constant
          if (status != 
I_ERR)
..\HARDWARE\RC522.c(325): warning:  #68-D: integer conversion resulted in a change of sign
          {   status = 
I_ERR;   }
..\HARDWARE\RC522.c(349): warning:  #68-D: integer conversion resulted in a change of sign
      {   status = 
I_ERR;   }
..\HARDWARE\RC522.c(360): warning:  #514-D: pointless comparison of unsigned integer with a negative constant
          if (status != 
I_ERR)
..\HARDWARE\RC522.c(365): warning:  #68-D: integer conversion resulted in a change of sign
      {    return 
I_ERR;   }
..\HARDWARE\RC522.c(375): warning:  #68-D: integer conversion resulted in a change of sign
      {   status = 
I_ERR;   }
..\HARDWARE\RC522.c(387): warning:  #550-D: variable "status"  was set but never used
      char status;
..\HARDWARE\RC522.c(581): warning:  #68-D: integer conversion resulted in a change of sign
      char status = 
I_ERR;
..\HARDWARE\RC522.c(629): warning:  #68-D: integer conversion resulted in a change of sign
               {   status = 
I_NOTAGERR;   }
..\HARDWARE\RC522.c(647): warning:  #68-D: integer conversion resulted in a change of sign
           {   status = 
I_ERR;   }
..\HARDWARE\RC522.c: 18 warnings, 0 errors
compiling OLED.c...
compiling Motor.c...
compiling Myusart.c...
..\HARDWARE\Myusart.c(299): warning:  #940-D: missing return statement at end of non-void function "SendFaceRecognitionRequest" 
  }
..\HARDWARE\Myusart.c: 1 warning, 0 errors
compiling Timeout.c...
..\HARDWARE\Timeout.c(114): warning:  #167-D: argument of type "u8 *" is incompatible with parameter of type "char *"
  		USART_SendString(
SART1,ReceiveBuff);
..\HARDWARE\Timeout.c: 1 warning, 0 errors
compiling delay.c...
compiling HDC1080.c...
compiling sys.c...
compiling main.c...
main.c(230): warning:  #167-D: argument of type "char *" is incompatible with parameter of type "u8 *"
  	OLED_ShowString(60,2,IDcard);	//更新现实IC卡号
main.c: 1 warning, 0 errors
compiling usart.c...
compiling stm32f10x_crc.c...
compiling misc.c...
compiling stm32f10x_exti.c...
compiling stm32f10x_gpio.c...
compiling stm32f10x_i2c.c...
compiling stm32f10x_sdio.c...
compiling stm32f10x_rcc.c...
compiling stm32f10x_spi.c...
compiling stm32f10x_usart.c...
compiling stm32f10x_dma.c...
compiling stm32f10x_tim.c...
linking...
Program Size: Code=11556 RO-data=2380 RW-data=2580 ZI-data=1692  
FromELF: creating hex file...
"..\OBJ\ClassDesign.axf" - 0 Error(s), 21 Warning(s).

<h2>Collection of Component include folders:</h2>
  .\RTE\_CodeDesign
  C:\Program Files (x86)\Spring Program Files(x86)\MDK4 and MDK5\ARM\PACK\Keil\STM32F1xx_DFP\2.3.0\Device\Include

<h2>Collection of Component Files used:</h2>
Build Time Elapsed:  00:00:03
</pre>
</body>
</html>
