Component: ARM Compiler 5.06 update 4 (build 422) Tool: armlink [4d35d2]

==============================================================================

Section Cross References

    system_stm32f10x.o(i.SetSysClock) refers to system_stm32f10x.o(i.SetSysClockTo72) for SetSysClockTo72
    system_stm32f10x.o(i.SystemCoreClockUpdate) refers to system_stm32f10x.o(.data) for SystemCoreClock
    system_stm32f10x.o(i.SystemInit) refers to system_stm32f10x.o(i.SetSysClock) for SetSysClock
    startup_stm32f10x_md.o(STACK) refers (Special) to heapauxi.o(.text) for __use_two_region_memory
    startup_stm32f10x_md.o(HEAP) refers (Special) to heapauxi.o(.text) for __use_two_region_memory
    startup_stm32f10x_md.o(RESET) refers (Special) to heapauxi.o(.text) for __use_two_region_memory
    startup_stm32f10x_md.o(RESET) refers to startup_stm32f10x_md.o(STACK) for __initial_sp
    startup_stm32f10x_md.o(RESET) refers to startup_stm32f10x_md.o(.text) for Reset_Handler
    startup_stm32f10x_md.o(RESET) refers to stm32f10x_it.o(i.NMI_Handler) for NMI_Handler
    startup_stm32f10x_md.o(RESET) refers to stm32f10x_it.o(i.HardFault_Handler) for HardFault_Handler
    startup_stm32f10x_md.o(RESET) refers to stm32f10x_it.o(i.MemManage_Handler) for MemManage_Handler
    startup_stm32f10x_md.o(RESET) refers to stm32f10x_it.o(i.BusFault_Handler) for BusFault_Handler
    startup_stm32f10x_md.o(RESET) refers to stm32f10x_it.o(i.UsageFault_Handler) for UsageFault_Handler
    startup_stm32f10x_md.o(RESET) refers to stm32f10x_it.o(i.SVC_Handler) for SVC_Handler
    startup_stm32f10x_md.o(RESET) refers to stm32f10x_it.o(i.DebugMon_Handler) for DebugMon_Handler
    startup_stm32f10x_md.o(RESET) refers to stm32f10x_it.o(i.PendSV_Handler) for PendSV_Handler
    startup_stm32f10x_md.o(RESET) refers to stm32f10x_it.o(i.SysTick_Handler) for SysTick_Handler
    startup_stm32f10x_md.o(RESET) refers to timeout.o(i.TIM2_IRQHandler) for TIM2_IRQHandler
    startup_stm32f10x_md.o(RESET) refers to timeout.o(i.TIM3_IRQHandler) for TIM3_IRQHandler
    startup_stm32f10x_md.o(RESET) refers to myusart.o(i.USART1_IRQHandler) for USART1_IRQHandler
    startup_stm32f10x_md.o(.text) refers (Special) to heapauxi.o(.text) for __use_two_region_memory
    startup_stm32f10x_md.o(.text) refers to system_stm32f10x.o(i.SystemInit) for SystemInit
    startup_stm32f10x_md.o(.text) refers to __main.o(!!!main) for __main
    startup_stm32f10x_md.o(.text) refers to startup_stm32f10x_md.o(HEAP) for Heap_Mem
    startup_stm32f10x_md.o(.text) refers to startup_stm32f10x_md.o(STACK) for Stack_Mem
    oled.o(i.OLED_Clear) refers to oled.o(i.OLED_WR_Byte) for OLED_WR_Byte
    oled.o(i.OLED_Display_Off) refers to oled.o(i.OLED_WR_Byte) for OLED_WR_Byte
    oled.o(i.OLED_Display_On) refers to oled.o(i.OLED_WR_Byte) for OLED_WR_Byte
    oled.o(i.OLED_DrawBMP) refers to oled.o(i.OLED_Set_Pos) for OLED_Set_Pos
    oled.o(i.OLED_DrawBMP) refers to oled.o(i.OLED_WR_Byte) for OLED_WR_Byte
    oled.o(i.OLED_Init) refers to stm32f10x_rcc.o(i.RCC_APB2PeriphClockCmd) for RCC_APB2PeriphClockCmd
    oled.o(i.OLED_Init) refers to stm32f10x_gpio.o(i.GPIO_Init) for GPIO_Init
    oled.o(i.OLED_Init) refers to stm32f10x_gpio.o(i.GPIO_SetBits) for GPIO_SetBits
    oled.o(i.OLED_Init) refers to delay.o(i.delay_ms) for delay_ms
    oled.o(i.OLED_Init) refers to stm32f10x_gpio.o(i.GPIO_ResetBits) for GPIO_ResetBits
    oled.o(i.OLED_Init) refers to oled.o(i.OLED_WR_Byte) for OLED_WR_Byte
    oled.o(i.OLED_Init) refers to oled.o(i.OLED_Clear) for OLED_Clear
    oled.o(i.OLED_Init) refers to oled.o(i.OLED_Set_Pos) for OLED_Set_Pos
    oled.o(i.OLED_Set_Pos) refers to oled.o(i.OLED_WR_Byte) for OLED_WR_Byte
    oled.o(i.OLED_ShowCHinese) refers to oled.o(i.OLED_Set_Pos) for OLED_Set_Pos
    oled.o(i.OLED_ShowCHinese) refers to oled.o(i.OLED_WR_Byte) for OLED_WR_Byte
    oled.o(i.OLED_ShowCHinese) refers to oled.o(.data) for NameStr
    oled.o(i.OLED_ShowChar) refers to oled.o(i.OLED_Set_Pos) for OLED_Set_Pos
    oled.o(i.OLED_ShowChar) refers to oled.o(i.OLED_WR_Byte) for OLED_WR_Byte
    oled.o(i.OLED_ShowChar) refers to oled.o(.constdata) for F8X16
    oled.o(i.OLED_ShowNum) refers to oled.o(i.oled_pow) for oled_pow
    oled.o(i.OLED_ShowNum) refers to oled.o(i.OLED_ShowChar) for OLED_ShowChar
    oled.o(i.OLED_ShowString) refers to oled.o(i.OLED_ShowChar) for OLED_ShowChar
    oled.o(i.OLED_WR_Byte) refers to stm32f10x_gpio.o(i.GPIO_SetBits) for GPIO_SetBits
    oled.o(i.OLED_WR_Byte) refers to stm32f10x_gpio.o(i.GPIO_ResetBits) for GPIO_ResetBits
    rc522.o(i.CalulateCRC) refers to rc522.o(i.ClearBitMask) for ClearBitMask
    rc522.o(i.CalulateCRC) refers to rc522.o(i.WriteRawRC) for WriteRawRC
    rc522.o(i.CalulateCRC) refers to rc522.o(i.SetBitMask) for SetBitMask
    rc522.o(i.CalulateCRC) refers to rc522.o(i.ReadRawRC) for ReadRawRC
    rc522.o(i.ClearBitMask) refers to rc522.o(i.ReadRawRC) for ReadRawRC
    rc522.o(i.ClearBitMask) refers to rc522.o(i.WriteRawRC) for WriteRawRC
[...]
    Removing stm32f10x_tim.o(i.TIM_OC2PreloadConfig), (26 bytes).
    Removing stm32f10x_tim.o(i.TIM_OC3FastConfig), (18 bytes).
    Removing stm32f10x_tim.o(i.TIM_OC3Init), (160 bytes).
    Removing stm32f10x_tim.o(i.TIM_OC3NPolarityConfig), (26 bytes).
    Removing stm32f10x_tim.o(i.TIM_OC3PolarityConfig), (26 bytes).
    Removing stm32f10x_tim.o(i.TIM_OC3PreloadConfig), (18 bytes).
    Removing stm32f10x_tim.o(i.TIM_OC4FastConfig), (26 bytes).
    Removing stm32f10x_tim.o(i.TIM_OC4Init), (124 bytes).
    Removing stm32f10x_tim.o(i.TIM_OC4PolarityConfig), (26 bytes).
    Removing stm32f10x_tim.o(i.TIM_OC4PreloadConfig), (26 bytes).
    Removing stm32f10x_tim.o(i.TIM_OCStructInit), (20 bytes).
    Removing stm32f10x_tim.o(i.TIM_PWMIConfig), (124 bytes).
    Removing stm32f10x_tim.o(i.TIM_PrescalerConfig), (6 bytes).
    Removing stm32f10x_tim.o(i.TIM_SelectCCDMA), (24 bytes).
    Removing stm32f10x_tim.o(i.TIM_SelectCOM), (24 bytes).
    Removing stm32f10x_tim.o(i.TIM_SelectHallSensor), (24 bytes).
    Removing stm32f10x_tim.o(i.TIM_SelectInputTrigger), (18 bytes).
    Removing stm32f10x_tim.o(i.TIM_SelectMasterSlaveMode), (18 bytes).
    Removing stm32f10x_tim.o(i.TIM_SelectOCxM), (82 bytes).
    Removing stm32f10x_tim.o(i.TIM_SelectOnePulseMode), (18 bytes).
    Removing stm32f10x_tim.o(i.TIM_SelectOutputTrigger), (18 bytes).
    Removing stm32f10x_tim.o(i.TIM_SelectSlaveMode), (18 bytes).
    Removing stm32f10x_tim.o(i.TIM_SetAutoreload), (4 bytes).
    Removing stm32f10x_tim.o(i.TIM_SetClockDivision), (18 bytes).
    Removing stm32f10x_tim.o(i.TIM_SetCompare1), (4 bytes).
    Removing stm32f10x_tim.o(i.TIM_SetCompare2), (4 bytes).
    Removing stm32f10x_tim.o(i.TIM_SetCompare3), (4 bytes).
    Removing stm32f10x_tim.o(i.TIM_SetCompare4), (6 bytes).
    Removing stm32f10x_tim.o(i.TIM_SetCounter), (4 bytes).
    Removing stm32f10x_tim.o(i.TIM_SetIC1Prescaler), (18 bytes).
    Removing stm32f10x_tim.o(i.TIM_SetIC2Prescaler), (26 bytes).
    Removing stm32f10x_tim.o(i.TIM_SetIC3Prescaler), (18 bytes).
    Removing stm32f10x_tim.o(i.TIM_SetIC4Prescaler), (26 bytes).
    Removing stm32f10x_tim.o(i.TIM_TIxExternalClockConfig), (62 bytes).
    Removing stm32f10x_tim.o(i.TIM_TimeBaseStructInit), (18 bytes).
    Removing stm32f10x_tim.o(i.TIM_UpdateDisableConfig), (24 bytes).
    Removing stm32f10x_tim.o(i.TIM_UpdateRequestConfig), (24 bytes).
    Removing stm32f10x_usart.o(i.USART_ClearFlag), (18 bytes).
    Removing stm32f10x_usart.o(i.USART_ClearITPendingBit), (30 bytes).
    Removing stm32f10x_usart.o(i.USART_ClockInit), (34 bytes).
    Removing stm32f10x_usart.o(i.USART_ClockStructInit), (12 bytes).
    Removing stm32f10x_usart.o(i.USART_DMACmd), (18 bytes).
    Removing stm32f10x_usart.o(i.USART_HalfDuplexCmd), (24 bytes).
    Removing stm32f10x_usart.o(i.USART_IrDACmd), (24 bytes).
    Removing stm32f10x_usart.o(i.USART_IrDAConfig), (18 bytes).
    Removing stm32f10x_usart.o(i.USART_LINBreakDetectLengthConfig), (18 bytes).
    Removing stm32f10x_usart.o(i.USART_LINCmd), (24 bytes).
    Removing stm32f10x_usart.o(i.USART_OneBitMethodCmd), (24 bytes).
    Removing stm32f10x_usart.o(i.USART_OverSampling8Cmd), (22 bytes).
    Removing stm32f10x_usart.o(i.USART_ReceiverWakeUpCmd), (24 bytes).
    Removing stm32f10x_usart.o(i.USART_SendBreak), (10 bytes).
    Removing stm32f10x_usart.o(i.USART_SetAddress), (18 bytes).
    Removing stm32f10x_usart.o(i.USART_SetGuardTime), (16 bytes).
    Removing stm32f10x_usart.o(i.USART_SetPrescaler), (16 bytes).
    Removing stm32f10x_usart.o(i.USART_SmartCardCmd), (24 bytes).
    Removing stm32f10x_usart.o(i.USART_SmartCardNACKCmd), (24 bytes).
    Removing stm32f10x_usart.o(i.USART_StructInit), (24 bytes).
    Removing stm32f10x_usart.o(i.USART_WakeUpConfig), (18 bytes).
    Removing stm32f10x_dma.o(i.DMA_ClearFlag), (28 bytes).
    Removing stm32f10x_dma.o(i.DMA_ClearITPendingBit), (28 bytes).
    Removing stm32f10x_dma.o(i.DMA_Cmd), (24 bytes).
    Removing stm32f10x_dma.o(i.DMA_DeInit), (332 bytes).
    Removing stm32f10x_dma.o(i.DMA_GetCurrDataCounter), (8 bytes).
    Removing stm32f10x_dma.o(i.DMA_GetFlagStatus), (44 bytes).
    Removing stm32f10x_dma.o(i.DMA_GetITStatus), (44 bytes).
    Removing stm32f10x_dma.o(i.DMA_ITConfig), (18 bytes).
    Removing stm32f10x_dma.o(i.DMA_Init), (60 bytes).
    Removing stm32f10x_dma.o(i.DMA_SetCurrDataCounter), (4 bytes).
    Removing stm32f10x_dma.o(i.DMA_StructInit), (26 bytes).

283 unused section(s) (total 10668 bytes) removed from the image.

==============================================================================

Image Symbol Table

    Local Symbols

    Symbol Name                              Value     Ov Type        Size  Object(Section)

    ../clib/angel/boardlib.s                 0x00000000   Number         0  boardshut.o ABSOLUTE
    ../clib/angel/boardlib.s                 0x00000000   Number         0  boardinit3.o ABSOLUTE
    ../clib/angel/boardlib.s                 0x00000000   Number         0  boardinit2.o ABSOLUTE
    ../clib/angel/boardlib.s                 0x00000000   Number         0  boardinit1.o ABSOLUTE
    ../clib/angel/dclz77c.s                  0x00000000   Number         0  __dclz77c.o ABSOLUTE
    ../clib/angel/handlers.s                 0x00000000   Number         0  __scatter_zi.o ABSOLUTE
    ../clib/angel/kernel.s                   0x00000000   Number         0  __rtentry2.o ABSOLUTE
    ../clib/angel/kernel.s                   0x00000000   Number         0  rtexit.o ABSOLUTE
    ../clib/angel/kernel.s                   0x00000000   Number         0  rtexit2.o ABSOLUTE
    ../clib/angel/kernel.s                   0x00000000   Number         0  __rtentry4.o ABSOLUTE
    ../clib/angel/kernel.s                   0x00000000   Number         0  __rtentry.o ABSOLUTE
    ../clib/angel/rt.s                       0x00000000   Number         0  rt_raise.o ABSOLUTE
    ../clib/angel/scatter.s                  0x00000000   Number         0  __scatter.o ABSOLUTE
    ../clib/angel/startup.s                  0x00000000   Number         0  __main.o ABSOLUTE
    ../clib/angel/sys.s                      0x00000000   Number         0  libspace.o ABSOLUTE
    ../clib/angel/sys.s                      0x00000000   Number         0  use_no_semi.o ABSOLUTE
    ../clib/angel/sys.s                      0x00000000   Number         0  use_no_semi_2.o ABSOLUTE
    ../clib/angel/sys.s                      0x00000000   Number         0  indicate_semi.o ABSOLUTE
    ../clib/angel/sys.s                      0x00000000   Number         0  sys_stackheap_outer.o ABSOLUTE
    ../clib/angel/sysapp.c                   0x00000000   Number         0  sys_command.o ABSOLUTE
    ../clib/angel/sysapp.c                   0x00000000   Number         0  sys_wrch.o ABSOLUTE
    ../clib/armsys.c                         0x00000000   Number         0  argv_veneer.o ABSOLUTE
    ../clib/armsys.c                         0x00000000   Number         0  _get_argv_nomalloc.o ABSOLUTE
    ../clib/armsys.c                         0x00000000   Number         0  no_argv.o ABSOLUTE
    ../clib/armsys.c                         0x00000000   Number         0  argv_veneer.o ABSOLUTE
    ../clib/heapalloc.c                      0x00000000   Number         0  hrguard.o ABSOLUTE
    ../clib/heapaux.c                        0x00000000   Number         0  heapauxi.o ABSOLUTE
    ../clib/libinit.s                        0x00000000   Number         0  libinit.o ABSOLUTE
    ../clib/libinit.s                        0x00000000   Number         0  libinit2.o ABSOLUTE
    ../clib/libinit.s                        0x00000000   Number         0  libshutdown.o ABSOLUTE
    ../clib/libinit.s                        0x00000000   Number         0  libshutdown2.o ABSOLUTE
    ../clib/memcpset.s                       0x00000000   Number         0  rt_memclr_w.o ABSOLUTE
    ../clib/printf.c                         0x00000000   Number         0  __printf_flags.o ABSOLUTE
    ../clib/printf.c                         0x00000000   Number         0  _printf_hex_int_ll_ptr.o ABSOLUTE
    ../clib/printf.c                         0x00000000   Number         0  _printf_hex_ll_ptr.o ABSOLUTE
    ../clib/printf.c                         0x00000000   Number         0  _printf_hex_int_ptr.o ABSOLUTE
    ../clib/printf.c                         0x00000000   Number         0  _printf_hex_ptr.o ABSOLUTE
    ../clib/printf.c                         0x00000000   Number         0  _printf_hex_int_ll.o ABSOLUTE
    ../clib/printf.c                         0x00000000   Number         0  _printf_hex_int.o ABSOLUTE
    ../clib/printf.c                         0x00000000   Number         0  _printf_hex_ll.o ABSOLUTE
    ../clib/printf.c                         0x00000000   Number         0  __2printf.o ABSOLUTE
    ../clib/printf.c                         0x00000000   Number         0  __2sprintf.o ABSOLUTE
    ../clib/printf.c                         0x00000000   Number         0  noretval__2printf.o ABSOLUTE
    ../clib/printf.c                         0x00000000   Number         0  __printf.o ABSOLUTE
    ../clib/printf.c                         0x00000000   Number         0  noretval__2sprintf.o ABSOLUTE
    ../clib/printf.c                         0x00000000   Number         0  __printf_ss.o ABSOLUTE
    ../clib/printf.c                         0x00000000   Number         0  __printf_flags_ss_wp.o ABSOLUTE
    ../clib/printf.c                         0x00000000   Number         0  __printf_ss_wp.o ABSOLUTE
    ../clib/printf.c                         0x00000000   Number         0  __printf_flags_wp.o ABSOLUTE
    ../clib/printf.c                         0x00000000   Number         0  __printf_nopercent.o ABSOLUTE
    ../clib/printf.c                         0x00000000   Number         0  __printf_wp.o ABSOLUTE
    ../clib/printf.c                         0x00000000   Number         0  _printf_char_file.o ABSOLUTE
    ../clib/printf.c                         0x00000000   Number         0  _sputc.o ABSOLUTE
    ../clib/printf.c                         0x00000000   Number         0  _printf_char_common.o ABSOLUTE
    ../clib/printf.c                         0x00000000   Number         0  _printf_intcommon.o ABSOLUTE
    ../clib/printf.c                         0x00000000   Number         0  __printf_flags_ss.o ABSOLUTE
    ../clib/printf_percent.s                 0x00000000   Number         0  _printf_percent.o ABSOLUTE
    ../clib/printf_percent.s                 0x00000000   Number         0  _printf_percent_end.o ABSOLUTE
    ../clib/printf_percent.s                 0x00000000   Number         0  _printf_x.o ABSOLUTE
    ../clib/signal.c                         0x00000000   Number         0  defsig_segv_inner.o ABSOLUTE
    ../clib/signal.c                         0x00000000   Number         0  defsig_rtred_inner.o ABSOLUTE
    ../clib/signal.c                         0x00000000   Number         0  defsig_pvfn_inner.o ABSOLUTE
    ../clib/signal.c                         0x00000000   Number         0  defsig_stak_inner.o ABSOLUTE
    ../clib/signal.c                         0x00000000   Number         0  defsig_rtmem_inner.o ABSOLUTE
    ../clib/signal.c                         0x00000000   Number         0  defsig_exit.o ABSOLUTE
    ../clib/signal.c                         0x00000000   Number         0  __raise.o ABSOLUTE
    ../clib/signal.c                         0x00000000   Number         0  defsig_general.o ABSOLUTE
    ../clib/signal.c                         0x00000000   Number         0  defsig_cppl_inner.o ABSOLUTE
    ../clib/signal.c                         0x00000000   Number         0  defsig_rtmem_formal.o ABSOLUTE
    ../clib/signal.c                         0x00000000   Number         0  defsig_abrt_inner.o ABSOLUTE
    ../clib/signal.c                         0x00000000   Number         0  defsig_rtmem_outer.o ABSOLUTE
    ../clib/signal.c                         0x00000000   Number         0  defsig_fpe_inner.o ABSOLUTE
    ../clib/signal.c                         0x00000000   Number         0  defsig_other.o ABSOLUTE
    ../clib/signal.s                         0x00000000   Number         0  defsig.o ABSOLUTE
    ../clib/stdio.c                          0x00000000   Number         0  ferror_locked.o ABSOLUTE
    ../clib/stdio.c                          0x00000000   Number         0  ferror.o ABSOLUTE
    ../clib/stdlib.c                         0x00000000   Number         0  exit.o ABSOLUTE
    ../clib/string.c                         0x00000000   Number         0  strncmp.o ABSOLUTE
    ../fplib/daddsub.s                       0x00000000   Number         0  daddsub_clz.o ABSOLUTE
    ../fplib/ddiv.s                          0x00000000   Number         0  ddiv.o ABSOLUTE
    ../fplib/dfixu.s                         0x00000000   Number         0  dfixu.o ABSOLUTE
    ../fplib/dflt.s                          0x00000000   Number         0  dflt_clz.o ABSOLUTE
    ../fplib/dmul.s                          0x00000000   Number         0  dmul.o ABSOLUTE
    ../fplib/dnaninf.s                       0x00000000   Number         0  dnaninf.o ABSOLUTE
    ../fplib/dretinf.s                       0x00000000   Number         0  dretinf.o ABSOLUTE
    ../fplib/fpinit.s                        0x00000000   Number         0  fpinit.o ABSOLUTE
    ../fplib/usenofp.s                       0x00000000   Number         0  usenofp.o ABSOLUTE
    ..\CORE\core_cm3.c                       0x00000000   Number         0  core_cm3.o ABSOLUTE
    ..\CORE\startup_stm32f10x_md.s           0x00000000   Number         0  startup_stm32f10x_md.o ABSOLUTE
    ..\CORE\stm32f10x_it.c                   0x00000000   Number         0  stm32f10x_it.o ABSOLUTE
    ..\CORE\system_stm32f10x.c               0x00000000   Number         0  system_stm32f10x.o ABSOLUTE
    ..\FWLIB\src\misc.c                      0x00000000   Number         0  misc.o ABSOLUTE
    ..\FWLIB\src\stm32f10x_crc.c             0x00000000   Number         0  stm32f10x_crc.o ABSOLUTE
    ..\FWLIB\src\stm32f10x_dma.c             0x00000000   Number         0  stm32f10x_dma.o ABSOLUTE
    ..\FWLIB\src\stm32f10x_exti.c            0x00000000   Number         0  stm32f10x_exti.o ABSOLUTE
    ..\FWLIB\src\stm32f10x_gpio.c            0x00000000   Number         0  stm32f10x_gpio.o ABSOLUTE
    ..\FWLIB\src\stm32f10x_i2c.c             0x00000000   Number         0  stm32f10x_i2c.o ABSOLUTE
    ..\FWLIB\src\stm32f10x_rcc.c             0x00000000   Number         0  stm32f10x_rcc.o ABSOLUTE
    ..\FWLIB\src\stm32f10x_sdio.c            0x00000000   Number         0  stm32f10x_sdio.o ABSOLUTE
    ..\FWLIB\src\stm32f10x_spi.c             0x00000000   Number         0  stm32f10x_spi.o ABSOLUTE
    ..\FWLIB\src\stm32f10x_tim.c             0x00000000   Number         0  stm32f10x_tim.o ABSOLUTE
    ..\FWLIB\src\stm32f10x_usart.c           0x00000000   Number         0  stm32f10x_usart.o ABSOLUTE
    ..\HARDWARE\HDC1080.c                    0x00000000   Number         0  hdc1080.o ABSOLUTE
    ..\HARDWARE\LEDandBuzz.c                 0x00000000   Number         0  ledandbuzz.o ABSOLUTE
    ..\HARDWARE\MAX7219.c                    0x00000000   Number         0  max7219.o ABSOLUTE
    ..\HARDWARE\Motor.c                      0x00000000   Number         0  motor.o ABSOLUTE
    ..\HARDWARE\Myusart.c                    0x00000000   Number         0  myusart.o ABSOLUTE
    ..\HARDWARE\OLED.c                       0x00000000   Number         0  oled.o ABSOLUTE
    ..\HARDWARE\RC522.c                      0x00000000   Number         0  rc522.o ABSOLUTE
    ..\HARDWARE\Timeout.c                    0x00000000   Number         0  timeout.o ABSOLUTE
    ..\\CORE\\core_cm3.c                     0x00000000   Number         0  core_cm3.o ABSOLUTE
    dc.s                                     0x00000000   Number         0  dc.o ABSOLUTE
    delay.c                                  0x00000000   Number         0  delay.o ABSOLUTE
    main.c                                   0x00000000   Number         0  main.o ABSOLUTE
    sys.c                                    0x00000000   Number         0  sys.o ABSOLUTE
    usart.c                                  0x00000000   Number         0  usart.o ABSOLUTE
    RESET                                    0x08000000   Section      236  startup_stm32f10x_md.o(RESET)
    !!!main                                  0x080000ec   Section        8  __main.o(!!!main)
    !!!scatter                               0x080000f4   Section       52  __scatter.o(!!!scatter)
    !!dclz77c                                0x08000128   Section      100  __dclz77c.o(!!dclz77c)
    !!handler_zi                             0x0800018c   Section       28  __scatter_zi.o(!!handler_zi)
    .ARM.Collect$$_printf_percent$$00000000  0x080001a8   Section        0  _printf_percent.o(.ARM.Collect$$_printf_percent$$00000000)
    .ARM.Collect$$_printf_percent$$0000000C  0x080001a8   Section        6  _printf_x.o(.ARM.Collect$$_printf_percent$$0000000C)
    .ARM.Collect$$_printf_percent$$00000017  0x080001ae   Section        4  _printf_percent_end.o(.ARM.Collect$$_printf_percent$$00000017)
    .ARM.Collect$$libinit$$00000000          0x080001b2   Section        2  libinit.o(.ARM.Collect$$libinit$$00000000)
    .ARM.Collect$$libinit$$00000002          0x080001b4   Section        0  libinit2.o(.ARM.Collect$$libinit$$00000002)
    .ARM.Collect$$libinit$$00000004          0x080001b4   Section        0  libinit2.o(.ARM.Collect$$libinit$$00000004)
    .ARM.Collect$$libinit$$0000000A          0x080001b4   Section        0  libinit2.o(.ARM.Collect$$libinit$$0000000A)
    .ARM.Collect$$libinit$$0000000C          0x080001b4   Section        0  libinit2.o(.ARM.Collect$$libinit$$0000000C)
    .ARM.Collect$$libinit$$0000000E          0x080001b4   Section        0  libinit2.o(.ARM.Collect$$libinit$$0000000E)
    .ARM.Collect$$libinit$$00000011          0x080001b4   Section        0  libinit2.o(.ARM.Collect$$libinit$$00000011)
    .ARM.Collect$$libinit$$00000013          0x080001b4   Section        0  libinit2.o(.ARM.Collect$$libinit$$00000013)
    .ARM.Collect$$libinit$$00000015          0x080001b4   Section        0  libinit2.o(.ARM.Collect$$libinit$$00000015)
    .ARM.Collect$$libinit$$00000017          0x080001b4   Section        0  libinit2.o(.ARM.Collect$$libinit$$00000017)
    .ARM.Collect$$libinit$$00000019          0x080001b4   Section        0  libinit2.o(.ARM.Collect$$libinit$$00000019)
    .ARM.Collect$$libinit$$0000001B          0x080001b4   Section        0  libinit2.o(.ARM.Collect$$libinit$$0000001B)
    .ARM.Collect$$libinit$$0000001D          0x080001b4   Section        0  libinit2.o(.ARM.Collect$$libinit$$0000001D)
    .ARM.Collect$$libinit$$0000001F          0x080001b4   Section        0  libinit2.o(.ARM.Collect$$libinit$$0000001F)
    .ARM.Collect$$libinit$$00000021          0x080001b4   Section        0  libinit2.o(.ARM.Collect$$libinit$$00000021)
    .ARM.Collect$$libinit$$00000023          0x080001b4   Section        0  libinit2.o(.ARM.Collect$$libinit$$00000023)
    .ARM.Collect$$libinit$$00000025          0x080001b4   Section        0  libinit2.o(.ARM.Collect$$libinit$$00000025)
    .ARM.Collect$$libinit$$0000002C          0x080001b4   Section        0  libinit2.o(.ARM.Collect$$libinit$$0000002C)
    .ARM.Collect$$libinit$$0000002E          0x080001b4   Section        0  libinit2.o(.ARM.Collect$$libinit$$0000002E)
    .ARM.Collect$$libinit$$00000030          0x080001b4   Section        0  libinit2.o(.ARM.Collect$$libinit$$00000030)
    .ARM.Collect$$libinit$$00000032          0x080001b4   Section        0  libinit2.o(.ARM.Collect$$libinit$$00000032)
    .ARM.Collect$$libinit$$00000033          0x080001b4   Section        2  libinit2.o(.ARM.Collect$$libinit$$00000033)
    .ARM.Collect$$libshutdown$$00000000      0x080001b6   Section        2  libshutdown.o(.ARM.Collect$$libshutdown$$00000000)
    .ARM.Collect$$libshutdown$$00000002      0x080001b8   Section        0  libshutdown2.o(.ARM.Collect$$libshutdown$$00000002)
    .ARM.Collect$$libshutdown$$00000004      0x080001b8   Section        0  libshutdown2.o(.ARM.Collect$$libshutdown$$00000004)
    .ARM.Collect$$libshutdown$$00000007      0x080001b8   Section        0  libshutdown2.o(.ARM.Collect$$libshutdown$$00000007)
    .ARM.Collect$$libshutdown$$0000000A      0x080001b8   Section        0  libshutdown2.o(.ARM.Collect$$libshutdown$$0000000A)
    .ARM.Collect$$libshutdown$$0000000C      0x080001b8   Section        0  libshutdown2.o(.ARM.Collect$$libshutdown$$0000000C)
    .ARM.Collect$$libshutdown$$0000000F      0x080001b8   Section        0  libshutdown2.o(.ARM.Collect$$libshutdown$$0000000F)
    .ARM.Collect$$libshutdown$$00000010      0x080001b8   Section        2  libshutdown2.o(.ARM.Collect$$libshutdown$$00000010)
    .ARM.Collect$$rtentry$$00000000          0x080001ba   Section        0  __rtentry.o(.ARM.Collect$$rtentry$$00000000)
    .ARM.Collect$$rtentry$$00000002          0x080001ba   Section        0  __rtentry2.o(.ARM.Collect$$rtentry$$00000002)
    .ARM.Collect$$rtentry$$00000004          0x080001ba   Section        6  __rtentry4.o(.ARM.Collect$$rtentry$$00000004)
    .ARM.Collect$$rtentry$$00000009          0x080001c0   Section        0  __rtentry2.o(.ARM.Collect$$rtentry$$00000009)
    .ARM.Collect$$rtentry$$0000000A          0x080001c0   Section        4  __rtentry2.o(.ARM.Collect$$rtentry$$0000000A)
    .ARM.Collect$$rtentry$$0000000C          0x080001c4   Section        0  __rtentry2.o(.ARM.Collect$$rtentry$$0000000C)
    .ARM.Collect$$rtentry$$0000000D          0x080001c4   Section        8  __rtentry2.o(.ARM.Collect$$rtentry$$0000000D)
    .ARM.Collect$$rtexit$$00000000           0x080001cc   Section        2  rtexit.o(.ARM.Collect$$rtexit$$00000000)
    .ARM.Collect$$rtexit$$00000002           0x080001ce   Section        0  rtexit2.o(.ARM.Collect$$rtexit$$00000002)
    .ARM.Collect$$rtexit$$00000003           0x080001ce   Section        4  rtexit2.o(.ARM.Collect$$rtexit$$00000003)
    .ARM.Collect$$rtexit$$00000004           0x080001d2   Section        6  rtexit2.o(.ARM.Collect$$rtexit$$00000004)
    .text                                    0x080001d8   Section       64  startup_stm32f10x_md.o(.text)
    .text                                    0x08000218   Section        2  use_no_semi_2.o(.text)
    .text                                    0x0800021c   Section        0  noretval__2printf.o(.text)
    .text                                    0x08000234   Section        0  noretval__2sprintf.o(.text)
    .text                                    0x0800025c   Section        0  __printf.o(.text)
    .text                                    0x080002c4   Section        0  _printf_hex_int.o(.text)
    .text                                    0x0800031c   Section        0  strncmp.o(.text)
    .text                                    0x080003b2   Section        0  heapauxi.o(.text)
    .text                                    0x080003b8   Section        2  use_no_semi.o(.text)
    .text                                    0x080003ba   Section        0  _printf_intcommon.o(.text)
    .text                                    0x0800046c   Section        0  _printf_char_common.o(.text)
    _printf_input_char                       0x0800046d   Thumb Code    10  _printf_char_common.o(.text)
    .text                                    0x0800049c   Section        0  _sputc.o(.text)
    .text                                    0x080004a8   Section        0  _printf_char_file.o(.text)
    .text                                    0x080004cc   Section        0  ferror.o(.text)
    .text                                    0x080004d4   Section       74  sys_stackheap_outer.o(.text)
    .text                                    0x0800051e   Section        0  exit.o(.text)
    .text                                    0x08000530   Section        8  libspace.o(.text)
    i.BUZZ_Flashing                          0x08000538   Section        0  ledandbuzz.o(i.BUZZ_Flashing)
    i.BusFault_Handler                       0x0800056c   Section        0  stm32f10x_it.o(i.BusFault_Handler)
    i.BuzzInit                               0x08000570   Section        0  ledandbuzz.o(i.BuzzInit)
    i.ClearBitMask                           0x080005a4   Section        0  rc522.o(i.ClearBitMask)
    i.DebugMon_Handler                       0x080005c0   Section        0  stm32f10x_it.o(i.DebugMon_Handler)
    i.Digitaltube_Close                      0x080005c2   Section        0  max7219.o(i.Digitaltube_Close)
    i.Digitaltube_Wait                       0x080005e6   Section        0  max7219.o(i.Digitaltube_Wait)
    i.GPIO_Init                              0x0800060a   Section        0  stm32f10x_gpio.o(i.GPIO_Init)
    i.GPIO_ResetBits                         0x08000720   Section        0  stm32f10x_gpio.o(i.GPIO_ResetBits)
    i.GPIO_SetBits                           0x08000724   Section        0  stm32f10x_gpio.o(i.GPIO_SetBits)
    i.HDC1080_Init                           0x08000728   Section        0  hdc1080.o(i.HDC1080_Init)
    i.HDC1080_ReadBuffer                     0x08000770   Section        0  hdc1080.o(i.HDC1080_ReadBuffer)
    i.HDC1080_Read_Temper                    0x080007d0   Section        0  hdc1080.o(i.HDC1080_Read_Temper)
    i.HDC1080_Setting                        0x0800083c   Section        0  hdc1080.o(i.HDC1080_Setting)
    i.HDC1080_Soft_Reset                     0x0800084e   Section        0  hdc1080.o(i.HDC1080_Soft_Reset)
    i.HDC1080_WriteBuffer                    0x08000864   Section        0  hdc1080.o(i.HDC1080_WriteBuffer)
    i.HardFault_Handler                      0x080008a6   Section        0  stm32f10x_it.o(i.HardFault_Handler)
    i.IIC_Ack                                0x080008ac   Section        0  hdc1080.o(i.IIC_Ack)
    i.IIC_NAck                               0x080008fc   Section        0  hdc1080.o(i.IIC_NAck)
    i.IIC_Read_Byte                          0x0800094c   Section        0  hdc1080.o(i.IIC_Read_Byte)
    i.IIC_Send_Byte                          0x080009bc   Section        0  hdc1080.o(i.IIC_Send_Byte)
    i.IIC_Start                              0x08000a24   Section        0  hdc1080.o(i.IIC_Start)
    i.IIC_Stop                               0x08000a70   Section        0  hdc1080.o(i.IIC_Stop)
    i.IIC_Wait_Ack                           0x08000abc   Section        0  hdc1080.o(i.IIC_Wait_Ack)
    i.LED_Flashing                           0x08000b20   Section        0  ledandbuzz.o(i.LED_Flashing)
    i.LedTurnOFF                             0x08000b4c   Section        0  ledandbuzz.o(i.LedTurnOFF)
    i.LedTurnON                              0x08000b80   Section        0  ledandbuzz.o(i.LedTurnON)
    i.MAX7219_Init                           0x08000bb4   Section        0  max7219.o(i.MAX7219_Init)
    i.MemManage_Handler                      0x08000c24   Section        0  stm32f10x_it.o(i.MemManage_Handler)
    i.MotorInit                              0x08000c28   Section        0  motor.o(i.MotorInit)
    i.Motor_close                            0x08000c60   Section        0  motor.o(i.Motor_close)
    i.Motor_open                             0x08000d14   Section        0  motor.o(i.Motor_open)
    i.MyusartInit                            0x08000dcc   Section        0  myusart.o(i.MyusartInit)
    i.NMI_Handler                            0x08000e74   Section        0  stm32f10x_it.o(i.NMI_Handler)
    i.NVIC_Configuration                     0x08000e76   Section        0  sys.o(i.NVIC_Configuration)
    i.NVIC_Init                              0x08000e84   Section        0  misc.o(i.NVIC_Init)
    i.NVIC_PriorityGroupConfig               0x08000ef4   Section        0  misc.o(i.NVIC_PriorityGroupConfig)
    i.OLED_Clear                             0x08000f08   Section        0  oled.o(i.OLED_Clear)
    i.OLED_DisplayInit                       0x08000f48   Section        0  main.o(i.OLED_DisplayInit)
    i.OLED_Init                              0x08000f98   Section        0  oled.o(i.OLED_Init)
    i.OLED_Set_Pos                           0x08001110   Section        0  oled.o(i.OLED_Set_Pos)
    i.OLED_ShowCHinese                       0x08001140   Section        0  oled.o(i.OLED_ShowCHinese)
    i.OLED_ShowChar                          0x080011a8   Section        0  oled.o(i.OLED_ShowChar)
    i.OLED_ShowString                        0x08001218   Section        0  oled.o(i.OLED_ShowString)
    i.OLED_WR_Byte                           0x08001250   Section        0  oled.o(i.OLED_WR_Byte)
    i.PcdAntennaOff                          0x080012c4   Section        0  rc522.o(i.PcdAntennaOff)
    i.PcdAntennaOn                           0x080012d0   Section        0  rc522.o(i.PcdAntennaOn)
    i.PcdAnticoll                            0x080012ea   Section        0  rc522.o(i.PcdAnticoll)
    i.PcdComMF522                            0x0800135a   Section        0  rc522.o(i.PcdComMF522)
    i.PcdRequest                             0x0800148c   Section        0  rc522.o(i.PcdRequest)
    i.PcdReset                               0x080014e0   Section        0  rc522.o(i.PcdReset)
    i.PendSV_Handler                         0x08001554   Section        0  stm32f10x_it.o(i.PendSV_Handler)
    i.RC522_Init                             0x08001558   Section        0  rc522.o(i.RC522_Init)
    i.RCC_APB1PeriphClockCmd                 0x080015a4   Section        0  stm32f10x_rcc.o(i.RCC_APB1PeriphClockCmd)
    i.RCC_APB1PeriphResetCmd                 0x080015c4   Section        0  stm32f10x_rcc.o(i.RCC_APB1PeriphResetCmd)
    i.RCC_APB2PeriphClockCmd                 0x080015e4   Section        0  stm32f10x_rcc.o(i.RCC_APB2PeriphClockCmd)
    i.RCC_APB2PeriphResetCmd                 0x08001604   Section        0  stm32f10x_rcc.o(i.RCC_APB2PeriphResetCmd)
    i.RCC_GetClocksFreq                      0x08001624   Section        0  stm32f10x_rcc.o(i.RCC_GetClocksFreq)
    i.RFID_DisplayUpdata                     0x080016f8   Section        0  main.o(i.RFID_DisplayUpdata)
    i.RFID_Search                            0x08001924   Section        0  rc522.o(i.RFID_Search)
    i.RGBledInit                             0x080019a4   Section        0  ledandbuzz.o(i.RGBledInit)
    i.ReadRawRC                              0x08001a00   Section        0  rc522.o(i.ReadRawRC)
    i.SVC_Handler                            0x08001a94   Section        0  stm32f10x_it.o(i.SVC_Handler)
    i.SetBitMask                             0x08001a96   Section        0  rc522.o(i.SetBitMask)
    i.SetSysClock                            0x08001ab2   Section        0  system_stm32f10x.o(i.SetSysClock)
    SetSysClock                              0x08001ab3   Thumb Code     8  system_stm32f10x.o(i.SetSysClock)
    i.SetSysClockTo72                        0x08001abc   Section        0  system_stm32f10x.o(i.SetSysClockTo72)
    SetSysClockTo72                          0x08001abd   Thumb Code   214  system_stm32f10x.o(i.SetSysClockTo72)
    i.SysTick_CLKSourceConfig                0x08001b9c   Section        0  misc.o(i.SysTick_CLKSourceConfig)
    i.SysTick_Handler                        0x08001bc4   Section        0  stm32f10x_it.o(i.SysTick_Handler)
    i.SystemInit                             0x08001bc8   Section        0  system_stm32f10x.o(i.SystemInit)
    i.TIM2_IRQHandler                        0x08001c28   Section        0  timeout.o(i.TIM2_IRQHandler)
    i.TIM3_IRQHandler                        0x08001c64   Section        0  timeout.o(i.TIM3_IRQHandler)
    i.TIM_ClearITPendingBit                  0x08001cb4   Section        0  stm32f10x_tim.o(i.TIM_ClearITPendingBit)
    i.TIM_Cmd                                0x08001cba   Section        0  stm32f10x_tim.o(i.TIM_Cmd)
    i.TIM_GetITStatus                        0x08001cd2   Section        0  stm32f10x_tim.o(i.TIM_GetITStatus)
    i.TIM_ITConfig                           0x08001cf4   Section        0  stm32f10x_tim.o(i.TIM_ITConfig)
    i.TIM_TimeBaseInit                       0x08001d08   Section        0  stm32f10x_tim.o(i.TIM_TimeBaseInit)
    i.Temperature_DisplayUpdata              0x08001dac   Section        0  max7219.o(i.Temperature_DisplayUpdata)
    i.Timeout_Init                           0x08001e40   Section        0  timeout.o(i.Timeout_Init)
    i.USART1_IRQHandler                      0x08001ea4   Section        0  myusart.o(i.USART1_IRQHandler)
    i.USART_Cmd                              0x08001f40   Section        0  stm32f10x_usart.o(i.USART_Cmd)
    i.USART_DeInit                           0x08001f58   Section        0  stm32f10x_usart.o(i.USART_DeInit)
    i.USART_GetFlagStatus                    0x08001ff4   Section        0  stm32f10x_usart.o(i.USART_GetFlagStatus)
    i.USART_GetITStatus                      0x0800200e   Section        0  stm32f10x_usart.o(i.USART_GetITStatus)
    i.USART_ITConfig                         0x08002062   Section        0  stm32f10x_usart.o(i.USART_ITConfig)
    i.USART_Init                             0x080020ac   Section        0  stm32f10x_usart.o(i.USART_Init)
    i.USART_ReceiveData                      0x08002184   Section        0  stm32f10x_usart.o(i.USART_ReceiveData)
    i.USART_SendData                         0x0800218e   Section        0  stm32f10x_usart.o(i.USART_SendData)
    i.USART_SendString                       0x08002196   Section        0  myusart.o(i.USART_SendString)
    i.UsageFault_Handler                     0x080021c2   Section        0  stm32f10x_it.o(i.UsageFault_Handler)
    i.UsartTimeout_Init                      0x080021c6   Section        0  timeout.o(i.UsartTimeout_Init)
    i.Write7219                              0x08002224   Section        0  max7219.o(i.Write7219)
    i.WriteRawRC                             0x080022d0   Section        0  rc522.o(i.WriteRawRC)
    i._sys_exit                              0x08002360   Section        0  usart.o(i._sys_exit)
    i.delay_init                             0x08002364   Section        0  delay.o(i.delay_init)
    i.delay_ms                               0x080023a8   Section        0  delay.o(i.delay_ms)
    i.delay_us                               0x080023f4   Section        0  delay.o(i.delay_us)
    i.fputc                                  0x08002440   Section        0  usart.o(i.fputc)
    i.main                                   0x0800245c   Section        0  main.o(i.main)
    x$fpl$dadd                               0x080025b8   Section      336  daddsub_clz.o(x$fpl$dadd)
    _dadd1                                   0x080025c9   Thumb Code     0  daddsub_clz.o(x$fpl$dadd)
    x$fpl$ddiv                               0x08002708   Section      688  ddiv.o(x$fpl$ddiv)
    ddiv_entry                               0x0800270f   Thumb Code     0  ddiv.o(x$fpl$ddiv)
    x$fpl$dfixu                              0x080029b8   Section       90  dfixu.o(x$fpl$dfixu)
    x$fpl$dflt                               0x08002a12   Section       46  dflt_clz.o(x$fpl$dflt)
    x$fpl$dmul                               0x08002a40   Section      340  dmul.o(x$fpl$dmul)
    x$fpl$dnaninf                            0x08002b94   Section      156  dnaninf.o(x$fpl$dnaninf)
    x$fpl$dretinf                            0x08002c30   Section       12  dretinf.o(x$fpl$dretinf)
    x$fpl$dsub                               0x08002c3c   Section      468  daddsub_clz.o(x$fpl$dsub)
    _dsub1                                   0x08002c4d   Thumb Code     0  daddsub_clz.o(x$fpl$dsub)
    .constdata                               0x08002e10   Section     2072  oled.o(.constdata)
    x$fpl$usenofp                            0x08002e10   Section        0  usenofp.o(x$fpl$usenofp)
    .constdata                               0x08003628   Section       40  _printf_hex_int.o(.constdata)
    uc_hextab                                0x08003628   Data          20  _printf_hex_int.o(.constdata)
    lc_hextab                                0x0800363c   Data          20  _printf_hex_int.o(.constdata)
    .data                                    0x20000000   Section       20  system_stm32f10x.o(.data)
    .data                                    0x20000014   Section     2432  oled.o(.data)
    .data                                    0x20000994   Section       10  max7219.o(.data)
    .data                                    0x2000099e   Section        4  motor.o(.data)
    .data                                    0x200009a2   Section        3  myusart.o(.data)
    .data                                    0x200009a5   Section        4  timeout.o(.data)
    .data                                    0x200009aa   Section        4  delay.o(.data)
    fac_us                                   0x200009aa   Data           1  delay.o(.data)
    fac_ms                                   0x200009ac   Data           2  delay.o(.data)
    .data                                    0x200009ae   Section       75  main.o(.data)
    .data                                    0x200009fc   Section        4  usart.o(.data)
    .data                                    0x20000a00   Section       20  stm32f10x_rcc.o(.data)
    APBAHBPrescTable                         0x20000a00   Data          16  stm32f10x_rcc.o(.data)
    ADCPrescTable                            0x20000a10   Data           4  stm32f10x_rcc.o(.data)
    .bss                                     0x20000a14   Section       50  myusart.o(.bss)
    .bss                                     0x20000a46   Section       10  main.o(.bss)
    .bss                                     0x20000a50   Section       96  libspace.o(.bss)
    HEAP                                     0x20000ab0   Section      512  startup_stm32f10x_md.o(HEAP)
    Heap_Mem                                 0x20000ab0   Data         512  startup_stm32f10x_md.o(HEAP)
    STACK                                    0x20000cb0   Section     1024  startup_stm32f10x_md.o(STACK)
    Stack_Mem                                0x20000cb0   Data        1024  startup_stm32f10x_md.o(STACK)
    __initial_sp                             0x200010b0   Data           0  startup_stm32f10x_md.o(STACK)

    Global Symbols

    Symbol Name                              Value     Ov Type        Size  Object(Section)

    BuildAttributes$$THM_ISAv4$P$D$K$B$S$PE$A:L22UL41UL21$X:L11$S22US41US21$IEEE1$IW$USESV6$~STKCKD$USESV7$~SHL$OSPACE$ROPI$EBA8$UX$STANDARDLIB$REQ8$PRES8$EABIv2 0x00000000   Number         0  anon$$obj.o ABSOLUTE
    __ARM_use_no_argv                        0x00000000   Number         0  main.o ABSOLUTE
    __ARM_exceptions_init                     - Undefined Weak Reference
    __alloca_initialize                       - Undefined Weak Reference
    __arm_preinit_                            - Undefined Weak Reference
    __cpp_initialize__aeabi_                  - Undefined Weak Reference
    __cxa_finalize                            - Undefined Weak Reference
    __rt_locale                               - Undefined Weak Reference
    __sigvec_lookup                           - Undefined Weak Reference
    _atexit_init                              - Undefined Weak Reference
    _call_atexit_fns                          - Undefined Weak Reference
    _clock_init                               - Undefined Weak Reference
    _fp_trap_init                             - Undefined Weak Reference
    _fp_trap_shutdown                         - Undefined Weak Reference
    _get_lc_collate                           - Undefined Weak Reference
    _get_lc_ctype                             - Undefined Weak Reference
    _get_lc_monetary                          - Undefined Weak Reference
    _get_lc_numeric                           - Undefined Weak Reference
    _get_lc_time                              - Undefined Weak Reference
    _getenv_init                              - Undefined Weak Reference
    _handle_redirection                       - Undefined Weak Reference
    _init_alloc                               - Undefined Weak Reference
    _init_user_alloc                          - Undefined Weak Reference
    _initio                                   - Undefined Weak Reference
    _mutex_acquire                            - Undefined Weak Reference
    _mutex_release                            - Undefined Weak Reference
    _printf_post_padding                      - Undefined Weak Reference
    _printf_pre_padding                       - Undefined Weak Reference
    _printf_truncate_unsigned                 - Undefined Weak Reference
    _rand_init                                - Undefined Weak Reference
    _signal_finish                            - Undefined Weak Reference
    _signal_init                              - Undefined Weak Reference
    _terminate_alloc                          - Undefined Weak Reference
    _terminate_user_alloc                     - Undefined Weak Reference
    _terminateio                              - Undefined Weak Reference
    __Vectors_Size                           0x000000ec   Number         0  startup_stm32f10x_md.o ABSOLUTE
    __Vectors                                0x08000000   Data           4  startup_stm32f10x_md.o(RESET)
    __Vectors_End                            0x080000ec   Data           0  startup_stm32f10x_md.o(RESET)
    __main                                   0x080000ed   Thumb Code     8  __main.o(!!!main)
    __scatterload                            0x080000f5   Thumb Code     0  __scatter.o(!!!scatter)
    __scatterload_rt2                        0x080000f5   Thumb Code    44  __scatter.o(!!!scatter)
    __scatterload_rt2_thumb_only             0x080000f5   Thumb Code     0  __scatter.o(!!!scatter)
    __scatterload_null                       0x08000103   Thumb Code     0  __scatter.o(!!!scatter)
    __decompress                             0x08000129   Thumb Code   100  __dclz77c.o(!!dclz77c)
    __decompress2                            0x08000129   Thumb Code     0  __dclz77c.o(!!dclz77c)
    __scatterload_zeroinit                   0x0800018d   Thumb Code    28  __scatter_zi.o(!!handler_zi)
    _printf_percent                          0x080001a9   Thumb Code     0  _printf_percent.o(.ARM.Collect$$_printf_percent$$00000000)
    _printf_x                                0x080001a9   Thumb Code     0  _printf_x.o(.ARM.Collect$$_printf_percent$$0000000C)
    _printf_percent_end                      0x080001af   Thumb Code     0  _printf_percent_end.o(.ARM.Collect$$_printf_percent$$00000017)
    __rt_lib_init                            0x080001b3   Thumb Code     0  libinit.o(.ARM.Collect$$libinit$$00000000)
    __rt_lib_init_alloca_1                   0x080001b5   Thumb Code     0  libinit2.o(.ARM.Collect$$libinit$$0000002E)
    __rt_lib_init_argv_1                     0x080001b5   Thumb Code     0  libinit2.o(.ARM.Collect$$libinit$$0000002C)
    __rt_lib_init_atexit_1                   0x080001b5   Thumb Code     0  libinit2.o(.ARM.Collect$$libinit$$0000001B)
    __rt_lib_init_clock_1                    0x080001b5   Thumb Code     0  libinit2.o(.ARM.Collect$$libinit$$00000021)
    __rt_lib_init_cpp_1                      0x080001b5   Thumb Code     0  libinit2.o(.ARM.Collect$$libinit$$00000032)
    __rt_lib_init_exceptions_1               0x080001b5   Thumb Code     0  libinit2.o(.ARM.Collect$$libinit$$00000030)
    __rt_lib_init_fp_1                       0x080001b5   Thumb Code     0  libinit2.o(.ARM.Collect$$libinit$$00000002)
    __rt_lib_init_fp_trap_1                  0x080001b5   Thumb Code     0  libinit2.o(.ARM.Collect$$libinit$$0000001F)
    __rt_lib_init_getenv_1                   0x080001b5   Thumb Code     0  libinit2.o(.ARM.Collect$$libinit$$00000023)
    __rt_lib_init_heap_1                     0x080001b5   Thumb Code     0  libinit2.o(.ARM.Collect$$libinit$$0000000A)
    __rt_lib_init_lc_collate_1               0x080001b5   Thumb Code     0  libinit2.o(.ARM.Collect$$libinit$$00000011)
    __rt_lib_init_lc_ctype_1                 0x080001b5   Thumb Code     0  libinit2.o(.ARM.Collect$$libinit$$00000013)
    __rt_lib_init_lc_monetary_1              0x080001b5   Thumb Code     0  libinit2.o(.ARM.Collect$$libinit$$00000015)
    __rt_lib_init_lc_numeric_1               0x080001b5   Thumb Code     0  libinit2.o(.ARM.Collect$$libinit$$00000017)
    __rt_lib_init_lc_time_1                  0x080001b5   Thumb Code     0  libinit2.o(.ARM.Collect$$libinit$$00000019)
    __rt_lib_init_preinit_1                  0x080001b5   Thumb Code     0  libinit2.o(.ARM.Collect$$libinit$$00000004)
    __rt_lib_init_rand_1                     0x080001b5   Thumb Code     0  libinit2.o(.ARM.Collect$$libinit$$0000000E)
    __rt_lib_init_return                     0x080001b5   Thumb Code     0  libinit2.o(.ARM.Collect$$libinit$$00000033)
    __rt_lib_init_signal_1                   0x080001b5   Thumb Code     0  libinit2.o(.ARM.Collect$$libinit$$0000001D)
    __rt_lib_init_stdio_1                    0x080001b5   Thumb Code     0  libinit2.o(.ARM.Collect$$libinit$$00000025)
    __rt_lib_init_user_alloc_1               0x080001b5   Thumb Code     0  libinit2.o(.ARM.Collect$$libinit$$0000000C)
    __rt_lib_shutdown                        0x080001b7   Thumb Code     0  libshutdown.o(.ARM.Collect$$libshutdown$$00000000)
    __rt_lib_shutdown_cpp_1                  0x080001b9   Thumb Code     0  libshutdown2.o(.ARM.Collect$$libshutdown$$00000002)
    __rt_lib_shutdown_fp_trap_1              0x080001b9   Thumb Code     0  libshutdown2.o(.ARM.Collect$$libshutdown$$00000007)
    __rt_lib_shutdown_heap_1                 0x080001b9   Thumb Code     0  libshutdown2.o(.ARM.Collect$$libshutdown$$0000000F)
    __rt_lib_shutdown_return                 0x080001b9   Thumb Code     0  libshutdown2.o(.ARM.Collect$$libshutdown$$00000010)
    __rt_lib_shutdown_signal_1               0x080001b9   Thumb Code     0  libshutdown2.o(.ARM.Collect$$libshutdown$$0000000A)
    __rt_lib_shutdown_stdio_1                0x080001b9   Thumb Code     0  libshutdown2.o(.ARM.Collect$$libshutdown$$00000004)
    __rt_lib_shutdown_user_alloc_1           0x080001b9   Thumb Code     0  libshutdown2.o(.ARM.Collect$$libshutdown$$0000000C)
    __rt_entry                               0x080001bb   Thumb Code     0  __rtentry.o(.ARM.Collect$$rtentry$$00000000)
    __rt_entry_presh_1                       0x080001bb   Thumb Code     0  __rtentry2.o(.ARM.Collect$$rtentry$$00000002)
    __rt_entry_sh                            0x080001bb   Thumb Code     0  __rtentry4.o(.ARM.Collect$$rtentry$$00000004)
    __rt_entry_li                            0x080001c1   Thumb Code     0  __rtentry2.o(.ARM.Collect$$rtentry$$0000000A)
    __rt_entry_postsh_1                      0x080001c1   Thumb Code     0  __rtentry2.o(.ARM.Collect$$rtentry$$00000009)
    __rt_entry_main                          0x080001c5   Thumb Code     0  __rtentry2.o(.ARM.Collect$$rtentry$$0000000D)
    __rt_entry_postli_1                      0x080001c5   Thumb Code     0  __rtentry2.o(.ARM.Collect$$rtentry$$0000000C)
    __rt_exit                                0x080001cd   Thumb Code     0  rtexit.o(.ARM.Collect$$rtexit$$00000000)
    __rt_exit_ls                             0x080001cf   Thumb Code     0  rtexit2.o(.ARM.Collect$$rtexit$$00000003)
    __rt_exit_prels_1                        0x080001cf   Thumb Code     0  rtexit2.o(.ARM.Collect$$rtexit$$00000002)
    __rt_exit_exit                           0x080001d3   Thumb Code     0  rtexit2.o(.ARM.Collect$$rtexit$$00000004)
    Reset_Handler                            0x080001d9   Thumb Code     8  startup_stm32f10x_md.o(.text)
    ADC1_2_IRQHandler                        0x080001f3   Thumb Code     0  startup_stm32f10x_md.o(.text)
    CAN1_RX1_IRQHandler                      0x080001f3   Thumb Code     0  startup_stm32f10x_md.o(.text)
    CAN1_SCE_IRQHandler                      0x080001f3   Thumb Code     0  startup_stm32f10x_md.o(.text)
    DMA1_Channel1_IRQHandler                 0x080001f3   Thumb Code     0  startup_stm32f10x_md.o(.text)
    DMA1_Channel2_IRQHandler                 0x080001f3   Thumb Code     0  startup_stm32f10x_md.o(.text)
    DMA1_Channel3_IRQHandler                 0x080001f3   Thumb Code     0  startup_stm32f10x_md.o(.text)
    DMA1_Channel4_IRQHandler                 0x080001f3   Thumb Code     0  startup_stm32f10x_md.o(.text)
    DMA1_Channel5_IRQHandler                 0x080001f3   Thumb Code     0  startup_stm32f10x_md.o(.text)
    DMA1_Channel6_IRQHandler                 0x080001f3   Thumb Code     0  startup_stm32f10x_md.o(.text)
    DMA1_Channel7_IRQHandler                 0x080001f3   Thumb Code     0  startup_stm32f10x_md.o(.text)
    EXTI0_IRQHandler                         0x080001f3   Thumb Code     0  startup_stm32f10x_md.o(.text)
    EXTI15_10_IRQHandler                     0x080001f3   Thumb Code     0  startup_stm32f10x_md.o(.text)
    EXTI1_IRQHandler                         0x080001f3   Thumb Code     0  startup_stm32f10x_md.o(.text)
    EXTI2_IRQHandler                         0x080001f3   Thumb Code     0  startup_stm32f10x_md.o(.text)
    EXTI3_IRQHandler                         0x080001f3   Thumb Code     0  startup_stm32f10x_md.o(.text)
    EXTI4_IRQHandler                         0x080001f3   Thumb Code     0  startup_stm32f10x_md.o(.text)
    EXTI9_5_IRQHandler                       0x080001f3   Thumb Code     0  startup_stm32f10x_md.o(.text)
    FLASH_IRQHandler                         0x080001f3   Thumb Code     0  startup_stm32f10x_md.o(.text)
    I2C1_ER_IRQHandler                       0x080001f3   Thumb Code     0  startup_stm32f10x_md.o(.text)
    I2C1_EV_IRQHandler                       0x080001f3   Thumb Code     0  startup_stm32f10x_md.o(.text)
    I2C2_ER_IRQHandler                       0x080001f3   Thumb Code     0  startup_stm32f10x_md.o(.text)
    I2C2_EV_IRQHandler                       0x080001f3   Thumb Code     0  startup_stm32f10x_md.o(.text)
    PVD_IRQHandler                           0x080001f3   Thumb Code     0  startup_stm32f10x_md.o(.text)
    RCC_IRQHandler                           0x080001f3   Thumb Code     0  startup_stm32f10x_md.o(.text)
    RTCAlarm_IRQHandler                      0x080001f3   Thumb Code     0  startup_stm32f10x_md.o(.text)
    RTC_IRQHandler                           0x080001f3   Thumb Code     0  startup_stm32f10x_md.o(.text)
    SPI1_IRQHandler                          0x080001f3   Thumb Code     0  startup_stm32f10x_md.o(.text)
    SPI2_IRQHandler                          0x080001f3   Thumb Code     0  startup_stm32f10x_md.o(.text)
    TAMPER_IRQHandler                        0x080001f3   Thumb Code     0  startup_stm32f10x_md.o(.text)
    TIM1_BRK_IRQHandler                      0x080001f3   Thumb Code     0  startup_stm32f10x_md.o(.text)
    TIM1_CC_IRQHandler                       0x080001f3   Thumb Code     0  startup_stm32f10x_md.o(.text)
    TIM1_TRG_COM_IRQHandler                  0x080001f3   Thumb Code     0  startup_stm32f10x_md.o(.text)
    TIM1_UP_IRQHandler                       0x080001f3   Thumb Code     0  startup_stm32f10x_md.o(.text)
    TIM4_IRQHandler                          0x080001f3   Thumb Code     0  startup_stm32f10x_md.o(.text)
    USART2_IRQHandler                        0x080001f3   Thumb Code     0  startup_stm32f10x_md.o(.text)
    USART3_IRQHandler                        0x080001f3   Thumb Code     0  startup_stm32f10x_md.o(.text)
    USBWakeUp_IRQHandler                     0x080001f3   Thumb Code     0  startup_stm32f10x_md.o(.text)
    USB_HP_CAN1_TX_IRQHandler                0x080001f3   Thumb Code     0  startup_stm32f10x_md.o(.text)
    USB_LP_CAN1_RX0_IRQHandler               0x080001f3   Thumb Code     0  startup_stm32f10x_md.o(.text)
    WWDG_IRQHandler                          0x080001f3   Thumb Code     0  startup_stm32f10x_md.o(.text)
    __user_initial_stackheap                 0x080001f5   Thumb Code     0  startup_stm32f10x_md.o(.text)
    __use_no_semihosting                     0x08000219   Thumb Code     2  use_no_semi_2.o(.text)
    __2printf                                0x0800021d   Thumb Code    20  noretval__2printf.o(.text)
    __2sprintf                               0x08000235   Thumb Code    34  noretval__2sprintf.o(.text)
    __printf                                 0x0800025d   Thumb Code   104  __printf.o(.text)
    _printf_int_hex                          0x080002c5   Thumb Code    84  _printf_hex_int.o(.text)
    _printf_longlong_hex                     0x080002c5   Thumb Code     0  _printf_hex_int.o(.text)
    strncmp                                  0x0800031d   Thumb Code   150  strncmp.o(.text)
    __use_two_region_memory                  0x080003b3   Thumb Code     2  heapauxi.o(.text)
    __rt_heap_escrow$2region                 0x080003b5   Thumb Code     2  heapauxi.o(.text)
    __rt_heap_expand$2region                 0x080003b7   Thumb Code     2  heapauxi.o(.text)
    __I$use$semihosting                      0x080003b9   Thumb Code     0  use_no_semi.o(.text)
    __use_no_semihosting_swi                 0x080003b9   Thumb Code     2  use_no_semi.o(.text)
    _printf_int_common                       0x080003bb   Thumb Code   178  _printf_intcommon.o(.text)
    _printf_char_common                      0x08000477   Thumb Code    32  _printf_char_common.o(.text)
    _sputc                                   0x0800049d   Thumb Code    10  _sputc.o(.text)
    _printf_char_file                        0x080004a9   Thumb Code    32  _printf_char_file.o(.text)
    ferror                                   0x080004cd   Thumb Code     8  ferror.o(.text)
    __user_setup_stackheap                   0x080004d5   Thumb Code    74  sys_stackheap_outer.o(.text)
    exit                                     0x0800051f   Thumb Code    18  exit.o(.text)
    __user_libspace                          0x08000531   Thumb Code     8  libspace.o(.text)
    __user_perproc_libspace                  0x08000531   Thumb Code     0  libspace.o(.text)
    __user_perthread_libspace                0x08000531   Thumb Code     0  libspace.o(.text)
    BUZZ_Flashing                            0x08000539   Thumb Code    42  ledandbuzz.o(i.BUZZ_Flashing)
    BusFault_Handler                         0x0800056d   Thumb Code     4  stm32f10x_it.o(i.BusFault_Handler)
    BuzzInit                                 0x08000571   Thumb Code    46  ledandbuzz.o(i.BuzzInit)
    ClearBitMask                             0x080005a5   Thumb Code    28  rc522.o(i.ClearBitMask)
    DebugMon_Handler                         0x080005c1   Thumb Code     2  stm32f10x_it.o(i.DebugMon_Handler)
    Digitaltube_Close                        0x080005c3   Thumb Code    36  max7219.o(i.Digitaltube_Close)
    Digitaltube_Wait                         0x080005e7   Thumb Code    36  max7219.o(i.Digitaltube_Wait)
    GPIO_Init                                0x0800060b   Thumb Code   278  stm32f10x_gpio.o(i.GPIO_Init)
    GPIO_ResetBits                           0x08000721   Thumb Code     4  stm32f10x_gpio.o(i.GPIO_ResetBits)
    GPIO_SetBits                             0x08000725   Thumb Code     4  stm32f10x_gpio.o(i.GPIO_SetBits)
    HDC1080_Init                             0x08000729   Thumb Code    60  hdc1080.o(i.HDC1080_Init)
    HDC1080_ReadBuffer                       0x08000771   Thumb Code    96  hdc1080.o(i.HDC1080_ReadBuffer)
    HDC1080_Read_Temper                      0x080007d1   Thumb Code    90  hdc1080.o(i.HDC1080_Read_Temper)
    HDC1080_Setting                          0x0800083d   Thumb Code    18  hdc1080.o(i.HDC1080_Setting)
    HDC1080_Soft_Reset                       0x0800084f   Thumb Code    22  hdc1080.o(i.HDC1080_Soft_Reset)
    HDC1080_WriteBuffer                      0x08000865   Thumb Code    66  hdc1080.o(i.HDC1080_WriteBuffer)
    HardFault_Handler                        0x080008a7   Thumb Code     4  stm32f10x_it.o(i.HardFault_Handler)
    IIC_Ack                                  0x080008ad   Thumb Code    66  hdc1080.o(i.IIC_Ack)
    IIC_NAck                                 0x080008fd   Thumb Code    66  hdc1080.o(i.IIC_NAck)
    IIC_Read_Byte                            0x0800094d   Thumb Code    98  hdc1080.o(i.IIC_Read_Byte)
    IIC_Send_Byte                            0x080009bd   Thumb Code    90  hdc1080.o(i.IIC_Send_Byte)
    IIC_Start                                0x08000a25   Thumb Code    64  hdc1080.o(i.IIC_Start)
    IIC_Stop                                 0x08000a71   Thumb Code    62  hdc1080.o(i.IIC_Stop)
    IIC_Wait_Ack                             0x08000abd   Thumb Code    86  hdc1080.o(i.IIC_Wait_Ack)
    LED_Flashing                             0x08000b21   Thumb Code    42  ledandbuzz.o(i.LED_Flashing)
    LedTurnOFF                               0x08000b4d   Thumb Code    44  ledandbuzz.o(i.LedTurnOFF)
    LedTurnON                                0x08000b81   Thumb Code    44  ledandbuzz.o(i.LedTurnON)
    MAX7219_Init                             0x08000bb5   Thumb Code   102  max7219.o(i.MAX7219_Init)
    MemManage_Handler                        0x08000c25   Thumb Code     4  stm32f10x_it.o(i.MemManage_Handler)
    MotorInit                                0x08000c29   Thumb Code    50  motor.o(i.MotorInit)
    Motor_close                              0x08000c61   Thumb Code   164  motor.o(i.Motor_close)
    Motor_open                               0x08000d15   Thumb Code   168  motor.o(i.Motor_open)
    MyusartInit                              0x08000dcd   Thumb Code   158  myusart.o(i.MyusartInit)
    NMI_Handler                              0x08000e75   Thumb Code     2  stm32f10x_it.o(i.NMI_Handler)
    NVIC_Configuration                       0x08000e77   Thumb Code    12  sys.o(i.NVIC_Configuration)
    NVIC_Init                                0x08000e85   Thumb Code   100  misc.o(i.NVIC_Init)
    NVIC_PriorityGroupConfig                 0x08000ef5   Thumb Code    10  misc.o(i.NVIC_PriorityGroupConfig)
    OLED_Clear                               0x08000f09   Thumb Code    64  oled.o(i.OLED_Clear)
    OLED_DisplayInit                         0x08000f49   Thumb Code    68  main.o(i.OLED_DisplayInit)
    OLED_Init                                0x08000f99   Thumb Code   368  oled.o(i.OLED_Init)
    OLED_Set_Pos                             0x08001111   Thumb Code    46  oled.o(i.OLED_Set_Pos)
    OLED_ShowCHinese                         0x08001141   Thumb Code    98  oled.o(i.OLED_ShowCHinese)
    OLED_ShowChar                            0x080011a9   Thumb Code   106  oled.o(i.OLED_ShowChar)
    OLED_ShowString                          0x08001219   Thumb Code    54  oled.o(i.OLED_ShowString)
    OLED_WR_Byte                             0x08001251   Thumb Code   108  oled.o(i.OLED_WR_Byte)
    PcdAntennaOff                            0x080012c5   Thumb Code    12  rc522.o(i.PcdAntennaOff)
    PcdAntennaOn                             0x080012d1   Thumb Code    26  rc522.o(i.PcdAntennaOn)
    PcdAnticoll                              0x080012eb   Thumb Code   112  rc522.o(i.PcdAnticoll)
    PcdComMF522                              0x0800135b   Thumb Code   306  rc522.o(i.PcdComMF522)
    PcdRequest                               0x0800148d   Thumb Code    84  rc522.o(i.PcdRequest)
    PcdReset                                 0x080014e1   Thumb Code   106  rc522.o(i.PcdReset)
    PendSV_Handler                           0x08001555   Thumb Code     2  stm32f10x_it.o(i.PendSV_Handler)
    RC522_Init                               0x08001559   Thumb Code    72  rc522.o(i.RC522_Init)
    RCC_APB1PeriphClockCmd                   0x080015a5   Thumb Code    26  stm32f10x_rcc.o(i.RCC_APB1PeriphClockCmd)
    RCC_APB1PeriphResetCmd                   0x080015c5   Thumb Code    26  stm32f10x_rcc.o(i.RCC_APB1PeriphResetCmd)
    RCC_APB2PeriphClockCmd                   0x080015e5   Thumb Code    26  stm32f10x_rcc.o(i.RCC_APB2PeriphClockCmd)
    RCC_APB2PeriphResetCmd                   0x08001605   Thumb Code    26  stm32f10x_rcc.o(i.RCC_APB2PeriphResetCmd)
    RCC_GetClocksFreq                        0x08001625   Thumb Code   192  stm32f10x_rcc.o(i.RCC_GetClocksFreq)
    RFID_DisplayUpdata                       0x080016f9   Thumb Code   482  main.o(i.RFID_DisplayUpdata)
    RFID_Search                              0x08001925   Thumb Code   122  rc522.o(i.RFID_Search)
    RGBledInit                               0x080019a5   Thumb Code    84  ledandbuzz.o(i.RGBledInit)
    ReadRawRC                                0x08001a01   Thumb Code   138  rc522.o(i.ReadRawRC)
    SVC_Handler                              0x08001a95   Thumb Code     2  stm32f10x_it.o(i.SVC_Handler)
    SetBitMask                               0x08001a97   Thumb Code    28  rc522.o(i.SetBitMask)
    SysTick_CLKSourceConfig                  0x08001b9d   Thumb Code    40  misc.o(i.SysTick_CLKSourceConfig)
    SysTick_Handler                          0x08001bc5   Thumb Code     2  stm32f10x_it.o(i.SysTick_Handler)
    SystemInit                               0x08001bc9   Thumb Code    78  system_stm32f10x.o(i.SystemInit)
    TIM2_IRQHandler                          0x08001c29   Thumb Code    46  timeout.o(i.TIM2_IRQHandler)
    TIM3_IRQHandler                          0x08001c65   Thumb Code    58  timeout.o(i.TIM3_IRQHandler)
    TIM_ClearITPendingBit                    0x08001cb5   Thumb Code     6  stm32f10x_tim.o(i.TIM_ClearITPendingBit)
    TIM_Cmd                                  0x08001cbb   Thumb Code    24  stm32f10x_tim.o(i.TIM_Cmd)
    TIM_GetITStatus                          0x08001cd3   Thumb Code    34  stm32f10x_tim.o(i.TIM_GetITStatus)
    TIM_ITConfig                             0x08001cf5   Thumb Code    18  stm32f10x_tim.o(i.TIM_ITConfig)
    TIM_TimeBaseInit                         0x08001d09   Thumb Code   122  stm32f10x_tim.o(i.TIM_TimeBaseInit)
    Temperature_DisplayUpdata                0x08001dad   Thumb Code   142  max7219.o(i.Temperature_DisplayUpdata)
    Timeout_Init                             0x08001e41   Thumb Code    94  timeout.o(i.Timeout_Init)
    USART1_IRQHandler                        0x08001ea5   Thumb Code   140  myusart.o(i.USART1_IRQHandler)
    USART_Cmd                                0x08001f41   Thumb Code    24  stm32f10x_usart.o(i.USART_Cmd)
    USART_DeInit                             0x08001f59   Thumb Code   134  stm32f10x_usart.o(i.USART_DeInit)
    USART_GetFlagStatus                      0x08001ff5   Thumb Code    26  stm32f10x_usart.o(i.USART_GetFlagStatus)
    USART_GetITStatus                        0x0800200f   Thumb Code    84  stm32f10x_usart.o(i.USART_GetITStatus)
    USART_ITConfig                           0x08002063   Thumb Code    74  stm32f10x_usart.o(i.USART_ITConfig)
    USART_Init                               0x080020ad   Thumb Code   210  stm32f10x_usart.o(i.USART_Init)
    USART_ReceiveData                        0x08002185   Thumb Code    10  stm32f10x_usart.o(i.USART_ReceiveData)
    USART_SendData                           0x0800218f   Thumb Code     8  stm32f10x_usart.o(i.USART_SendData)
    USART_SendString                         0x08002197   Thumb Code    44  myusart.o(i.USART_SendString)
    UsageFault_Handler                       0x080021c3   Thumb Code     4  stm32f10x_it.o(i.UsageFault_Handler)
    UsartTimeout_Init                        0x080021c7   Thumb Code    94  timeout.o(i.UsartTimeout_Init)
    Write7219                                0x08002225   Thumb Code   158  max7219.o(i.Write7219)
    WriteRawRC                               0x080022d1   Thumb Code   136  rc522.o(i.WriteRawRC)
    _sys_exit                                0x08002361   Thumb Code     4  usart.o(i._sys_exit)
    delay_init                               0x08002365   Thumb Code    50  delay.o(i.delay_init)
    delay_ms                                 0x080023a9   Thumb Code    72  delay.o(i.delay_ms)
    delay_us                                 0x080023f5   Thumb Code    72  delay.o(i.delay_us)
    fputc                                    0x08002441   Thumb Code    24  usart.o(i.fputc)
    main                                     0x0800245d   Thumb Code   300  main.o(i.main)
    __aeabi_dadd                             0x080025b9   Thumb Code     0  daddsub_clz.o(x$fpl$dadd)
    _dadd                                    0x080025b9   Thumb Code   332  daddsub_clz.o(x$fpl$dadd)
    __aeabi_ddiv                             0x08002709   Thumb Code     0  ddiv.o(x$fpl$ddiv)
    _ddiv                                    0x08002709   Thumb Code   552  ddiv.o(x$fpl$ddiv)
    __aeabi_d2uiz                            0x080029b9   Thumb Code     0  dfixu.o(x$fpl$dfixu)
    _dfixu                                   0x080029b9   Thumb Code    90  dfixu.o(x$fpl$dfixu)
    __aeabi_i2d                              0x08002a13   Thumb Code     0  dflt_clz.o(x$fpl$dflt)
    _dflt                                    0x08002a13   Thumb Code    46  dflt_clz.o(x$fpl$dflt)
    __aeabi_dmul                             0x08002a41   Thumb Code     0  dmul.o(x$fpl$dmul)
    _dmul                                    0x08002a41   Thumb Code   332  dmul.o(x$fpl$dmul)
    __fpl_dnaninf                            0x08002b95   Thumb Code   156  dnaninf.o(x$fpl$dnaninf)
    __fpl_dretinf                            0x08002c31   Thumb Code    12  dretinf.o(x$fpl$dretinf)
    __aeabi_dsub                             0x08002c3d   Thumb Code     0  daddsub_clz.o(x$fpl$dsub)
    _dsub                                    0x08002c3d   Thumb Code   464  daddsub_clz.o(x$fpl$dsub)
    F6x8                                     0x08002e10   Data         552  oled.o(.constdata)
    __I$use$fp                               0x08002e10   Number         0  usenofp.o(x$fpl$usenofp)
    F8X16                                    0x08003038   Data        1520  oled.o(.constdata)
    Region$$Table$$Base                      0x08003650   Number         0  anon$$obj.o(Region$$Table)
    Region$$Table$$Limit                     0x08003670   Number         0  anon$$obj.o(Region$$Table)
    SystemCoreClock                          0x20000000   Data           4  system_stm32f10x.o(.data)
    AHBPrescTable                            0x20000004   Data          16  system_stm32f10x.o(.data)
    Hzk                                      0x20000014   Data         384  oled.o(.data)
    NameStr                                  0x20000194   Data        2048  oled.o(.data)
    number                                   0x20000994   Data          10  max7219.o(.data)
    MotorState                               0x2000099e   Data           1  motor.o(.data)
    Motor_Step                               0x200009a0   Data           2  motor.o(.data)
    ReceiveCount                             0x200009a2   Data           2  myusart.o(.data)
    ReceiveEnable                            0x200009a4   Data           1  myusart.o(.data)
    AckTimeoutEnable                         0x200009a5   Data           1  timeout.o(.data)
    AckTimeoutCount                          0x200009a6   Data           1  timeout.o(.data)
    RequestTimeoutEnable                     0x200009a7   Data           1  timeout.o(.data)
    RequestTimeoutCount                      0x200009a8   Data           1  timeout.o(.data)
    ID_liaotingchun                          0x200009ae   Data           8  main.o(.data)
    ID_zhongweimin                           0x200009b6   Data           8  main.o(.data)
    ID_zhengwujie                            0x200009be   Data           8  main.o(.data)
    ID_haoshuyi                              0x200009c6   Data           8  main.o(.data)
    ID_maozimeng                             0x200009ce   Data           8  main.o(.data)
    ID_hulingqiao                            0x200009d6   Data           8  main.o(.data)
    ID_wangtianhui                           0x200009de   Data           8  main.o(.data)
    ID_zhoujiahui                            0x200009e6   Data           8  main.o(.data)
    ID_biance                                0x200009ee   Data           8  main.o(.data)
    Temperature                              0x200009f6   Data           2  main.o(.data)
    RequestTime                              0x200009f8   Data           1  main.o(.data)
    __stdout                                 0x200009fc   Data           4  usart.o(.data)
    ReceiveBuff                              0x20000a14   Data          50  myusart.o(.bss)
    IDcard                                   0x20000a46   Data          10  main.o(.bss)
    __libspace_start                         0x20000a50   Data          96  libspace.o(.bss)
    __temporary_stack_top$libspace           0x20000ab0   Data           0  libspace.o(.bss)



==============================================================================

Memory Map of the image

  Image Entry point : 0x080000ed

  Load Region LR_IROM1 (Base: 0x08000000, Size: 0x00004084, Max: 0x00010000, ABSOLUTE, COMPRESSED[0x00003aa4])

    Execution Region ER_IROM1 (Base: 0x08000000, Size: 0x00003670, Max: 0x00010000, ABSOLUTE)

    Base Addr    Size         Type   Attr      Idx    E Section Name        Object

    0x08000000   0x000000ec   Data   RO          199    RESET               startup_stm32f10x_md.o
    0x080000ec   0x00000008   Code   RO         2719  * !!!main             c_w.l(__main.o)
    0x080000f4   0x00000034   Code   RO         2918    !!!scatter          c_w.l(__scatter.o)
    0x08000128   0x00000064   Code   RO         2916    !!dclz77c           c_w.l(__dclz77c.o)
    0x0800018c   0x0000001c   Code   RO         2920    !!handler_zi        c_w.l(__scatter_zi.o)
    0x080001a8   0x00000000   Code   RO         2712    .ARM.Collect$$_printf_percent$$00000000  c_w.l(_printf_percent.o)
    0x080001a8   0x00000006   Code   RO         2711    .ARM.Collect$$_printf_percent$$0000000C  c_w.l(_printf_x.o)
    0x080001ae   0x00000004   Code   RO         2754    .ARM.Collect$$_printf_percent$$00000017  c_w.l(_printf_percent_end.o)
    0x080001b2   0x00000002   Code   RO         2790    .ARM.Collect$$libinit$$00000000  c_w.l(libinit.o)
    0x080001b4   0x00000000   Code   RO         2797    .ARM.Collect$$libinit$$00000002  c_w.l(libinit2.o)
    0x080001b4   0x00000000   Code   RO         2799    .ARM.Collect$$libinit$$00000004  c_w.l(libinit2.o)
    0x080001b4   0x00000000   Code   RO         2802    .ARM.Collect$$libinit$$0000000A  c_w.l(libinit2.o)
    0x080001b4   0x00000000   Code   RO         2804    .ARM.Collect$$libinit$$0000000C  c_w.l(libinit2.o)
    0x080001b4   0x00000000   Code   RO         2806    .ARM.Collect$$libinit$$0000000E  c_w.l(libinit2.o)
    0x080001b4   0x00000000   Code   RO         2809    .ARM.Collect$$libinit$$00000011  c_w.l(libinit2.o)
    0x080001b4   0x00000000   Code   RO         2811    .ARM.Collect$$libinit$$00000013  c_w.l(libinit2.o)
    0x080001b4   0x00000000   Code   RO         2813    .ARM.Collect$$libinit$$00000015  c_w.l(libinit2.o)
    0x080001b4   0x00000000   Code   RO         2815    .ARM.Collect$$libinit$$00000017  c_w.l(libinit2.o)
    0x080001b4   0x00000000   Code   RO         2817    .ARM.Collect$$libinit$$00000019  c_w.l(libinit2.o)
    0x080001b4   0x00000000   Code   RO         2819    .ARM.Collect$$libinit$$0000001B  c_w.l(libinit2.o)
    0x080001b4   0x00000000   Code   RO         2821    .ARM.Collect$$libinit$$0000001D  c_w.l(libinit2.o)
    0x080001b4   0x00000000   Code   RO         2823    .ARM.Collect$$libinit$$0000001F  c_w.l(libinit2.o)
    0x080001b4   0x00000000   Code   RO         2825    .ARM.Collect$$libinit$$00000021  c_w.l(libinit2.o)
    0x080001b4   0x00000000   Code   RO         2827    .ARM.Collect$$libinit$$00000023  c_w.l(libinit2.o)
    0x080001b4   0x00000000   Code   RO         2829    .ARM.Collect$$libinit$$00000025  c_w.l(libinit2.o)
    0x080001b4   0x00000000   Code   RO         2833    .ARM.Collect$$libinit$$0000002C  c_w.l(libinit2.o)
    0x080001b4   0x00000000   Code   RO         2835    .ARM.Collect$$libinit$$0000002E  c_w.l(libinit2.o)
    0x080001b4   0x00000000   Code   RO         2837    .ARM.Collect$$libinit$$00000030  c_w.l(libinit2.o)
    0x080001b4   0x00000000   Code   RO         2839    .ARM.Collect$$libinit$$00000032  c_w.l(libinit2.o)
    0x080001b4   0x00000002   Code   RO         2840    .ARM.Collect$$libinit$$00000033  c_w.l(libinit2.o)
    0x080001b6   0x00000002   Code   RO         2858    .ARM.Collect$$libshutdown$$00000000  c_w.l(libshutdown.o)
    0x080001b8   0x00000000   Code   RO         2868    .ARM.Collect$$libshutdown$$00000002  c_w.l(libshutdown2.o)
    0x080001b8   0x00000000   Code   RO         2870    .ARM.Collect$$libshutdown$$00000004  c_w.l(libshutdown2.o)
    0x080001b8   0x00000000   Code   RO         2873    .ARM.Collect$$libshutdown$$00000007  c_w.l(libshutdown2.o)
    0x080001b8   0x00000000   Code   RO         2876    .ARM.Collect$$libshutdown$$0000000A  c_w.l(libshutdown2.o)
    0x080001b8   0x00000000   Code   RO         2878    .ARM.Collect$$libshutdown$$0000000C  c_w.l(libshutdown2.o)
    0x080001b8   0x00000000   Code   RO         2881    .ARM.Collect$$libshutdown$$0000000F  c_w.l(libshutdown2.o)
    0x080001b8   0x00000002   Code   RO         2882    .ARM.Collect$$libshutdown$$00000010  c_w.l(libshutdown2.o)
    0x080001ba   0x00000000   Code   RO         2745    .ARM.Collect$$rtentry$$00000000  c_w.l(__rtentry.o)
    0x080001ba   0x00000000   Code   RO         2761    .ARM.Collect$$rtentry$$00000002  c_w.l(__rtentry2.o)
    0x080001ba   0x00000006   Code   RO         2773    .ARM.Collect$$rtentry$$00000004  c_w.l(__rtentry4.o)
    0x080001c0   0x00000000   Code   RO         2763    .ARM.Collect$$rtentry$$00000009  c_w.l(__rtentry2.o)
    0x080001c0   0x00000004   Code   RO         2764    .ARM.Collect$$rtentry$$0000000A  c_w.l(__rtentry2.o)
    0x080001c4   0x00000000   Code   RO         2766    .ARM.Collect$$rtentry$$0000000C  c_w.l(__rtentry2.o)
    0x080001c4   0x00000008   Code   RO         2767    .ARM.Collect$$rtentry$$0000000D  c_w.l(__rtentry2.o)
    0x080001cc   0x00000002   Code   RO         2794    .ARM.Collect$$rtexit$$00000000  c_w.l(rtexit.o)
    0x080001ce   0x00000000   Code   RO         2842    .ARM.Collect$$rtexit$$00000002  c_w.l(rtexit2.o)
    0x080001ce   0x00000004   Code   RO         2843    .ARM.Collect$$rtexit$$00000003  c_w.l(rtexit2.o)
    0x080001d2   0x00000006   Code   RO         2844    .ARM.Collect$$rtexit$$00000004  c_w.l(rtexit2.o)
    0x080001d8   0x00000040   Code   RO          200    .text               startup_stm32f10x_md.o
    0x08000218   0x00000002   Code   RO         2658    .text               c_w.l(use_no_semi_2.o)
    0x0800021a   0x00000002   PAD
    0x0800021c   0x00000018   Code   RO         2664    .text               c_w.l(noretval__2printf.o)
    0x08000234   0x00000028   Code   RO         2666    .text               c_w.l(noretval__2sprintf.o)
    0x0800025c   0x00000068   Code   RO         2668    .text               c_w.l(__printf.o)
    0x080002c4   0x00000058   Code   RO         2673    .text               c_w.l(_printf_hex_int.o)
    0x0800031c   0x00000096   Code   RO         2713    .text               c_w.l(strncmp.o)
    0x080003b2   0x00000006   Code   RO         2717    .text               c_w.l(heapauxi.o)
    0x080003b8   0x00000002   Code   RO         2743    .text               c_w.l(use_no_semi.o)
    0x080003ba   0x000000b2   Code   RO         2746    .text               c_w.l(_printf_intcommon.o)
    0x0800046c   0x00000030   Code   RO         2748    .text               c_w.l(_printf_char_common.o)
    0x0800049c   0x0000000a   Code   RO         2750    .text               c_w.l(_sputc.o)
    0x080004a6   0x00000002   PAD
    0x080004a8   0x00000024   Code   RO         2752    .text               c_w.l(_printf_char_file.o)
    0x080004cc   0x00000008   Code   RO         2777    .text               c_w.l(ferror.o)
    0x080004d4   0x0000004a   Code   RO         2781    .text               c_w.l(sys_stackheap_outer.o)
    0x0800051e   0x00000012   Code   RO         2783    .text               c_w.l(exit.o)
    0x08000530   0x00000008   Code   RO         2791    .text               c_w.l(libspace.o)
    0x08000538   0x00000034   Code   RO          434    i.BUZZ_Flashing     ledandbuzz.o
    0x0800056c   0x00000004   Code   RO           17    i.BusFault_Handler  stm32f10x_it.o
    0x08000570   0x00000034   Code   RO          435    i.BuzzInit          ledandbuzz.o
    0x080005a4   0x0000001c   Code   RO          302    i.ClearBitMask      rc522.o
    0x080005c0   0x00000002   Code   RO           18    i.DebugMon_Handler  stm32f10x_it.o
    0x080005c2   0x00000024   Code   RO          479    i.Digitaltube_Close  max7219.o
    0x080005e6   0x00000024   Code   RO          480    i.Digitaltube_Wait  max7219.o
    0x0800060a   0x00000116   Code   RO         1014    i.GPIO_Init         stm32f10x_gpio.o
    0x08000720   0x00000004   Code   RO         1021    i.GPIO_ResetBits    stm32f10x_gpio.o
    0x08000724   0x00000004   Code   RO         1022    i.GPIO_SetBits      stm32f10x_gpio.o
    0x08000728   0x00000048   Code   RO          551    i.HDC1080_Init      hdc1080.o
    0x08000770   0x00000060   Code   RO          552    i.HDC1080_ReadBuffer  hdc1080.o
    0x080007d0   0x0000006c   Code   RO          554    i.HDC1080_Read_Temper  hdc1080.o
    0x0800083c   0x00000012   Code   RO          555    i.HDC1080_Setting   hdc1080.o
    0x0800084e   0x00000016   Code   RO          556    i.HDC1080_Soft_Reset  hdc1080.o
    0x08000864   0x00000042   Code   RO          557    i.HDC1080_WriteBuffer  hdc1080.o
    0x080008a6   0x00000004   Code   RO           19    i.HardFault_Handler  stm32f10x_it.o
    0x080008aa   0x00000002   PAD
    0x080008ac   0x00000050   Code   RO          558    i.IIC_Ack           hdc1080.o
    0x080008fc   0x00000050   Code   RO          559    i.IIC_NAck          hdc1080.o
    0x0800094c   0x00000070   Code   RO          560    i.IIC_Read_Byte     hdc1080.o
    0x080009bc   0x00000068   Code   RO          561    i.IIC_Send_Byte     hdc1080.o
    0x08000a24   0x0000004c   Code   RO          562    i.IIC_Start         hdc1080.o
    0x08000a70   0x0000004c   Code   RO          563    i.IIC_Stop          hdc1080.o
    0x08000abc   0x00000064   Code   RO          564    i.IIC_Wait_Ack      hdc1080.o
    0x08000b20   0x0000002a   Code   RO          436    i.LED_Flashing      ledandbuzz.o
    0x08000b4a   0x00000002   PAD
    0x08000b4c   0x00000034   Code   RO          437    i.LedTurnOFF        ledandbuzz.o
    0x08000b80   0x00000034   Code   RO          438    i.LedTurnON         ledandbuzz.o
    0x08000bb4   0x00000070   Code   RO          481    i.MAX7219_Init      max7219.o
    0x08000c24   0x00000004   Code   RO           20    i.MemManage_Handler  stm32f10x_it.o
    0x08000c28   0x00000038   Code   RO          521    i.MotorInit         motor.o
    0x08000c60   0x000000b4   Code   RO          522    i.Motor_close       motor.o
    0x08000d14   0x000000b8   Code   RO          523    i.Motor_open        motor.o
    0x08000dcc   0x000000a8   Code   RO          655    i.MyusartInit       myusart.o
    0x08000e74   0x00000002   Code   RO           21    i.NMI_Handler       stm32f10x_it.o
    0x08000e76   0x0000000c   Code   RO          839    i.NVIC_Configuration  sys.o
    0x08000e82   0x00000002   PAD
    0x08000e84   0x00000070   Code   RO          876    i.NVIC_Init         misc.o
    0x08000ef4   0x00000014   Code   RO          877    i.NVIC_PriorityGroupConfig  misc.o
    0x08000f08   0x00000040   Code   RO          204    i.OLED_Clear        oled.o
    0x08000f48   0x00000050   Code   RO          788    i.OLED_DisplayInit  main.o
    0x08000f98   0x00000178   Code   RO          208    i.OLED_Init         oled.o
    0x08001110   0x0000002e   Code   RO          209    i.OLED_Set_Pos      oled.o
    0x0800113e   0x00000002   PAD
    0x08001140   0x00000068   Code   RO          210    i.OLED_ShowCHinese  oled.o
    0x080011a8   0x00000070   Code   RO          211    i.OLED_ShowChar     oled.o
    0x08001218   0x00000036   Code   RO          213    i.OLED_ShowString   oled.o
    0x0800124e   0x00000002   PAD
    0x08001250   0x00000074   Code   RO          214    i.OLED_WR_Byte      oled.o
    0x080012c4   0x0000000c   Code   RO          303    i.PcdAntennaOff     rc522.o
    0x080012d0   0x0000001a   Code   RO          304    i.PcdAntennaOn      rc522.o
    0x080012ea   0x00000070   Code   RO          305    i.PcdAnticoll       rc522.o
    0x0800135a   0x00000132   Code   RO          308    i.PcdComMF522       rc522.o
    0x0800148c   0x00000054   Code   RO          311    i.PcdRequest        rc522.o
    0x080014e0   0x00000074   Code   RO          312    i.PcdReset          rc522.o
    0x08001554   0x00000002   Code   RO           22    i.PendSV_Handler    stm32f10x_it.o
    0x08001556   0x00000002   PAD
    0x08001558   0x0000004c   Code   RO          316    i.RC522_Init        rc522.o
    0x080015a4   0x00000020   Code   RO         1328    i.RCC_APB1PeriphClockCmd  stm32f10x_rcc.o
    0x080015c4   0x00000020   Code   RO         1329    i.RCC_APB1PeriphResetCmd  stm32f10x_rcc.o
    0x080015e4   0x00000020   Code   RO         1330    i.RCC_APB2PeriphClockCmd  stm32f10x_rcc.o
    0x08001604   0x00000020   Code   RO         1331    i.RCC_APB2PeriphResetCmd  stm32f10x_rcc.o
    0x08001624   0x000000d4   Code   RO         1338    i.RCC_GetClocksFreq  stm32f10x_rcc.o
    0x080016f8   0x0000022c   Code   RO          789    i.RFID_DisplayUpdata  main.o
    0x08001924   0x00000080   Code   RO          317    i.RFID_Search       rc522.o
    0x080019a4   0x0000005c   Code   RO          439    i.RGBledInit        ledandbuzz.o
    0x08001a00   0x00000094   Code   RO          318    i.ReadRawRC         rc522.o
    0x08001a94   0x00000002   Code   RO           23    i.SVC_Handler       stm32f10x_it.o
    0x08001a96   0x0000001c   Code   RO          319    i.SetBitMask        rc522.o
    0x08001ab2   0x00000008   Code   RO          163    i.SetSysClock       system_stm32f10x.o
    0x08001aba   0x00000002   PAD
    0x08001abc   0x000000e0   Code   RO          164    i.SetSysClockTo72   system_stm32f10x.o
    0x08001b9c   0x00000028   Code   RO          880    i.SysTick_CLKSourceConfig  misc.o
    0x08001bc4   0x00000002   Code   RO           24    i.SysTick_Handler   stm32f10x_it.o
    0x08001bc6   0x00000002   PAD
    0x08001bc8   0x00000060   Code   RO          166    i.SystemInit        system_stm32f10x.o
    0x08001c28   0x0000003c   Code   RO          716    i.TIM2_IRQHandler   timeout.o
    0x08001c64   0x00000050   Code   RO          717    i.TIM3_IRQHandler   timeout.o
    0x08001cb4   0x00000006   Code   RO         1867    i.TIM_ClearITPendingBit  stm32f10x_tim.o
    0x08001cba   0x00000018   Code   RO         1872    i.TIM_Cmd           stm32f10x_tim.o
    0x08001cd2   0x00000022   Code   RO         1893    i.TIM_GetITStatus   stm32f10x_tim.o
    0x08001cf4   0x00000012   Code   RO         1897    i.TIM_ITConfig      stm32f10x_tim.o
    0x08001d06   0x00000002   PAD
    0x08001d08   0x000000a4   Code   RO         1943    i.TIM_TimeBaseInit  stm32f10x_tim.o
    0x08001dac   0x00000094   Code   RO          482    i.Temperature_DisplayUpdata  max7219.o
    0x08001e40   0x00000064   Code   RO          718    i.Timeout_Init      timeout.o
    0x08001ea4   0x0000009c   Code   RO          657    i.USART1_IRQHandler  myusart.o
    0x08001f40   0x00000018   Code   RO         2408    i.USART_Cmd         stm32f10x_usart.o
    0x08001f58   0x0000009c   Code   RO         2410    i.USART_DeInit      stm32f10x_usart.o
    0x08001ff4   0x0000001a   Code   RO         2411    i.USART_GetFlagStatus  stm32f10x_usart.o
    0x0800200e   0x00000054   Code   RO         2412    i.USART_GetITStatus  stm32f10x_usart.o
    0x08002062   0x0000004a   Code   RO         2414    i.USART_ITConfig    stm32f10x_usart.o
    0x080020ac   0x000000d8   Code   RO         2415    i.USART_Init        stm32f10x_usart.o
    0x08002184   0x0000000a   Code   RO         2422    i.USART_ReceiveData  stm32f10x_usart.o
    0x0800218e   0x00000008   Code   RO         2425    i.USART_SendData    stm32f10x_usart.o
    0x08002196   0x0000002c   Code   RO          659    i.USART_SendString  myusart.o
    0x080021c2   0x00000004   Code   RO           25    i.UsageFault_Handler  stm32f10x_it.o
    0x080021c6   0x0000005e   Code   RO          719    i.UsartTimeout_Init  timeout.o
    0x08002224   0x000000ac   Code   RO          483    i.Write7219         max7219.o
    0x080022d0   0x00000090   Code   RO          320    i.WriteRawRC        rc522.o
    0x08002360   0x00000004   Code   RO          851    i._sys_exit         usart.o
    0x08002364   0x00000044   Code   RO          756    i.delay_init        delay.o
    0x080023a8   0x0000004c   Code   RO          757    i.delay_ms          delay.o
    0x080023f4   0x0000004c   Code   RO          758    i.delay_us          delay.o
    0x08002440   0x0000001c   Code   RO          852    i.fputc             usart.o
    0x0800245c   0x0000015c   Code   RO          790    i.main              main.o
    0x080025b8   0x00000150   Code   RO         2721    x$fpl$dadd          fz_ws.l(daddsub_clz.o)
    0x08002708   0x000002b0   Code   RO         2728    x$fpl$ddiv          fz_ws.l(ddiv.o)
    0x080029b8   0x0000005a   Code   RO         2731    x$fpl$dfixu         fz_ws.l(dfixu.o)
    0x08002a12   0x0000002e   Code   RO         2736    x$fpl$dflt          fz_ws.l(dflt_clz.o)
    0x08002a40   0x00000154   Code   RO         2741    x$fpl$dmul          fz_ws.l(dmul.o)
    0x08002b94   0x0000009c   Code   RO         2755    x$fpl$dnaninf       fz_ws.l(dnaninf.o)
    0x08002c30   0x0000000c   Code   RO         2757    x$fpl$dretinf       fz_ws.l(dretinf.o)
    0x08002c3c   0x000001d4   Code   RO         2723    x$fpl$dsub          fz_ws.l(daddsub_clz.o)
    0x08002e10   0x00000000   Code   RO         2759    x$fpl$usenofp       fz_ws.l(usenofp.o)
    0x08002e10   0x00000818   Data   RO          216    .constdata          oled.o
    0x08003628   0x00000028   Data   RO         2674    .constdata          c_w.l(_printf_hex_int.o)
    0x08003650   0x00000020   Data   RO         2914    Region$$Table       anon$$obj.o


    Execution Region RW_IRAM1 (Base: 0x20000000, Size: 0x000010b0, Max: 0x00005000, ABSOLUTE, COMPRESSED[0x00000434])

    Base Addr    Size         Type   Attr      Idx    E Section Name        Object

    0x20000000   0x00000014   Data   RW          167    .data               system_stm32f10x.o
    0x20000014   0x00000980   Data   RW          217    .data               oled.o
    0x20000994   0x0000000a   Data   RW          484    .data               max7219.o
    0x2000099e   0x00000004   Data   RW          524    .data               motor.o
    0x200009a2   0x00000003   Data   RW          661    .data               myusart.o
    0x200009a5   0x00000004   Data   RW          720    .data               timeout.o
    0x200009a9   0x00000001   PAD
    0x200009aa   0x00000004   Data   RW          759    .data               delay.o
    0x200009ae   0x0000004b   Data   RW          792    .data               main.o
    0x200009f9   0x00000003   PAD
    0x200009fc   0x00000004   Data   RW          853    .data               usart.o
    0x20000a00   0x00000014   Data   RW         1358    .data               stm32f10x_rcc.o
    0x20000a14   0x00000032   Zero   RW          660    .bss                myusart.o
    0x20000a46   0x0000000a   Zero   RW          791    .bss                main.o
    0x20000a50   0x00000060   Zero   RW         2792    .bss                c_w.l(libspace.o)
    0x20000ab0   0x00000200   Zero   RW          198    HEAP                startup_stm32f10x_md.o
    0x20000cb0   0x00000400   Zero   RW          197    STACK               startup_stm32f10x_md.o


==============================================================================

Image component sizes


      Code (inc. data)   RO Data    RW Data    ZI Data      Debug   Object Name

         0          0          0          0          0       4644   core_cm3.o
       220         26          0          4          0       1687   delay.o
      1010        126          0          0          0       7834   hdc1080.o
       342         40          0          0          0       3236   ledandbuzz.o
       984        134          0         75         10       3487   main.o
       504         30          0         10          0       3459   max7219.o
       172         22          0          0          0       2049   misc.o
       420         38          0          4          0       2087   motor.o
       368         26          0          3         50       2758   myusart.o
       872         28       2072       2432          0       5745   oled.o
      1208         38          0          0          0       8111   rc522.o
        64         26        236          0       1536        816   startup_stm32f10x_md.o
       286          0          0          0          0       3020   stm32f10x_gpio.o
        26          0          0          0          0     251014   stm32f10x_it.o
       340         44          0         20          0       5592   stm32f10x_rcc.o
       246         42          0          0          0       3546   stm32f10x_tim.o
       598         28          0          0          0       6760   stm32f10x_usart.o
        12          0          0          0          0        449   sys.o
       328         28          0         20          0       2265   system_stm32f10x.o
       334         42          0          4          0       2671   timeout.o
        32          4          0          4          0       2786   usart.o

    ----------------------------------------------------------------------
      8384        722       2340       2580       1596     324016   Object Totals
         0          0         32          0          0          0   (incl. Generated)
        18          0          0          4          0          0   (incl. Padding)

    ----------------------------------------------------------------------

      Code (inc. data)   RO Data    RW Data    ZI Data      Debug   Library Member Name

       100          0          0          0          0          0   __dclz77c.o
         8          0          0          0          0         68   __main.o
       104          0          0          0          0         84   __printf.o
         0          0          0          0          0          0   __rtentry.o
        12          0          0          0          0          0   __rtentry2.o
         6          0          0          0          0          0   __rtentry4.o
        52          8          0          0          0          0   __scatter.o
        28          0          0          0          0          0   __scatter_zi.o
        48          6          0          0          0         96   _printf_char_common.o
        36          4          0          0          0         80   _printf_char_file.o
        88          4         40          0          0         88   _printf_hex_int.o
       178          0          0          0          0         88   _printf_intcommon.o
         0          0          0          0          0          0   _printf_percent.o
         4          0          0          0          0          0   _printf_percent_end.o
         6          0          0          0          0          0   _printf_x.o
        10          0          0          0          0         68   _sputc.o
        18          0          0          0          0         80   exit.o
         8          0          0          0          0         68   ferror.o
         6          0          0          0          0        152   heapauxi.o
         2          0          0          0          0          0   libinit.o
         2          0          0          0          0          0   libinit2.o
         2          0          0          0          0          0   libshutdown.o
         2          0          0          0          0          0   libshutdown2.o
         8          4          0          0         96         68   libspace.o
        24          4          0          0          0         84   noretval__2printf.o
        40          6          0          0          0         84   noretval__2sprintf.o
         2          0          0          0          0          0   rtexit.o
        10          0          0          0          0          0   rtexit2.o
       150          0          0          0          0         80   strncmp.o
        74          0          0          0          0         80   sys_stackheap_outer.o
         2          0          0          0          0         68   use_no_semi.o
         2          0          0          0          0         68   use_no_semi_2.o
       804         16          0          0          0        272   daddsub_clz.o
       688        140          0          0          0        208   ddiv.o
        90          4          0          0          0         92   dfixu.o
        46          0          0          0          0         68   dflt_clz.o
       340         12          0          0          0        104   dmul.o
       156          4          0          0          0         92   dnaninf.o
        12          0          0          0          0         68   dretinf.o
         0          0          0          0          0          0   usenofp.o

    ----------------------------------------------------------------------
      3172        212         40          0         96       2308   Library Totals
         4          0          0          0          0          0   (incl. Padding)

    ----------------------------------------------------------------------

      Code (inc. data)   RO Data    RW Data    ZI Data      Debug   Library Name

      1032         36         40          0         96       1404   c_w.l
      2136        176          0          0          0        904   fz_ws.l

    ----------------------------------------------------------------------
      3172        212         40          0         96       2308   Library Totals

    ----------------------------------------------------------------------

==============================================================================


      Code (inc. data)   RO Data    RW Data    ZI Data      Debug   

     11556        934       2380       2580       1692     320392   Grand Totals
     11556        934       2380       1076       1692     320392   ELF Image Totals (compressed)
     11556        934       2380       1076          0          0   ROM Totals

==============================================================================

    Total RO  Size (Code + RO Data)                13936 (  13.61kB)
    Total RW  Size (RW Data + ZI Data)              4272 (   4.17kB)
    Total ROM Size (Code + RO Data + RW Data)      15012 (  14.66kB)

==============================================================================

