Component: ARM Compiler 5.06 update 6 (build 750) Tool: armlink [4d35ed]

==============================================================================

Section Cross References

    system_stm32f10x.o(i.SetSysClock) refers to system_stm32f10x.o(i.SetSysClockTo72) for SetSysClockTo72
    system_stm32f10x.o(i.SystemCoreClockUpdate) refers to system_stm32f10x.o(.data) for SystemCoreClock
    system_stm32f10x.o(i.SystemInit) refers to system_stm32f10x.o(i.SetSysClock) for SetSysClock
    startup_stm32f10x_md.o(STACK) refers (Special) to heapauxi.o(.text) for __use_two_region_memory
    startup_stm32f10x_md.o(HEAP) refers (Special) to heapauxi.o(.text) for __use_two_region_memory
    startup_stm32f10x_md.o(RESET) refers (Special) to heapauxi.o(.text) for __use_two_region_memory
    startup_stm32f10x_md.o(RESET) refers to startup_stm32f10x_md.o(STACK) for __initial_sp
    startup_stm32f10x_md.o(RESET) refers to startup_stm32f10x_md.o(.text) for Reset_Handler
    startup_stm32f10x_md.o(RESET) refers to stm32f10x_it.o(i.NMI_Handler) for NMI_Handler
    startup_stm32f10x_md.o(RESET) refers to stm32f10x_it.o(i.HardFault_Handler) for HardFault_Handler
    startup_stm32f10x_md.o(RESET) refers to stm32f10x_it.o(i.MemManage_Handler) for MemManage_Handler
    startup_stm32f10x_md.o(RESET) refers to stm32f10x_it.o(i.BusFault_Handler) for BusFault_Handler
    startup_stm32f10x_md.o(RESET) refers to stm32f10x_it.o(i.UsageFault_Handler) for UsageFault_Handler
    startup_stm32f10x_md.o(RESET) refers to stm32f10x_it.o(i.SVC_Handler) for SVC_Handler
    startup_stm32f10x_md.o(RESET) refers to stm32f10x_it.o(i.DebugMon_Handler) for DebugMon_Handler
    startup_stm32f10x_md.o(RESET) refers to stm32f10x_it.o(i.PendSV_Handler) for PendSV_Handler
    startup_stm32f10x_md.o(RESET) refers to stm32f10x_it.o(i.SysTick_Handler) for SysTick_Handler
    startup_stm32f10x_md.o(RESET) refers to timeout.o(i.TIM2_IRQHandler) for TIM2_IRQHandler
    startup_stm32f10x_md.o(RESET) refers to timeout.o(i.TIM3_IRQHandler) for TIM3_IRQHandler
    startup_stm32f10x_md.o(RESET) refers to myusart.o(i.USART1_IRQHandler) for USART1_IRQHandler
    startup_stm32f10x_md.o(.text) refers (Special) to heapauxi.o(.text) for __use_two_region_memory
    startup_stm32f10x_md.o(.text) refers to system_stm32f10x.o(i.SystemInit) for SystemInit
    startup_stm32f10x_md.o(.text) refers to __main.o(!!!main) for __main
    startup_stm32f10x_md.o(.text) refers to startup_stm32f10x_md.o(HEAP) for Heap_Mem
    startup_stm32f10x_md.o(.text) refers to startup_stm32f10x_md.o(STACK) for Stack_Mem
    oled.o(i.OLED_Clear) refers to oled.o(i.OLED_WR_Byte) for OLED_WR_Byte
    oled.o(i.OLED_Display_Off) refers to oled.o(i.OLED_WR_Byte) for OLED_WR_Byte
    oled.o(i.OLED_Display_On) refers to oled.o(i.OLED_WR_Byte) for OLED_WR_Byte
    oled.o(i.OLED_DrawBMP) refers to oled.o(i.OLED_Set_Pos) for OLED_Set_Pos
    oled.o(i.OLED_DrawBMP) refers to oled.o(i.OLED_WR_Byte) for OLED_WR_Byte
    oled.o(i.OLED_Init) refers to stm32f10x_rcc.o(i.RCC_APB2PeriphClockCmd) for RCC_APB2PeriphClockCmd
    oled.o(i.OLED_Init) refers to stm32f10x_gpio.o(i.GPIO_Init) for GPIO_Init
    oled.o(i.OLED_Init) refers to stm32f10x_gpio.o(i.GPIO_SetBits) for GPIO_SetBits
    oled.o(i.OLED_Init) refers to delay.o(i.delay_ms) for delay_ms
    oled.o(i.OLED_Init) refers to stm32f10x_gpio.o(i.GPIO_ResetBits) for GPIO_ResetBits
    oled.o(i.OLED_Init) refers to oled.o(i.OLED_WR_Byte) for OLED_WR_Byte
    oled.o(i.OLED_Init) refers to oled.o(i.OLED_Clear) for OLED_Clear
    oled.o(i.OLED_Init) refers to oled.o(i.OLED_Set_Pos) for OLED_Set_Pos
    oled.o(i.OLED_Set_Pos) refers to oled.o(i.OLED_WR_Byte) for OLED_WR_Byte
    oled.o(i.OLED_ShowCHinese) refers to oled.o(i.OLED_Set_Pos) for OLED_Set_Pos
    oled.o(i.OLED_ShowCHinese) refers to oled.o(i.OLED_WR_Byte) for OLED_WR_Byte
    oled.o(i.OLED_ShowCHinese) refers to oled.o(.data) for NameStr
    oled.o(i.OLED_ShowChar) refers to oled.o(i.OLED_Set_Pos) for OLED_Set_Pos
    oled.o(i.OLED_ShowChar) refers to oled.o(i.OLED_WR_Byte) for OLED_WR_Byte
    oled.o(i.OLED_ShowChar) refers to oled.o(.constdata) for F8X16
    oled.o(i.OLED_ShowNum) refers to oled.o(i.oled_pow) for oled_pow
    oled.o(i.OLED_ShowNum) refers to oled.o(i.OLED_ShowChar) for OLED_ShowChar
    oled.o(i.OLED_ShowString) refers to oled.o(i.OLED_ShowChar) for OLED_ShowChar
    oled.o(i.OLED_WR_Byte) refers to stm32f10x_gpio.o(i.GPIO_SetBits) for GPIO_SetBits
    oled.o(i.OLED_WR_Byte) refers to stm32f10x_gpio.o(i.GPIO_ResetBits) for GPIO_ResetBits
    rc522.o(i.CalulateCRC) refers to rc522.o(i.ClearBitMask) for ClearBitMask
    rc522.o(i.CalulateCRC) refers to rc522.o(i.WriteRawRC) for WriteRawRC
    rc522.o(i.CalulateCRC) refers to rc522.o(i.SetBitMask) for SetBitMask
    rc522.o(i.CalulateCRC) refers to rc522.o(i.ReadRawRC) for ReadRawRC
    rc522.o(i.ClearBitMask) refers to rc522.o(i.ReadRawRC) for ReadRawRC
    rc522.o(i.ClearBitMask) refers to rc522.o(i.WriteRawRC) for WriteRawRC
[...]
    Removing stm32f10x_usart.o(i.USART_LINCmd), (24 bytes).
    Removing stm32f10x_usart.o(i.USART_OneBitMethodCmd), (24 bytes).
    Removing stm32f10x_usart.o(i.USART_OverSampling8Cmd), (22 bytes).
    Removing stm32f10x_usart.o(i.USART_ReceiverWakeUpCmd), (24 bytes).
    Removing stm32f10x_usart.o(i.USART_SendBreak), (10 bytes).
    Removing stm32f10x_usart.o(i.USART_SetAddress), (18 bytes).
    Removing stm32f10x_usart.o(i.USART_SetGuardTime), (16 bytes).
    Removing stm32f10x_usart.o(i.USART_SetPrescaler), (16 bytes).
    Removing stm32f10x_usart.o(i.USART_SmartCardCmd), (24 bytes).
    Removing stm32f10x_usart.o(i.USART_SmartCardNACKCmd), (24 bytes).
    Removing stm32f10x_usart.o(i.USART_StructInit), (24 bytes).
    Removing stm32f10x_usart.o(i.USART_WakeUpConfig), (18 bytes).
    Removing stm32f10x_dma.o(i.DMA_ClearFlag), (28 bytes).
    Removing stm32f10x_dma.o(i.DMA_ClearITPendingBit), (28 bytes).
    Removing stm32f10x_dma.o(i.DMA_Cmd), (24 bytes).
    Removing stm32f10x_dma.o(i.DMA_DeInit), (332 bytes).
    Removing stm32f10x_dma.o(i.DMA_GetCurrDataCounter), (8 bytes).
    Removing stm32f10x_dma.o(i.DMA_GetFlagStatus), (44 bytes).
    Removing stm32f10x_dma.o(i.DMA_GetITStatus), (44 bytes).
    Removing stm32f10x_dma.o(i.DMA_ITConfig), (18 bytes).
    Removing stm32f10x_dma.o(i.DMA_Init), (60 bytes).
    Removing stm32f10x_dma.o(i.DMA_SetCurrDataCounter), (4 bytes).
    Removing stm32f10x_dma.o(i.DMA_StructInit), (26 bytes).

284 unused section(s) (total 10828 bytes) removed from the image.

==============================================================================

Image Symbol Table

    Local Symbols

    Symbol Name                              Value     Ov Type        Size  Object(Section)

    ../clib/angel/boardlib.s                 0x00000000   Number         0  boardshut.o ABSOLUTE
    ../clib/angel/boardlib.s                 0x00000000   Number         0  boardinit3.o ABSOLUTE
    ../clib/angel/boardlib.s                 0x00000000   Number         0  boardinit1.o ABSOLUTE
    ../clib/angel/boardlib.s                 0x00000000   Number         0  boardinit2.o ABSOLUTE
    ../clib/angel/dclz77c.s                  0x00000000   Number         0  __dclz77c.o ABSOLUTE
    ../clib/angel/handlers.s                 0x00000000   Number         0  __scatter_zi.o ABSOLUTE
    ../clib/angel/kernel.s                   0x00000000   Number         0  rtexit2.o ABSOLUTE
    ../clib/angel/kernel.s                   0x00000000   Number         0  __rtentry.o ABSOLUTE
    ../clib/angel/kernel.s                   0x00000000   Number         0  rtexit.o ABSOLUTE
    ../clib/angel/kernel.s                   0x00000000   Number         0  __rtentry4.o ABSOLUTE
    ../clib/angel/kernel.s                   0x00000000   Number         0  __rtentry2.o ABSOLUTE
    ../clib/angel/rt.s                       0x00000000   Number         0  rt_raise.o ABSOLUTE
    ../clib/angel/scatter.s                  0x00000000   Number         0  __scatter.o ABSOLUTE
    ../clib/angel/startup.s                  0x00000000   Number         0  __main.o ABSOLUTE
    ../clib/angel/sys.s                      0x00000000   Number         0  use_no_semi.o ABSOLUTE
    ../clib/angel/sys.s                      0x00000000   Number         0  libspace.o ABSOLUTE
    ../clib/angel/sys.s                      0x00000000   Number         0  indicate_semi.o ABSOLUTE
    ../clib/angel/sys.s                      0x00000000   Number         0  use_no_semi_2.o ABSOLUTE
    ../clib/angel/sys.s                      0x00000000   Number         0  sys_stackheap_outer.o ABSOLUTE
    ../clib/angel/sysapp.c                   0x00000000   Number         0  sys_wrch.o ABSOLUTE
    ../clib/angel/sysapp.c                   0x00000000   Number         0  sys_command.o ABSOLUTE
    ../clib/armsys.c                         0x00000000   Number         0  _get_argv_nomalloc.o ABSOLUTE
    ../clib/armsys.c                         0x00000000   Number         0  argv_veneer.o ABSOLUTE
    ../clib/armsys.c                         0x00000000   Number         0  argv_veneer.o ABSOLUTE
    ../clib/armsys.c                         0x00000000   Number         0  no_argv.o ABSOLUTE
    ../clib/heapalloc.c                      0x00000000   Number         0  hrguard.o ABSOLUTE
    ../clib/heapaux.c                        0x00000000   Number         0  heapauxi.o ABSOLUTE
    ../clib/libinit.s                        0x00000000   Number         0  libinit2.o ABSOLUTE
    ../clib/libinit.s                        0x00000000   Number         0  libshutdown.o ABSOLUTE
    ../clib/libinit.s                        0x00000000   Number         0  libinit.o ABSOLUTE
    ../clib/libinit.s                        0x00000000   Number         0  libshutdown2.o ABSOLUTE
    ../clib/memcpset.s                       0x00000000   Number         0  rt_memclr_w.o ABSOLUTE
    ../clib/printf.c                         0x00000000   Number         0  __printf_flags_wp.o ABSOLUTE
    ../clib/printf.c                         0x00000000   Number         0  __printf_wp.o ABSOLUTE
    ../clib/printf.c                         0x00000000   Number         0  __printf_flags_ss.o ABSOLUTE
    ../clib/printf.c                         0x00000000   Number         0  _printf_hex_ptr.o ABSOLUTE
    ../clib/printf.c                         0x00000000   Number         0  __printf_flags.o ABSOLUTE
    ../clib/printf.c                         0x00000000   Number         0  _printf_hex_int_ll_ptr.o ABSOLUTE
    ../clib/printf.c                         0x00000000   Number         0  _printf_hex_ll_ptr.o ABSOLUTE
    ../clib/printf.c                         0x00000000   Number         0  _printf_hex_int_ptr.o ABSOLUTE
    ../clib/printf.c                         0x00000000   Number         0  _printf_hex_int_ll.o ABSOLUTE
    ../clib/printf.c                         0x00000000   Number         0  _printf_hex_int.o ABSOLUTE
    ../clib/printf.c                         0x00000000   Number         0  _printf_hex_ll.o ABSOLUTE
    ../clib/printf.c                         0x00000000   Number         0  __printf.o ABSOLUTE
    ../clib/printf.c                         0x00000000   Number         0  __2sprintf.o ABSOLUTE
    ../clib/printf.c                         0x00000000   Number         0  noretval__2sprintf.o ABSOLUTE
    ../clib/printf.c                         0x00000000   Number         0  _printf_intcommon.o ABSOLUTE
    ../clib/printf.c                         0x00000000   Number         0  __printf_flags_ss_wp.o ABSOLUTE
    ../clib/printf.c                         0x00000000   Number         0  __printf_nopercent.o ABSOLUTE
    ../clib/printf.c                         0x00000000   Number         0  __printf_ss.o ABSOLUTE
    ../clib/printf.c                         0x00000000   Number         0  __printf_ss_wp.o ABSOLUTE
    ../clib/printf.c                         0x00000000   Number         0  _sputc.o ABSOLUTE
    ../clib/printf.c                         0x00000000   Number         0  _printf_char_common.o ABSOLUTE
    ../clib/printf_percent.s                 0x00000000   Number         0  _printf_x.o ABSOLUTE
    ../clib/printf_percent.s                 0x00000000   Number         0  _printf_percent.o ABSOLUTE
    ../clib/printf_percent.s                 0x00000000   Number         0  _printf_percent_end.o ABSOLUTE
    ../clib/signal.c                         0x00000000   Number         0  defsig_rtmem_inner.o ABSOLUTE
    ../clib/signal.c                         0x00000000   Number         0  defsig_exit.o ABSOLUTE
    ../clib/signal.c                         0x00000000   Number         0  defsig_rtmem_formal.o ABSOLUTE
    ../clib/signal.c                         0x00000000   Number         0  defsig_general.o ABSOLUTE
    ../clib/signal.c                         0x00000000   Number         0  defsig_rtmem_outer.o ABSOLUTE
    ../clib/signal.c                         0x00000000   Number         0  defsig_fpe_inner.o ABSOLUTE
    ../clib/signal.c                         0x00000000   Number         0  defsig_stak_inner.o ABSOLUTE
    ../clib/signal.c                         0x00000000   Number         0  defsig_pvfn_inner.o ABSOLUTE
    ../clib/signal.c                         0x00000000   Number         0  defsig_cppl_inner.o ABSOLUTE
    ../clib/signal.c                         0x00000000   Number         0  defsig_abrt_inner.o ABSOLUTE
    ../clib/signal.c                         0x00000000   Number         0  defsig_segv_inner.o ABSOLUTE
    ../clib/signal.c                         0x00000000   Number         0  __raise.o ABSOLUTE
    ../clib/signal.c                         0x00000000   Number         0  defsig_rtred_inner.o ABSOLUTE
    ../clib/signal.c                         0x00000000   Number         0  defsig_other.o ABSOLUTE
    ../clib/signal.s                         0x00000000   Number         0  defsig.o ABSOLUTE
    ../clib/stdlib.c                         0x00000000   Number         0  exit.o ABSOLUTE
    ../clib/string.c                         0x00000000   Number         0  strncmp.o ABSOLUTE
    ../fplib/daddsub.s                       0x00000000   Number         0  daddsub_clz.o ABSOLUTE
    ../fplib/ddiv.s                          0x00000000   Number         0  ddiv.o ABSOLUTE
    ../fplib/dfixu.s                         0x00000000   Number         0  dfixu.o ABSOLUTE
    ../fplib/dflt.s                          0x00000000   Number         0  dflt_clz.o ABSOLUTE
    ../fplib/dmul.s                          0x00000000   Number         0  dmul.o ABSOLUTE
    ../fplib/dnaninf.s                       0x00000000   Number         0  dnaninf.o ABSOLUTE
    ../fplib/dretinf.s                       0x00000000   Number         0  dretinf.o ABSOLUTE
    ../fplib/fpinit.s                        0x00000000   Number         0  fpinit.o ABSOLUTE
    ../fplib/usenofp.s                       0x00000000   Number         0  usenofp.o ABSOLUTE
    ..\CORE\core_cm3.c                       0x00000000   Number         0  core_cm3.o ABSOLUTE
    ..\CORE\startup_stm32f10x_md.s           0x00000000   Number         0  startup_stm32f10x_md.o ABSOLUTE
    ..\CORE\stm32f10x_it.c                   0x00000000   Number         0  stm32f10x_it.o ABSOLUTE
    ..\CORE\system_stm32f10x.c               0x00000000   Number         0  system_stm32f10x.o ABSOLUTE
    ..\FWLIB\src\misc.c                      0x00000000   Number         0  misc.o ABSOLUTE
    ..\FWLIB\src\stm32f10x_crc.c             0x00000000   Number         0  stm32f10x_crc.o ABSOLUTE
    ..\FWLIB\src\stm32f10x_dma.c             0x00000000   Number         0  stm32f10x_dma.o ABSOLUTE
    ..\FWLIB\src\stm32f10x_exti.c            0x00000000   Number         0  stm32f10x_exti.o ABSOLUTE
    ..\FWLIB\src\stm32f10x_gpio.c            0x00000000   Number         0  stm32f10x_gpio.o ABSOLUTE
    ..\FWLIB\src\stm32f10x_i2c.c             0x00000000   Number         0  stm32f10x_i2c.o ABSOLUTE
    ..\FWLIB\src\stm32f10x_rcc.c             0x00000000   Number         0  stm32f10x_rcc.o ABSOLUTE
    ..\FWLIB\src\stm32f10x_sdio.c            0x00000000   Number         0  stm32f10x_sdio.o ABSOLUTE
    ..\FWLIB\src\stm32f10x_spi.c             0x00000000   Number         0  stm32f10x_spi.o ABSOLUTE
    ..\FWLIB\src\stm32f10x_tim.c             0x00000000   Number         0  stm32f10x_tim.o ABSOLUTE
    ..\FWLIB\src\stm32f10x_usart.c           0x00000000   Number         0  stm32f10x_usart.o ABSOLUTE
    ..\HARDWARE\HDC1080.c                    0x00000000   Number         0  hdc1080.o ABSOLUTE
    ..\HARDWARE\LEDandBuzz.c                 0x00000000   Number         0  ledandbuzz.o ABSOLUTE
    ..\HARDWARE\MAX7219.c                    0x00000000   Number         0  max7219.o ABSOLUTE
    ..\HARDWARE\Motor.c                      0x00000000   Number         0  motor.o ABSOLUTE
    ..\HARDWARE\Myusart.c                    0x00000000   Number         0  myusart.o ABSOLUTE
    ..\HARDWARE\OLED.c                       0x00000000   Number         0  oled.o ABSOLUTE
    ..\HARDWARE\RC522.c                      0x00000000   Number         0  rc522.o ABSOLUTE
    ..\HARDWARE\Timeout.c                    0x00000000   Number         0  timeout.o ABSOLUTE
    ..\\CORE\\core_cm3.c                     0x00000000   Number         0  core_cm3.o ABSOLUTE
    dc.s                                     0x00000000   Number         0  dc.o ABSOLUTE
    delay.c                                  0x00000000   Number         0  delay.o ABSOLUTE
    main.c                                   0x00000000   Number         0  main.o ABSOLUTE
    sys.c                                    0x00000000   Number         0  sys.o ABSOLUTE
    usart.c                                  0x00000000   Number         0  usart.o ABSOLUTE
    RESET                                    0x08000000   Section      236  startup_stm32f10x_md.o(RESET)
    !!!main                                  0x080000ec   Section        8  __main.o(!!!main)
    !!!scatter                               0x080000f4   Section       52  __scatter.o(!!!scatter)
    !!dclz77c                                0x08000128   Section      100  __dclz77c.o(!!dclz77c)
    !!handler_zi                             0x0800018c   Section       28  __scatter_zi.o(!!handler_zi)
    .ARM.Collect$$_printf_percent$$00000000  0x080001a8   Section        0  _printf_percent.o(.ARM.Collect$$_printf_percent$$00000000)
    .ARM.Collect$$_printf_percent$$0000000C  0x080001a8   Section        6  _printf_x.o(.ARM.Collect$$_printf_percent$$0000000C)
    .ARM.Collect$$_printf_percent$$00000017  0x080001ae   Section        4  _printf_percent_end.o(.ARM.Collect$$_printf_percent$$00000017)
    .ARM.Collect$$libinit$$00000000          0x080001b2   Section        2  libinit.o(.ARM.Collect$$libinit$$00000000)
    .ARM.Collect$$libinit$$00000002          0x080001b4   Section        0  libinit2.o(.ARM.Collect$$libinit$$00000002)
    .ARM.Collect$$libinit$$00000004          0x080001b4   Section        0  libinit2.o(.ARM.Collect$$libinit$$00000004)
    .ARM.Collect$$libinit$$0000000A          0x080001b4   Section        0  libinit2.o(.ARM.Collect$$libinit$$0000000A)
    .ARM.Collect$$libinit$$0000000C          0x080001b4   Section        0  libinit2.o(.ARM.Collect$$libinit$$0000000C)
    .ARM.Collect$$libinit$$0000000E          0x080001b4   Section        0  libinit2.o(.ARM.Collect$$libinit$$0000000E)
    .ARM.Collect$$libinit$$00000011          0x080001b4   Section        0  libinit2.o(.ARM.Collect$$libinit$$00000011)
    .ARM.Collect$$libinit$$00000013          0x080001b4   Section        0  libinit2.o(.ARM.Collect$$libinit$$00000013)
    .ARM.Collect$$libinit$$00000015          0x080001b4   Section        0  libinit2.o(.ARM.Collect$$libinit$$00000015)
    .ARM.Collect$$libinit$$00000017          0x080001b4   Section        0  libinit2.o(.ARM.Collect$$libinit$$00000017)
    .ARM.Collect$$libinit$$00000019          0x080001b4   Section        0  libinit2.o(.ARM.Collect$$libinit$$00000019)
    .ARM.Collect$$libinit$$0000001B          0x080001b4   Section        0  libinit2.o(.ARM.Collect$$libinit$$0000001B)
    .ARM.Collect$$libinit$$0000001D          0x080001b4   Section        0  libinit2.o(.ARM.Collect$$libinit$$0000001D)
    .ARM.Collect$$libinit$$0000001F          0x080001b4   Section        0  libinit2.o(.ARM.Collect$$libinit$$0000001F)
    .ARM.Collect$$libinit$$00000021          0x080001b4   Section        0  libinit2.o(.ARM.Collect$$libinit$$00000021)
    .ARM.Collect$$libinit$$00000023          0x080001b4   Section        0  libinit2.o(.ARM.Collect$$libinit$$00000023)
    .ARM.Collect$$libinit$$00000025          0x080001b4   Section        0  libinit2.o(.ARM.Collect$$libinit$$00000025)
    .ARM.Collect$$libinit$$0000002C          0x080001b4   Section        0  libinit2.o(.ARM.Collect$$libinit$$0000002C)
    .ARM.Collect$$libinit$$0000002E          0x080001b4   Section        0  libinit2.o(.ARM.Collect$$libinit$$0000002E)
    .ARM.Collect$$libinit$$00000030          0x080001b4   Section        0  libinit2.o(.ARM.Collect$$libinit$$00000030)
    .ARM.Collect$$libinit$$00000032          0x080001b4   Section        0  libinit2.o(.ARM.Collect$$libinit$$00000032)
    .ARM.Collect$$libinit$$00000033          0x080001b4   Section        2  libinit2.o(.ARM.Collect$$libinit$$00000033)
    .ARM.Collect$$libshutdown$$00000000      0x080001b6   Section        2  libshutdown.o(.ARM.Collect$$libshutdown$$00000000)
    .ARM.Collect$$libshutdown$$00000002      0x080001b8   Section        0  libshutdown2.o(.ARM.Collect$$libshutdown$$00000002)
    .ARM.Collect$$libshutdown$$00000004      0x080001b8   Section        0  libshutdown2.o(.ARM.Collect$$libshutdown$$00000004)
    .ARM.Collect$$libshutdown$$00000007      0x080001b8   Section        0  libshutdown2.o(.ARM.Collect$$libshutdown$$00000007)
    .ARM.Collect$$libshutdown$$0000000A      0x080001b8   Section        0  libshutdown2.o(.ARM.Collect$$libshutdown$$0000000A)
    .ARM.Collect$$libshutdown$$0000000C      0x080001b8   Section        0  libshutdown2.o(.ARM.Collect$$libshutdown$$0000000C)
    .ARM.Collect$$libshutdown$$0000000F      0x080001b8   Section        0  libshutdown2.o(.ARM.Collect$$libshutdown$$0000000F)
    .ARM.Collect$$libshutdown$$00000010      0x080001b8   Section        2  libshutdown2.o(.ARM.Collect$$libshutdown$$00000010)
    .ARM.Collect$$rtentry$$00000000          0x080001ba   Section        0  __rtentry.o(.ARM.Collect$$rtentry$$00000000)
    .ARM.Collect$$rtentry$$00000002          0x080001ba   Section        0  __rtentry2.o(.ARM.Collect$$rtentry$$00000002)
    .ARM.Collect$$rtentry$$00000004          0x080001ba   Section        6  __rtentry4.o(.ARM.Collect$$rtentry$$00000004)
    .ARM.Collect$$rtentry$$00000009          0x080001c0   Section        0  __rtentry2.o(.ARM.Collect$$rtentry$$00000009)
    .ARM.Collect$$rtentry$$0000000A          0x080001c0   Section        4  __rtentry2.o(.ARM.Collect$$rtentry$$0000000A)
    .ARM.Collect$$rtentry$$0000000C          0x080001c4   Section        0  __rtentry2.o(.ARM.Collect$$rtentry$$0000000C)
    .ARM.Collect$$rtentry$$0000000D          0x080001c4   Section        8  __rtentry2.o(.ARM.Collect$$rtentry$$0000000D)
    .ARM.Collect$$rtexit$$00000000           0x080001cc   Section        2  rtexit.o(.ARM.Collect$$rtexit$$00000000)
    .ARM.Collect$$rtexit$$00000002           0x080001ce   Section        0  rtexit2.o(.ARM.Collect$$rtexit$$00000002)
    .ARM.Collect$$rtexit$$00000003           0x080001ce   Section        4  rtexit2.o(.ARM.Collect$$rtexit$$00000003)
    .ARM.Collect$$rtexit$$00000004           0x080001d2   Section        6  rtexit2.o(.ARM.Collect$$rtexit$$00000004)
    .text                                    0x080001d8   Section       64  startup_stm32f10x_md.o(.text)
    .text                                    0x08000218   Section        2  use_no_semi_2.o(.text)
    .text                                    0x0800021c   Section        0  noretval__2sprintf.o(.text)
    .text                                    0x08000244   Section        0  __printf.o(.text)
    .text                                    0x080002ac   Section        0  _printf_hex_int.o(.text)
    .text                                    0x08000304   Section        0  strncmp.o(.text)
    .text                                    0x0800039a   Section       78  rt_memclr_w.o(.text)
    .text                                    0x080003e8   Section        0  heapauxi.o(.text)
    .text                                    0x080003ee   Section        2  use_no_semi.o(.text)
    .text                                    0x080003f0   Section        0  _printf_intcommon.o(.text)
    .text                                    0x080004a4   Section        0  _printf_char_common.o(.text)
    _printf_input_char                       0x080004a5   Thumb Code    10  _printf_char_common.o(.text)
    .text                                    0x080004d4   Section        0  _sputc.o(.text)
    .text                                    0x080004de   Section       74  sys_stackheap_outer.o(.text)
    .text                                    0x08000528   Section        0  exit.o(.text)
    .text                                    0x0800053c   Section        8  libspace.o(.text)
    i.BUZZ_Flashing                          0x08000544   Section        0  ledandbuzz.o(i.BUZZ_Flashing)
    i.BusFault_Handler                       0x0800057c   Section        0  stm32f10x_it.o(i.BusFault_Handler)
    i.BuzzInit                               0x08000580   Section        0  ledandbuzz.o(i.BuzzInit)
    i.ClearArray                             0x080005b4   Section        0  myusart.o(i.ClearArray)
    i.ClearArray_u8                          0x080005c4   Section        0  myusart.o(i.ClearArray_u8)
    i.ClearBitMask                           0x080005d4   Section        0  rc522.o(i.ClearBitMask)
    i.DataAnalyze                            0x080005f0   Section        0  myusart.o(i.DataAnalyze)
    i.DataPacking                            0x08000638   Section        0  myusart.o(i.DataPacking)
    i.DebugMon_Handler                       0x080006ba   Section        0  stm32f10x_it.o(i.DebugMon_Handler)
    i.Digitaltube_Close                      0x080006bc   Section        0  max7219.o(i.Digitaltube_Close)
    i.Digitaltube_Wait                       0x080006e0   Section        0  max7219.o(i.Digitaltube_Wait)
    i.FrameCheckIfSendAck                    0x08000704   Section        0  myusart.o(i.FrameCheckIfSendAck)
    i.GPIO_Init                              0x0800077c   Section        0  stm32f10x_gpio.o(i.GPIO_Init)
    i.GPIO_ResetBits                         0x08000892   Section        0  stm32f10x_gpio.o(i.GPIO_ResetBits)
    i.GPIO_SetBits                           0x08000896   Section        0  stm32f10x_gpio.o(i.GPIO_SetBits)
    i.HDC1080_Init                           0x0800089c   Section        0  hdc1080.o(i.HDC1080_Init)
    i.HDC1080_ReadBuffer                     0x080008e4   Section        0  hdc1080.o(i.HDC1080_ReadBuffer)
    i.HDC1080_Read_Temper                    0x08000944   Section        0  hdc1080.o(i.HDC1080_Read_Temper)
    i.HDC1080_Setting                        0x080009b0   Section        0  hdc1080.o(i.HDC1080_Setting)
    i.HDC1080_Soft_Reset                     0x080009c2   Section        0  hdc1080.o(i.HDC1080_Soft_Reset)
    i.HDC1080_WriteBuffer                    0x080009d8   Section        0  hdc1080.o(i.HDC1080_WriteBuffer)
    i.HardFault_Handler                      0x08000a1a   Section        0  stm32f10x_it.o(i.HardFault_Handler)
    i.IIC_Ack                                0x08000a20   Section        0  hdc1080.o(i.IIC_Ack)
    i.IIC_NAck                               0x08000a70   Section        0  hdc1080.o(i.IIC_NAck)
    i.IIC_Read_Byte                          0x08000ac0   Section        0  hdc1080.o(i.IIC_Read_Byte)
    i.IIC_Send_Byte                          0x08000b30   Section        0  hdc1080.o(i.IIC_Send_Byte)
    i.IIC_Start                              0x08000b98   Section        0  hdc1080.o(i.IIC_Start)
    i.IIC_Stop                               0x08000be4   Section        0  hdc1080.o(i.IIC_Stop)
    i.IIC_Wait_Ack                           0x08000c30   Section        0  hdc1080.o(i.IIC_Wait_Ack)
    i.LED_Flashing                           0x08000c94   Section        0  ledandbuzz.o(i.LED_Flashing)
    i.LedTurnOFF                             0x08000cc4   Section        0  ledandbuzz.o(i.LedTurnOFF)
    i.LedTurnON                              0x08000cf8   Section        0  ledandbuzz.o(i.LedTurnON)
    i.MAX7219_Init                           0x08000d2c   Section        0  max7219.o(i.MAX7219_Init)
    i.MemManage_Handler                      0x08000d9c   Section        0  stm32f10x_it.o(i.MemManage_Handler)
    i.MotorInit                              0x08000da0   Section        0  motor.o(i.MotorInit)
    i.MyusartInit                            0x08000dd8   Section        0  myusart.o(i.MyusartInit)
    i.NMI_Handler                            0x08000e80   Section        0  stm32f10x_it.o(i.NMI_Handler)
    i.NVIC_Configuration                     0x08000e82   Section        0  sys.o(i.NVIC_Configuration)
    i.NVIC_Init                              0x08000e90   Section        0  misc.o(i.NVIC_Init)
    i.NVIC_PriorityGroupConfig               0x08000f00   Section        0  misc.o(i.NVIC_PriorityGroupConfig)
    i.OLED_Clear                             0x08000f14   Section        0  oled.o(i.OLED_Clear)
    i.OLED_DisplayInit                       0x08000f54   Section        0  main.o(i.OLED_DisplayInit)
    i.OLED_DisplayUpdata                     0x08000fc4   Section        0  main.o(i.OLED_DisplayUpdata)
    i.OLED_Init                              0x08001014   Section        0  oled.o(i.OLED_Init)
    i.OLED_Set_Pos                           0x0800118c   Section        0  oled.o(i.OLED_Set_Pos)
    i.OLED_ShowCHinese                       0x080011bc   Section        0  oled.o(i.OLED_ShowCHinese)
    i.OLED_ShowChar                          0x08001224   Section        0  oled.o(i.OLED_ShowChar)
    i.OLED_ShowString                        0x08001294   Section        0  oled.o(i.OLED_ShowString)
    i.OLED_WR_Byte                           0x080012cc   Section        0  oled.o(i.OLED_WR_Byte)
    i.PcdAntennaOff                          0x08001340   Section        0  rc522.o(i.PcdAntennaOff)
    i.PcdAntennaOn                           0x0800134c   Section        0  rc522.o(i.PcdAntennaOn)
    i.PcdAnticoll                            0x08001366   Section        0  rc522.o(i.PcdAnticoll)
    i.PcdComMF522                            0x080013d6   Section        0  rc522.o(i.PcdComMF522)
    i.PcdRequest                             0x08001508   Section        0  rc522.o(i.PcdRequest)
    i.PcdReset                               0x0800155c   Section        0  rc522.o(i.PcdReset)
    i.PendSV_Handler                         0x080015d0   Section        0  stm32f10x_it.o(i.PendSV_Handler)
    i.RC522_Init                             0x080015d4   Section        0  rc522.o(i.RC522_Init)
    i.RCC_APB1PeriphClockCmd                 0x08001620   Section        0  stm32f10x_rcc.o(i.RCC_APB1PeriphClockCmd)
    i.RCC_APB1PeriphResetCmd                 0x08001640   Section        0  stm32f10x_rcc.o(i.RCC_APB1PeriphResetCmd)
    i.RCC_APB2PeriphClockCmd                 0x08001660   Section        0  stm32f10x_rcc.o(i.RCC_APB2PeriphClockCmd)
    i.RCC_APB2PeriphResetCmd                 0x08001680   Section        0  stm32f10x_rcc.o(i.RCC_APB2PeriphResetCmd)
    i.RCC_GetClocksFreq                      0x080016a0   Section        0  stm32f10x_rcc.o(i.RCC_GetClocksFreq)
    i.RFID_Search                            0x08001774   Section        0  rc522.o(i.RFID_Search)
    i.RFID_Updata                            0x080017f4   Section        0  main.o(i.RFID_Updata)
    i.RGBledInit                             0x08001944   Section        0  ledandbuzz.o(i.RGBledInit)
    i.ReadRawRC                              0x080019a0   Section        0  rc522.o(i.ReadRawRC)
    i.SVC_Handler                            0x08001a34   Section        0  stm32f10x_it.o(i.SVC_Handler)
    i.SendFaceRecognitionRequest             0x08001a38   Section        0  myusart.o(i.SendFaceRecognitionRequest)
    i.SetBitMask                             0x08001b1c   Section        0  rc522.o(i.SetBitMask)
    i.SetSysClock                            0x08001b38   Section        0  system_stm32f10x.o(i.SetSysClock)
    SetSysClock                              0x08001b39   Thumb Code     8  system_stm32f10x.o(i.SetSysClock)
    i.SetSysClockTo72                        0x08001b40   Section        0  system_stm32f10x.o(i.SetSysClockTo72)
    SetSysClockTo72                          0x08001b41   Thumb Code   214  system_stm32f10x.o(i.SetSysClockTo72)
    i.SysTick_CLKSourceConfig                0x08001c20   Section        0  misc.o(i.SysTick_CLKSourceConfig)
    i.SysTick_Handler                        0x08001c48   Section        0  stm32f10x_it.o(i.SysTick_Handler)
    i.SystemInit                             0x08001c4c   Section        0  system_stm32f10x.o(i.SystemInit)
    i.TIM2_IRQHandler                        0x08001cac   Section        0  timeout.o(i.TIM2_IRQHandler)
    i.TIM3_IRQHandler                        0x08001cf8   Section        0  timeout.o(i.TIM3_IRQHandler)
    i.TIM_ClearITPendingBit                  0x08001d48   Section        0  stm32f10x_tim.o(i.TIM_ClearITPendingBit)
    i.TIM_Cmd                                0x08001d4e   Section        0  stm32f10x_tim.o(i.TIM_Cmd)
    i.TIM_GetITStatus                        0x08001d66   Section        0  stm32f10x_tim.o(i.TIM_GetITStatus)
    i.TIM_ITConfig                           0x08001d88   Section        0  stm32f10x_tim.o(i.TIM_ITConfig)
    i.TIM_TimeBaseInit                       0x08001d9c   Section        0  stm32f10x_tim.o(i.TIM_TimeBaseInit)
    i.Temperature_DisplayUpdata              0x08001e40   Section        0  max7219.o(i.Temperature_DisplayUpdata)
    i.Timeout_Init                           0x08001ed4   Section        0  timeout.o(i.Timeout_Init)
    i.USART1_IRQHandler                      0x08001f38   Section        0  myusart.o(i.USART1_IRQHandler)
    i.USART_Cmd                              0x08001fd4   Section        0  stm32f10x_usart.o(i.USART_Cmd)
    i.USART_DeInit                           0x08001fec   Section        0  stm32f10x_usart.o(i.USART_DeInit)
    i.USART_GetFlagStatus                    0x08002088   Section        0  stm32f10x_usart.o(i.USART_GetFlagStatus)
    i.USART_GetITStatus                      0x080020a2   Section        0  stm32f10x_usart.o(i.USART_GetITStatus)
    i.USART_ITConfig                         0x080020f6   Section        0  stm32f10x_usart.o(i.USART_ITConfig)
    i.USART_Init                             0x08002140   Section        0  stm32f10x_usart.o(i.USART_Init)
    i.USART_ReceiveData                      0x08002218   Section        0  stm32f10x_usart.o(i.USART_ReceiveData)
    i.USART_SendData                         0x08002222   Section        0  stm32f10x_usart.o(i.USART_SendData)
    i.USART_SendLenData                      0x0800222a   Section        0  myusart.o(i.USART_SendLenData)
    i.UpdataTemperature                      0x0800225c   Section        0  myusart.o(i.UpdataTemperature)
    i.UsageFault_Handler                     0x08002348   Section        0  stm32f10x_it.o(i.UsageFault_Handler)
    i.UsartTimeout_Init                      0x0800234c   Section        0  timeout.o(i.UsartTimeout_Init)
    i.Write7219                              0x080023ac   Section        0  max7219.o(i.Write7219)
    i.WriteRawRC                             0x08002458   Section        0  rc522.o(i.WriteRawRC)
    i._sys_exit                              0x080024e8   Section        0  usart.o(i._sys_exit)
    i.delay_init                             0x080024ec   Section        0  delay.o(i.delay_init)
    i.delay_ms                               0x08002530   Section        0  delay.o(i.delay_ms)
    i.delay_us                               0x0800257c   Section        0  delay.o(i.delay_us)
    i.main                                   0x080025c8   Section        0  main.o(i.main)
    x$fpl$dadd                               0x08002750   Section      336  daddsub_clz.o(x$fpl$dadd)
    _dadd1                                   0x08002761   Thumb Code     0  daddsub_clz.o(x$fpl$dadd)
    x$fpl$ddiv                               0x080028a0   Section      688  ddiv.o(x$fpl$ddiv)
    ddiv_entry                               0x080028a7   Thumb Code     0  ddiv.o(x$fpl$ddiv)
    x$fpl$dfixu                              0x08002b50   Section       90  dfixu.o(x$fpl$dfixu)
    x$fpl$dflt                               0x08002baa   Section       46  dflt_clz.o(x$fpl$dflt)
    x$fpl$dmul                               0x08002bd8   Section      340  dmul.o(x$fpl$dmul)
    x$fpl$dnaninf                            0x08002d2c   Section      156  dnaninf.o(x$fpl$dnaninf)
    x$fpl$dretinf                            0x08002dc8   Section       12  dretinf.o(x$fpl$dretinf)
    x$fpl$dsub                               0x08002dd4   Section      468  daddsub_clz.o(x$fpl$dsub)
    _dsub1                                   0x08002de5   Thumb Code     0  daddsub_clz.o(x$fpl$dsub)
    .constdata                               0x08002fa8   Section     2072  oled.o(.constdata)
    x$fpl$usenofp                            0x08002fa8   Section        0  usenofp.o(x$fpl$usenofp)
    .constdata                               0x080037c0   Section       40  _printf_hex_int.o(.constdata)
    uc_hextab                                0x080037c0   Data          20  _printf_hex_int.o(.constdata)
    lc_hextab                                0x080037d4   Data          20  _printf_hex_int.o(.constdata)
    .data                                    0x20000000   Section       20  system_stm32f10x.o(.data)
    .data                                    0x20000014   Section     2432  oled.o(.data)
    .data                                    0x20000994   Section       10  max7219.o(.data)
    .data                                    0x2000099e   Section       17  myusart.o(.data)
    .data                                    0x200009af   Section        4  timeout.o(.data)
    .data                                    0x200009b4   Section        4  delay.o(.data)
    fac_us                                   0x200009b4   Data           1  delay.o(.data)
    fac_ms                                   0x200009b6   Data           2  delay.o(.data)
    .data                                    0x200009b8   Section       86  main.o(.data)
    .data                                    0x20000a0e   Section       20  stm32f10x_rcc.o(.data)
    APBAHBPrescTable                         0x20000a0e   Data          16  stm32f10x_rcc.o(.data)
    ADCPrescTable                            0x20000a1e   Data           4  stm32f10x_rcc.o(.data)
    .bss                                     0x20000a24   Section       60  myusart.o(.bss)
    .bss                                     0x20000a60   Section       96  libspace.o(.bss)
    HEAP                                     0x20000ac0   Section      512  startup_stm32f10x_md.o(HEAP)
    Heap_Mem                                 0x20000ac0   Data         512  startup_stm32f10x_md.o(HEAP)
    STACK                                    0x20000cc0   Section     1024  startup_stm32f10x_md.o(STACK)
    Stack_Mem                                0x20000cc0   Data        1024  startup_stm32f10x_md.o(STACK)
    __initial_sp                             0x200010c0   Data           0  startup_stm32f10x_md.o(STACK)

    Global Symbols

    Symbol Name                              Value     Ov Type        Size  Object(Section)

    BuildAttributes$$THM_ISAv4$P$D$K$B$S$PE$A:L22UL41UL21$X:L11$S22US41US21$IEEE1$IW$USESV6$~STKCKD$USESV7$~SHL$OSPACE$ROPI$EBA8$UX$STANDARDLIB$REQ8$PRES8$EABIv2 0x00000000   Number         0  anon$$obj.o ABSOLUTE
    __ARM_use_no_argv                        0x00000000   Number         0  main.o ABSOLUTE
    __ARM_exceptions_init                     - Undefined Weak Reference
    __alloca_initialize                       - Undefined Weak Reference
    __arm_preinit_                            - Undefined Weak Reference
    __cpp_initialize__aeabi_                  - Undefined Weak Reference
    __cxa_finalize                            - Undefined Weak Reference
    __rt_locale                               - Undefined Weak Reference
    __sigvec_lookup                           - Undefined Weak Reference
    _atexit_init                              - Undefined Weak Reference
    _call_atexit_fns                          - Undefined Weak Reference
    _clock_init                               - Undefined Weak Reference
    _fp_trap_init                             - Undefined Weak Reference
    _fp_trap_shutdown                         - Undefined Weak Reference
    _get_lc_collate                           - Undefined Weak Reference
    _get_lc_ctype                             - Undefined Weak Reference
    _get_lc_monetary                          - Undefined Weak Reference
    _get_lc_numeric                           - Undefined Weak Reference
    _get_lc_time                              - Undefined Weak Reference
    _getenv_init                              - Undefined Weak Reference
    _handle_redirection                       - Undefined Weak Reference
    _init_alloc                               - Undefined Weak Reference
    _init_user_alloc                          - Undefined Weak Reference
    _initio                                   - Undefined Weak Reference
    _printf_post_padding                      - Undefined Weak Reference
    _printf_pre_padding                       - Undefined Weak Reference
    _printf_truncate_unsigned                 - Undefined Weak Reference
    _rand_init                                - Undefined Weak Reference
    _signal_finish                            - Undefined Weak Reference
    _signal_init                              - Undefined Weak Reference
    _terminate_alloc                          - Undefined Weak Reference
    _terminate_user_alloc                     - Undefined Weak Reference
    _terminateio                              - Undefined Weak Reference
    __Vectors_Size                           0x000000ec   Number         0  startup_stm32f10x_md.o ABSOLUTE
    __Vectors                                0x08000000   Data           4  startup_stm32f10x_md.o(RESET)
    __Vectors_End                            0x080000ec   Data           0  startup_stm32f10x_md.o(RESET)
    __main                                   0x080000ed   Thumb Code     8  __main.o(!!!main)
    __scatterload                            0x080000f5   Thumb Code     0  __scatter.o(!!!scatter)
    __scatterload_rt2                        0x080000f5   Thumb Code    44  __scatter.o(!!!scatter)
    __scatterload_rt2_thumb_only             0x080000f5   Thumb Code     0  __scatter.o(!!!scatter)
    __scatterload_null                       0x08000103   Thumb Code     0  __scatter.o(!!!scatter)
    __decompress                             0x08000129   Thumb Code   100  __dclz77c.o(!!dclz77c)
    __decompress2                            0x08000129   Thumb Code     0  __dclz77c.o(!!dclz77c)
    __scatterload_zeroinit                   0x0800018d   Thumb Code    28  __scatter_zi.o(!!handler_zi)
    _printf_percent                          0x080001a9   Thumb Code     0  _printf_percent.o(.ARM.Collect$$_printf_percent$$00000000)
    _printf_x                                0x080001a9   Thumb Code     0  _printf_x.o(.ARM.Collect$$_printf_percent$$0000000C)
    _printf_percent_end                      0x080001af   Thumb Code     0  _printf_percent_end.o(.ARM.Collect$$_printf_percent$$00000017)
    __rt_lib_init                            0x080001b3   Thumb Code     0  libinit.o(.ARM.Collect$$libinit$$00000000)
    __rt_lib_init_alloca_1                   0x080001b5   Thumb Code     0  libinit2.o(.ARM.Collect$$libinit$$0000002E)
    __rt_lib_init_argv_1                     0x080001b5   Thumb Code     0  libinit2.o(.ARM.Collect$$libinit$$0000002C)
    __rt_lib_init_atexit_1                   0x080001b5   Thumb Code     0  libinit2.o(.ARM.Collect$$libinit$$0000001B)
    __rt_lib_init_clock_1                    0x080001b5   Thumb Code     0  libinit2.o(.ARM.Collect$$libinit$$00000021)
    __rt_lib_init_cpp_1                      0x080001b5   Thumb Code     0  libinit2.o(.ARM.Collect$$libinit$$00000032)
    __rt_lib_init_exceptions_1               0x080001b5   Thumb Code     0  libinit2.o(.ARM.Collect$$libinit$$00000030)
    __rt_lib_init_fp_1                       0x080001b5   Thumb Code     0  libinit2.o(.ARM.Collect$$libinit$$00000002)
    __rt_lib_init_fp_trap_1                  0x080001b5   Thumb Code     0  libinit2.o(.ARM.Collect$$libinit$$0000001F)
    __rt_lib_init_getenv_1                   0x080001b5   Thumb Code     0  libinit2.o(.ARM.Collect$$libinit$$00000023)
    __rt_lib_init_heap_1                     0x080001b5   Thumb Code     0  libinit2.o(.ARM.Collect$$libinit$$0000000A)
    __rt_lib_init_lc_collate_1               0x080001b5   Thumb Code     0  libinit2.o(.ARM.Collect$$libinit$$00000011)
    __rt_lib_init_lc_ctype_1                 0x080001b5   Thumb Code     0  libinit2.o(.ARM.Collect$$libinit$$00000013)
    __rt_lib_init_lc_monetary_1              0x080001b5   Thumb Code     0  libinit2.o(.ARM.Collect$$libinit$$00000015)
    __rt_lib_init_lc_numeric_1               0x080001b5   Thumb Code     0  libinit2.o(.ARM.Collect$$libinit$$00000017)
    __rt_lib_init_lc_time_1                  0x080001b5   Thumb Code     0  libinit2.o(.ARM.Collect$$libinit$$00000019)
    __rt_lib_init_preinit_1                  0x080001b5   Thumb Code     0  libinit2.o(.ARM.Collect$$libinit$$00000004)
    __rt_lib_init_rand_1                     0x080001b5   Thumb Code     0  libinit2.o(.ARM.Collect$$libinit$$0000000E)
    __rt_lib_init_return                     0x080001b5   Thumb Code     0  libinit2.o(.ARM.Collect$$libinit$$00000033)
    __rt_lib_init_signal_1                   0x080001b5   Thumb Code     0  libinit2.o(.ARM.Collect$$libinit$$0000001D)
    __rt_lib_init_stdio_1                    0x080001b5   Thumb Code     0  libinit2.o(.ARM.Collect$$libinit$$00000025)
    __rt_lib_init_user_alloc_1               0x080001b5   Thumb Code     0  libinit2.o(.ARM.Collect$$libinit$$0000000C)
    __rt_lib_shutdown                        0x080001b7   Thumb Code     0  libshutdown.o(.ARM.Collect$$libshutdown$$00000000)
    __rt_lib_shutdown_cpp_1                  0x080001b9   Thumb Code     0  libshutdown2.o(.ARM.Collect$$libshutdown$$00000002)
    __rt_lib_shutdown_fp_trap_1              0x080001b9   Thumb Code     0  libshutdown2.o(.ARM.Collect$$libshutdown$$00000007)
    __rt_lib_shutdown_heap_1                 0x080001b9   Thumb Code     0  libshutdown2.o(.ARM.Collect$$libshutdown$$0000000F)
    __rt_lib_shutdown_return                 0x080001b9   Thumb Code     0  libshutdown2.o(.ARM.Collect$$libshutdown$$00000010)
    __rt_lib_shutdown_signal_1               0x080001b9   Thumb Code     0  libshutdown2.o(.ARM.Collect$$libshutdown$$0000000A)
    __rt_lib_shutdown_stdio_1                0x080001b9   Thumb Code     0  libshutdown2.o(.ARM.Collect$$libshutdown$$00000004)
    __rt_lib_shutdown_user_alloc_1           0x080001b9   Thumb Code     0  libshutdown2.o(.ARM.Collect$$libshutdown$$0000000C)
    __rt_entry                               0x080001bb   Thumb Code     0  __rtentry.o(.ARM.Collect$$rtentry$$00000000)
    __rt_entry_presh_1                       0x080001bb   Thumb Code     0  __rtentry2.o(.ARM.Collect$$rtentry$$00000002)
    __rt_entry_sh                            0x080001bb   Thumb Code     0  __rtentry4.o(.ARM.Collect$$rtentry$$00000004)
    __rt_entry_li                            0x080001c1   Thumb Code     0  __rtentry2.o(.ARM.Collect$$rtentry$$0000000A)
    __rt_entry_postsh_1                      0x080001c1   Thumb Code     0  __rtentry2.o(.ARM.Collect$$rtentry$$00000009)
    __rt_entry_main                          0x080001c5   Thumb Code     0  __rtentry2.o(.ARM.Collect$$rtentry$$0000000D)
    __rt_entry_postli_1                      0x080001c5   Thumb Code     0  __rtentry2.o(.ARM.Collect$$rtentry$$0000000C)
    __rt_exit                                0x080001cd   Thumb Code     0  rtexit.o(.ARM.Collect$$rtexit$$00000000)
    __rt_exit_ls                             0x080001cf   Thumb Code     0  rtexit2.o(.ARM.Collect$$rtexit$$00000003)
    __rt_exit_prels_1                        0x080001cf   Thumb Code     0  rtexit2.o(.ARM.Collect$$rtexit$$00000002)
    __rt_exit_exit                           0x080001d3   Thumb Code     0  rtexit2.o(.ARM.Collect$$rtexit$$00000004)
    Reset_Handler                            0x080001d9   Thumb Code     8  startup_stm32f10x_md.o(.text)
    ADC1_2_IRQHandler                        0x080001f3   Thumb Code     0  startup_stm32f10x_md.o(.text)
    CAN1_RX1_IRQHandler                      0x080001f3   Thumb Code     0  startup_stm32f10x_md.o(.text)
    CAN1_SCE_IRQHandler                      0x080001f3   Thumb Code     0  startup_stm32f10x_md.o(.text)
    DMA1_Channel1_IRQHandler                 0x080001f3   Thumb Code     0  startup_stm32f10x_md.o(.text)
    DMA1_Channel2_IRQHandler                 0x080001f3   Thumb Code     0  startup_stm32f10x_md.o(.text)
    DMA1_Channel3_IRQHandler                 0x080001f3   Thumb Code     0  startup_stm32f10x_md.o(.text)
    DMA1_Channel4_IRQHandler                 0x080001f3   Thumb Code     0  startup_stm32f10x_md.o(.text)
    DMA1_Channel5_IRQHandler                 0x080001f3   Thumb Code     0  startup_stm32f10x_md.o(.text)
    DMA1_Channel6_IRQHandler                 0x080001f3   Thumb Code     0  startup_stm32f10x_md.o(.text)
    DMA1_Channel7_IRQHandler                 0x080001f3   Thumb Code     0  startup_stm32f10x_md.o(.text)
    EXTI0_IRQHandler                         0x080001f3   Thumb Code     0  startup_stm32f10x_md.o(.text)
    EXTI15_10_IRQHandler                     0x080001f3   Thumb Code     0  startup_stm32f10x_md.o(.text)
    EXTI1_IRQHandler                         0x080001f3   Thumb Code     0  startup_stm32f10x_md.o(.text)
    EXTI2_IRQHandler                         0x080001f3   Thumb Code     0  startup_stm32f10x_md.o(.text)
    EXTI3_IRQHandler                         0x080001f3   Thumb Code     0  startup_stm32f10x_md.o(.text)
    EXTI4_IRQHandler                         0x080001f3   Thumb Code     0  startup_stm32f10x_md.o(.text)
    EXTI9_5_IRQHandler                       0x080001f3   Thumb Code     0  startup_stm32f10x_md.o(.text)
    FLASH_IRQHandler                         0x080001f3   Thumb Code     0  startup_stm32f10x_md.o(.text)
    I2C1_ER_IRQHandler                       0x080001f3   Thumb Code     0  startup_stm32f10x_md.o(.text)
    I2C1_EV_IRQHandler                       0x080001f3   Thumb Code     0  startup_stm32f10x_md.o(.text)
    I2C2_ER_IRQHandler                       0x080001f3   Thumb Code     0  startup_stm32f10x_md.o(.text)
    I2C2_EV_IRQHandler                       0x080001f3   Thumb Code     0  startup_stm32f10x_md.o(.text)
    PVD_IRQHandler                           0x080001f3   Thumb Code     0  startup_stm32f10x_md.o(.text)
    RCC_IRQHandler                           0x080001f3   Thumb Code     0  startup_stm32f10x_md.o(.text)
    RTCAlarm_IRQHandler                      0x080001f3   Thumb Code     0  startup_stm32f10x_md.o(.text)
    RTC_IRQHandler                           0x080001f3   Thumb Code     0  startup_stm32f10x_md.o(.text)
    SPI1_IRQHandler                          0x080001f3   Thumb Code     0  startup_stm32f10x_md.o(.text)
    SPI2_IRQHandler                          0x080001f3   Thumb Code     0  startup_stm32f10x_md.o(.text)
    TAMPER_IRQHandler                        0x080001f3   Thumb Code     0  startup_stm32f10x_md.o(.text)
    TIM1_BRK_IRQHandler                      0x080001f3   Thumb Code     0  startup_stm32f10x_md.o(.text)
    TIM1_CC_IRQHandler                       0x080001f3   Thumb Code     0  startup_stm32f10x_md.o(.text)
    TIM1_TRG_COM_IRQHandler                  0x080001f3   Thumb Code     0  startup_stm32f10x_md.o(.text)
    TIM1_UP_IRQHandler                       0x080001f3   Thumb Code     0  startup_stm32f10x_md.o(.text)
    TIM4_IRQHandler                          0x080001f3   Thumb Code     0  startup_stm32f10x_md.o(.text)
    USART2_IRQHandler                        0x080001f3   Thumb Code     0  startup_stm32f10x_md.o(.text)
    USART3_IRQHandler                        0x080001f3   Thumb Code     0  startup_stm32f10x_md.o(.text)
    USBWakeUp_IRQHandler                     0x080001f3   Thumb Code     0  startup_stm32f10x_md.o(.text)
    USB_HP_CAN1_TX_IRQHandler                0x080001f3   Thumb Code     0  startup_stm32f10x_md.o(.text)
    USB_LP_CAN1_RX0_IRQHandler               0x080001f3   Thumb Code     0  startup_stm32f10x_md.o(.text)
    WWDG_IRQHandler                          0x080001f3   Thumb Code     0  startup_stm32f10x_md.o(.text)
    __user_initial_stackheap                 0x080001f5   Thumb Code     0  startup_stm32f10x_md.o(.text)
    __use_no_semihosting                     0x08000219   Thumb Code     2  use_no_semi_2.o(.text)
    __2sprintf                               0x0800021d   Thumb Code    34  noretval__2sprintf.o(.text)
    __printf                                 0x08000245   Thumb Code   104  __printf.o(.text)
    _printf_int_hex                          0x080002ad   Thumb Code    84  _printf_hex_int.o(.text)
    _printf_longlong_hex                     0x080002ad   Thumb Code     0  _printf_hex_int.o(.text)
    strncmp                                  0x08000305   Thumb Code   150  strncmp.o(.text)
    __aeabi_memclr4                          0x0800039b   Thumb Code     0  rt_memclr_w.o(.text)
    __aeabi_memclr8                          0x0800039b   Thumb Code     0  rt_memclr_w.o(.text)
    __rt_memclr_w                            0x0800039b   Thumb Code    78  rt_memclr_w.o(.text)
    _memset_w                                0x0800039f   Thumb Code     0  rt_memclr_w.o(.text)
    __use_two_region_memory                  0x080003e9   Thumb Code     2  heapauxi.o(.text)
    __rt_heap_escrow$2region                 0x080003eb   Thumb Code     2  heapauxi.o(.text)
    __rt_heap_expand$2region                 0x080003ed   Thumb Code     2  heapauxi.o(.text)
    __I$use$semihosting                      0x080003ef   Thumb Code     0  use_no_semi.o(.text)
    __use_no_semihosting_swi                 0x080003ef   Thumb Code     2  use_no_semi.o(.text)
    _printf_int_common                       0x080003f1   Thumb Code   178  _printf_intcommon.o(.text)
    _printf_char_common                      0x080004af   Thumb Code    32  _printf_char_common.o(.text)
    _sputc                                   0x080004d5   Thumb Code    10  _sputc.o(.text)
    __user_setup_stackheap                   0x080004df   Thumb Code    74  sys_stackheap_outer.o(.text)
    exit                                     0x08000529   Thumb Code    18  exit.o(.text)
    __user_libspace                          0x0800053d   Thumb Code     8  libspace.o(.text)
    __user_perproc_libspace                  0x0800053d   Thumb Code     0  libspace.o(.text)
    __user_perthread_libspace                0x0800053d   Thumb Code     0  libspace.o(.text)
    BUZZ_Flashing                            0x08000545   Thumb Code    46  ledandbuzz.o(i.BUZZ_Flashing)
    BusFault_Handler                         0x0800057d   Thumb Code     4  stm32f10x_it.o(i.BusFault_Handler)
    BuzzInit                                 0x08000581   Thumb Code    46  ledandbuzz.o(i.BuzzInit)
    ClearArray                               0x080005b5   Thumb Code    16  myusart.o(i.ClearArray)
    ClearArray_u8                            0x080005c5   Thumb Code    16  myusart.o(i.ClearArray_u8)
    ClearBitMask                             0x080005d5   Thumb Code    28  rc522.o(i.ClearBitMask)
    DataAnalyze                              0x080005f1   Thumb Code    60  myusart.o(i.DataAnalyze)
    DataPacking                              0x08000639   Thumb Code   130  myusart.o(i.DataPacking)
    DebugMon_Handler                         0x080006bb   Thumb Code     2  stm32f10x_it.o(i.DebugMon_Handler)
    Digitaltube_Close                        0x080006bd   Thumb Code    36  max7219.o(i.Digitaltube_Close)
    Digitaltube_Wait                         0x080006e1   Thumb Code    36  max7219.o(i.Digitaltube_Wait)
    FrameCheckIfSendAck                      0x08000705   Thumb Code   114  myusart.o(i.FrameCheckIfSendAck)
    GPIO_Init                                0x0800077d   Thumb Code   278  stm32f10x_gpio.o(i.GPIO_Init)
    GPIO_ResetBits                           0x08000893   Thumb Code     4  stm32f10x_gpio.o(i.GPIO_ResetBits)
    GPIO_SetBits                             0x08000897   Thumb Code     4  stm32f10x_gpio.o(i.GPIO_SetBits)
    HDC1080_Init                             0x0800089d   Thumb Code    60  hdc1080.o(i.HDC1080_Init)
    HDC1080_ReadBuffer                       0x080008e5   Thumb Code    96  hdc1080.o(i.HDC1080_ReadBuffer)
    HDC1080_Read_Temper                      0x08000945   Thumb Code    90  hdc1080.o(i.HDC1080_Read_Temper)
    HDC1080_Setting                          0x080009b1   Thumb Code    18  hdc1080.o(i.HDC1080_Setting)
    HDC1080_Soft_Reset                       0x080009c3   Thumb Code    22  hdc1080.o(i.HDC1080_Soft_Reset)
    HDC1080_WriteBuffer                      0x080009d9   Thumb Code    66  hdc1080.o(i.HDC1080_WriteBuffer)
    HardFault_Handler                        0x08000a1b   Thumb Code     4  stm32f10x_it.o(i.HardFault_Handler)
    IIC_Ack                                  0x08000a21   Thumb Code    66  hdc1080.o(i.IIC_Ack)
    IIC_NAck                                 0x08000a71   Thumb Code    66  hdc1080.o(i.IIC_NAck)
    IIC_Read_Byte                            0x08000ac1   Thumb Code    98  hdc1080.o(i.IIC_Read_Byte)
    IIC_Send_Byte                            0x08000b31   Thumb Code    90  hdc1080.o(i.IIC_Send_Byte)
    IIC_Start                                0x08000b99   Thumb Code    64  hdc1080.o(i.IIC_Start)
    IIC_Stop                                 0x08000be5   Thumb Code    62  hdc1080.o(i.IIC_Stop)
    IIC_Wait_Ack                             0x08000c31   Thumb Code    86  hdc1080.o(i.IIC_Wait_Ack)
    LED_Flashing                             0x08000c95   Thumb Code    46  ledandbuzz.o(i.LED_Flashing)
    LedTurnOFF                               0x08000cc5   Thumb Code    44  ledandbuzz.o(i.LedTurnOFF)
    LedTurnON                                0x08000cf9   Thumb Code    44  ledandbuzz.o(i.LedTurnON)
    MAX7219_Init                             0x08000d2d   Thumb Code   102  max7219.o(i.MAX7219_Init)
    MemManage_Handler                        0x08000d9d   Thumb Code     4  stm32f10x_it.o(i.MemManage_Handler)
    MotorInit                                0x08000da1   Thumb Code    50  motor.o(i.MotorInit)
    MyusartInit                              0x08000dd9   Thumb Code   158  myusart.o(i.MyusartInit)
    NMI_Handler                              0x08000e81   Thumb Code     2  stm32f10x_it.o(i.NMI_Handler)
    NVIC_Configuration                       0x08000e83   Thumb Code    12  sys.o(i.NVIC_Configuration)
    NVIC_Init                                0x08000e91   Thumb Code   100  misc.o(i.NVIC_Init)
    NVIC_PriorityGroupConfig                 0x08000f01   Thumb Code    10  misc.o(i.NVIC_PriorityGroupConfig)
    OLED_Clear                               0x08000f15   Thumb Code    64  oled.o(i.OLED_Clear)
    OLED_DisplayInit                         0x08000f55   Thumb Code    98  main.o(i.OLED_DisplayInit)
    OLED_DisplayUpdata                       0x08000fc5   Thumb Code    76  main.o(i.OLED_DisplayUpdata)
    OLED_Init                                0x08001015   Thumb Code   368  oled.o(i.OLED_Init)
    OLED_Set_Pos                             0x0800118d   Thumb Code    46  oled.o(i.OLED_Set_Pos)
    OLED_ShowCHinese                         0x080011bd   Thumb Code    98  oled.o(i.OLED_ShowCHinese)
    OLED_ShowChar                            0x08001225   Thumb Code   106  oled.o(i.OLED_ShowChar)
    OLED_ShowString                          0x08001295   Thumb Code    54  oled.o(i.OLED_ShowString)
    OLED_WR_Byte                             0x080012cd   Thumb Code   108  oled.o(i.OLED_WR_Byte)
    PcdAntennaOff                            0x08001341   Thumb Code    12  rc522.o(i.PcdAntennaOff)
    PcdAntennaOn                             0x0800134d   Thumb Code    26  rc522.o(i.PcdAntennaOn)
    PcdAnticoll                              0x08001367   Thumb Code   112  rc522.o(i.PcdAnticoll)
    PcdComMF522                              0x080013d7   Thumb Code   306  rc522.o(i.PcdComMF522)
    PcdRequest                               0x08001509   Thumb Code    84  rc522.o(i.PcdRequest)
    PcdReset                                 0x0800155d   Thumb Code   106  rc522.o(i.PcdReset)
    PendSV_Handler                           0x080015d1   Thumb Code     2  stm32f10x_it.o(i.PendSV_Handler)
    RC522_Init                               0x080015d5   Thumb Code    72  rc522.o(i.RC522_Init)
    RCC_APB1PeriphClockCmd                   0x08001621   Thumb Code    26  stm32f10x_rcc.o(i.RCC_APB1PeriphClockCmd)
    RCC_APB1PeriphResetCmd                   0x08001641   Thumb Code    26  stm32f10x_rcc.o(i.RCC_APB1PeriphResetCmd)
    RCC_APB2PeriphClockCmd                   0x08001661   Thumb Code    26  stm32f10x_rcc.o(i.RCC_APB2PeriphClockCmd)
    RCC_APB2PeriphResetCmd                   0x08001681   Thumb Code    26  stm32f10x_rcc.o(i.RCC_APB2PeriphResetCmd)
    RCC_GetClocksFreq                        0x080016a1   Thumb Code   192  stm32f10x_rcc.o(i.RCC_GetClocksFreq)
    RFID_Search                              0x08001775   Thumb Code   122  rc522.o(i.RFID_Search)
    RFID_Updata                              0x080017f5   Thumb Code   260  main.o(i.RFID_Updata)
    RGBledInit                               0x08001945   Thumb Code    84  ledandbuzz.o(i.RGBledInit)
    ReadRawRC                                0x080019a1   Thumb Code   138  rc522.o(i.ReadRawRC)
    SVC_Handler                              0x08001a35   Thumb Code     2  stm32f10x_it.o(i.SVC_Handler)
    SendFaceRecognitionRequest               0x08001a39   Thumb Code   196  myusart.o(i.SendFaceRecognitionRequest)
    SetBitMask                               0x08001b1d   Thumb Code    28  rc522.o(i.SetBitMask)
    SysTick_CLKSourceConfig                  0x08001c21   Thumb Code    40  misc.o(i.SysTick_CLKSourceConfig)
    SysTick_Handler                          0x08001c49   Thumb Code     2  stm32f10x_it.o(i.SysTick_Handler)
    SystemInit                               0x08001c4d   Thumb Code    78  system_stm32f10x.o(i.SystemInit)
    TIM2_IRQHandler                          0x08001cad   Thumb Code    64  timeout.o(i.TIM2_IRQHandler)
    TIM3_IRQHandler                          0x08001cf9   Thumb Code    58  timeout.o(i.TIM3_IRQHandler)
    TIM_ClearITPendingBit                    0x08001d49   Thumb Code     6  stm32f10x_tim.o(i.TIM_ClearITPendingBit)
    TIM_Cmd                                  0x08001d4f   Thumb Code    24  stm32f10x_tim.o(i.TIM_Cmd)
    TIM_GetITStatus                          0x08001d67   Thumb Code    34  stm32f10x_tim.o(i.TIM_GetITStatus)
    TIM_ITConfig                             0x08001d89   Thumb Code    18  stm32f10x_tim.o(i.TIM_ITConfig)
    TIM_TimeBaseInit                         0x08001d9d   Thumb Code   122  stm32f10x_tim.o(i.TIM_TimeBaseInit)
    Temperature_DisplayUpdata                0x08001e41   Thumb Code   142  max7219.o(i.Temperature_DisplayUpdata)
    Timeout_Init                             0x08001ed5   Thumb Code    94  timeout.o(i.Timeout_Init)
    USART1_IRQHandler                        0x08001f39   Thumb Code   140  myusart.o(i.USART1_IRQHandler)
    USART_Cmd                                0x08001fd5   Thumb Code    24  stm32f10x_usart.o(i.USART_Cmd)
    USART_DeInit                             0x08001fed   Thumb Code   134  stm32f10x_usart.o(i.USART_DeInit)
    USART_GetFlagStatus                      0x08002089   Thumb Code    26  stm32f10x_usart.o(i.USART_GetFlagStatus)
    USART_GetITStatus                        0x080020a3   Thumb Code    84  stm32f10x_usart.o(i.USART_GetITStatus)
    USART_ITConfig                           0x080020f7   Thumb Code    74  stm32f10x_usart.o(i.USART_ITConfig)
    USART_Init                               0x08002141   Thumb Code   210  stm32f10x_usart.o(i.USART_Init)
    USART_ReceiveData                        0x08002219   Thumb Code    10  stm32f10x_usart.o(i.USART_ReceiveData)
    USART_SendData                           0x08002223   Thumb Code     8  stm32f10x_usart.o(i.USART_SendData)
    USART_SendLenData                        0x0800222b   Thumb Code    50  myusart.o(i.USART_SendLenData)
    UpdataTemperature                        0x0800225d   Thumb Code   208  myusart.o(i.UpdataTemperature)
    UsageFault_Handler                       0x08002349   Thumb Code     4  stm32f10x_it.o(i.UsageFault_Handler)
    UsartTimeout_Init                        0x0800234d   Thumb Code    94  timeout.o(i.UsartTimeout_Init)
    Write7219                                0x080023ad   Thumb Code   158  max7219.o(i.Write7219)
    WriteRawRC                               0x08002459   Thumb Code   136  rc522.o(i.WriteRawRC)
    _sys_exit                                0x080024e9   Thumb Code     4  usart.o(i._sys_exit)
    delay_init                               0x080024ed   Thumb Code    50  delay.o(i.delay_init)
    delay_ms                                 0x08002531   Thumb Code    72  delay.o(i.delay_ms)
    delay_us                                 0x0800257d   Thumb Code    72  delay.o(i.delay_us)
    main                                     0x080025c9   Thumb Code   358  main.o(i.main)
    __aeabi_dadd                             0x08002751   Thumb Code     0  daddsub_clz.o(x$fpl$dadd)
    _dadd                                    0x08002751   Thumb Code   332  daddsub_clz.o(x$fpl$dadd)
    __aeabi_ddiv                             0x080028a1   Thumb Code     0  ddiv.o(x$fpl$ddiv)
    _ddiv                                    0x080028a1   Thumb Code   552  ddiv.o(x$fpl$ddiv)
    __aeabi_d2uiz                            0x08002b51   Thumb Code     0  dfixu.o(x$fpl$dfixu)
    _dfixu                                   0x08002b51   Thumb Code    90  dfixu.o(x$fpl$dfixu)
    __aeabi_i2d                              0x08002bab   Thumb Code     0  dflt_clz.o(x$fpl$dflt)
    _dflt                                    0x08002bab   Thumb Code    46  dflt_clz.o(x$fpl$dflt)
    __aeabi_dmul                             0x08002bd9   Thumb Code     0  dmul.o(x$fpl$dmul)
    _dmul                                    0x08002bd9   Thumb Code   332  dmul.o(x$fpl$dmul)
    __fpl_dnaninf                            0x08002d2d   Thumb Code   156  dnaninf.o(x$fpl$dnaninf)
    __fpl_dretinf                            0x08002dc9   Thumb Code    12  dretinf.o(x$fpl$dretinf)
    __aeabi_dsub                             0x08002dd5   Thumb Code     0  daddsub_clz.o(x$fpl$dsub)
    _dsub                                    0x08002dd5   Thumb Code   464  daddsub_clz.o(x$fpl$dsub)
    F6x8                                     0x08002fa8   Data         552  oled.o(.constdata)
    __I$use$fp                               0x08002fa8   Number         0  usenofp.o(x$fpl$usenofp)
    F8X16                                    0x080031d0   Data        1520  oled.o(.constdata)
    Region$$Table$$Base                      0x080037e8   Number         0  anon$$obj.o(Region$$Table)
    Region$$Table$$Limit                     0x08003808   Number         0  anon$$obj.o(Region$$Table)
    SystemCoreClock                          0x20000000   Data           4  system_stm32f10x.o(.data)
    AHBPrescTable                            0x20000004   Data          16  system_stm32f10x.o(.data)
    Hzk                                      0x20000014   Data         384  oled.o(.data)
    NameStr                                  0x20000194   Data        2048  oled.o(.data)
    number                                   0x20000994   Data          10  max7219.o(.data)
    ReceiveCount                             0x2000099e   Data           2  myusart.o(.data)
    AckPacked                                0x200009a0   Data          12  myusart.o(.data)
    RequestReceive                           0x200009ac   Data           1  myusart.o(.data)
    AckReceive                               0x200009ad   Data           1  myusart.o(.data)
    ReceiveEnable                            0x200009ae   Data           1  myusart.o(.data)
    AckTimeoutEnable                         0x200009af   Data           1  timeout.o(.data)
    AckTimeoutCount                          0x200009b0   Data           1  timeout.o(.data)
    RequestTimeoutEnable                     0x200009b1   Data           1  timeout.o(.data)
    RequestTimeoutCount                      0x200009b2   Data           1  timeout.o(.data)
    ID_liaotingchun                          0x200009b8   Data           8  main.o(.data)
    ID_zhongweimin                           0x200009c0   Data           8  main.o(.data)
    ID_zhengwujie                            0x200009c8   Data           8  main.o(.data)
    ID_haoshuyi                              0x200009d0   Data           8  main.o(.data)
    ID_maozimeng                             0x200009d8   Data           8  main.o(.data)
    ID_hulingqiao                            0x200009e0   Data           8  main.o(.data)
    ID_wangtianhui                           0x200009e8   Data           8  main.o(.data)
    ID_zhoujiahui                            0x200009f0   Data           8  main.o(.data)
    ID_biance                                0x200009f8   Data           8  main.o(.data)
    Temperature                              0x20000a00   Data           2  main.o(.data)
    IDcard                                   0x20000a02   Data          10  main.o(.data)
    TempMeas                                 0x20000a0c   Data           1  main.o(.data)
    ChineseName                              0x20000a0d   Data           1  main.o(.data)
    ReceiveBuff                              0x20000a24   Data          50  myusart.o(.bss)
    StuNumber                                0x20000a56   Data          10  myusart.o(.bss)
    __libspace_start                         0x20000a60   Data          96  libspace.o(.bss)
    __temporary_stack_top$libspace           0x20000ac0   Data           0  libspace.o(.bss)



==============================================================================

Memory Map of the image

  Image Entry point : 0x080000ed

  Load Region LR_IROM1 (Base: 0x08000000, Size: 0x0000422c, Max: 0x00010000, ABSOLUTE, COMPRESSED[0x00003c48])

    Execution Region ER_IROM1 (Exec base: 0x08000000, Load base: 0x08000000, Size: 0x00003808, Max: 0x00010000, ABSOLUTE)

    Exec Addr    Load Addr    Size         Type   Attr      Idx    E Section Name        Object

    0x08000000   0x08000000   0x000000ec   Data   RO          199    RESET               startup_stm32f10x_md.o
    0x080000ec   0x080000ec   0x00000008   Code   RO         2738  * !!!main             c_w.l(__main.o)
    0x080000f4   0x080000f4   0x00000034   Code   RO         2931    !!!scatter          c_w.l(__scatter.o)
    0x08000128   0x08000128   0x00000064   Code   RO         2929    !!dclz77c           c_w.l(__dclz77c.o)
    0x0800018c   0x0800018c   0x0000001c   Code   RO         2933    !!handler_zi        c_w.l(__scatter_zi.o)
    0x080001a8   0x080001a8   0x00000000   Code   RO         2731    .ARM.Collect$$_printf_percent$$00000000  c_w.l(_printf_percent.o)
    0x080001a8   0x080001a8   0x00000006   Code   RO         2730    .ARM.Collect$$_printf_percent$$0000000C  c_w.l(_printf_x.o)
    0x080001ae   0x080001ae   0x00000004   Code   RO         2771    .ARM.Collect$$_printf_percent$$00000017  c_w.l(_printf_percent_end.o)
    0x080001b2   0x080001b2   0x00000002   Code   RO         2803    .ARM.Collect$$libinit$$00000000  c_w.l(libinit.o)
    0x080001b4   0x080001b4   0x00000000   Code   RO         2810    .ARM.Collect$$libinit$$00000002  c_w.l(libinit2.o)
    0x080001b4   0x080001b4   0x00000000   Code   RO         2812    .ARM.Collect$$libinit$$00000004  c_w.l(libinit2.o)
    0x080001b4   0x080001b4   0x00000000   Code   RO         2815    .ARM.Collect$$libinit$$0000000A  c_w.l(libinit2.o)
    0x080001b4   0x080001b4   0x00000000   Code   RO         2817    .ARM.Collect$$libinit$$0000000C  c_w.l(libinit2.o)
    0x080001b4   0x080001b4   0x00000000   Code   RO         2819    .ARM.Collect$$libinit$$0000000E  c_w.l(libinit2.o)
    0x080001b4   0x080001b4   0x00000000   Code   RO         2822    .ARM.Collect$$libinit$$00000011  c_w.l(libinit2.o)
    0x080001b4   0x080001b4   0x00000000   Code   RO         2824    .ARM.Collect$$libinit$$00000013  c_w.l(libinit2.o)
    0x080001b4   0x080001b4   0x00000000   Code   RO         2826    .ARM.Collect$$libinit$$00000015  c_w.l(libinit2.o)
    0x080001b4   0x080001b4   0x00000000   Code   RO         2828    .ARM.Collect$$libinit$$00000017  c_w.l(libinit2.o)
    0x080001b4   0x080001b4   0x00000000   Code   RO         2830    .ARM.Collect$$libinit$$00000019  c_w.l(libinit2.o)
    0x080001b4   0x080001b4   0x00000000   Code   RO         2832    .ARM.Collect$$libinit$$0000001B  c_w.l(libinit2.o)
    0x080001b4   0x080001b4   0x00000000   Code   RO         2834    .ARM.Collect$$libinit$$0000001D  c_w.l(libinit2.o)
    0x080001b4   0x080001b4   0x00000000   Code   RO         2836    .ARM.Collect$$libinit$$0000001F  c_w.l(libinit2.o)
    0x080001b4   0x080001b4   0x00000000   Code   RO         2838    .ARM.Collect$$libinit$$00000021  c_w.l(libinit2.o)
    0x080001b4   0x080001b4   0x00000000   Code   RO         2840    .ARM.Collect$$libinit$$00000023  c_w.l(libinit2.o)
    0x080001b4   0x080001b4   0x00000000   Code   RO         2842    .ARM.Collect$$libinit$$00000025  c_w.l(libinit2.o)
    0x080001b4   0x080001b4   0x00000000   Code   RO         2846    .ARM.Collect$$libinit$$0000002C  c_w.l(libinit2.o)
    0x080001b4   0x080001b4   0x00000000   Code   RO         2848    .ARM.Collect$$libinit$$0000002E  c_w.l(libinit2.o)
    0x080001b4   0x080001b4   0x00000000   Code   RO         2850    .ARM.Collect$$libinit$$00000030  c_w.l(libinit2.o)
    0x080001b4   0x080001b4   0x00000000   Code   RO         2852    .ARM.Collect$$libinit$$00000032  c_w.l(libinit2.o)
    0x080001b4   0x080001b4   0x00000002   Code   RO         2853    .ARM.Collect$$libinit$$00000033  c_w.l(libinit2.o)
    0x080001b6   0x080001b6   0x00000002   Code   RO         2871    .ARM.Collect$$libshutdown$$00000000  c_w.l(libshutdown.o)
    0x080001b8   0x080001b8   0x00000000   Code   RO         2881    .ARM.Collect$$libshutdown$$00000002  c_w.l(libshutdown2.o)
    0x080001b8   0x080001b8   0x00000000   Code   RO         2883    .ARM.Collect$$libshutdown$$00000004  c_w.l(libshutdown2.o)
    0x080001b8   0x080001b8   0x00000000   Code   RO         2886    .ARM.Collect$$libshutdown$$00000007  c_w.l(libshutdown2.o)
    0x080001b8   0x080001b8   0x00000000   Code   RO         2889    .ARM.Collect$$libshutdown$$0000000A  c_w.l(libshutdown2.o)
    0x080001b8   0x080001b8   0x00000000   Code   RO         2891    .ARM.Collect$$libshutdown$$0000000C  c_w.l(libshutdown2.o)
    0x080001b8   0x080001b8   0x00000000   Code   RO         2894    .ARM.Collect$$libshutdown$$0000000F  c_w.l(libshutdown2.o)
    0x080001b8   0x080001b8   0x00000002   Code   RO         2895    .ARM.Collect$$libshutdown$$00000010  c_w.l(libshutdown2.o)
    0x080001ba   0x080001ba   0x00000000   Code   RO         2764    .ARM.Collect$$rtentry$$00000000  c_w.l(__rtentry.o)
    0x080001ba   0x080001ba   0x00000000   Code   RO         2778    .ARM.Collect$$rtentry$$00000002  c_w.l(__rtentry2.o)
    0x080001ba   0x080001ba   0x00000006   Code   RO         2790    .ARM.Collect$$rtentry$$00000004  c_w.l(__rtentry4.o)
    0x080001c0   0x080001c0   0x00000000   Code   RO         2780    .ARM.Collect$$rtentry$$00000009  c_w.l(__rtentry2.o)
    0x080001c0   0x080001c0   0x00000004   Code   RO         2781    .ARM.Collect$$rtentry$$0000000A  c_w.l(__rtentry2.o)
    0x080001c4   0x080001c4   0x00000000   Code   RO         2783    .ARM.Collect$$rtentry$$0000000C  c_w.l(__rtentry2.o)
    0x080001c4   0x080001c4   0x00000008   Code   RO         2784    .ARM.Collect$$rtentry$$0000000D  c_w.l(__rtentry2.o)
    0x080001cc   0x080001cc   0x00000002   Code   RO         2807    .ARM.Collect$$rtexit$$00000000  c_w.l(rtexit.o)
    0x080001ce   0x080001ce   0x00000000   Code   RO         2855    .ARM.Collect$$rtexit$$00000002  c_w.l(rtexit2.o)
    0x080001ce   0x080001ce   0x00000004   Code   RO         2856    .ARM.Collect$$rtexit$$00000003  c_w.l(rtexit2.o)
    0x080001d2   0x080001d2   0x00000006   Code   RO         2857    .ARM.Collect$$rtexit$$00000004  c_w.l(rtexit2.o)
    0x080001d8   0x080001d8   0x00000040   Code   RO          200    .text               startup_stm32f10x_md.o
    0x08000218   0x08000218   0x00000002   Code   RO         2681    .text               c_w.l(use_no_semi_2.o)
    0x0800021a   0x0800021a   0x00000002   PAD
    0x0800021c   0x0800021c   0x00000028   Code   RO         2685    .text               c_w.l(noretval__2sprintf.o)
    0x08000244   0x08000244   0x00000068   Code   RO         2687    .text               c_w.l(__printf.o)
    0x080002ac   0x080002ac   0x00000058   Code   RO         2692    .text               c_w.l(_printf_hex_int.o)
    0x08000304   0x08000304   0x00000096   Code   RO         2732    .text               c_w.l(strncmp.o)
    0x0800039a   0x0800039a   0x0000004e   Code   RO         2734    .text               c_w.l(rt_memclr_w.o)
    0x080003e8   0x080003e8   0x00000006   Code   RO         2736    .text               c_w.l(heapauxi.o)
    0x080003ee   0x080003ee   0x00000002   Code   RO         2762    .text               c_w.l(use_no_semi.o)
    0x080003f0   0x080003f0   0x000000b2   Code   RO         2765    .text               c_w.l(_printf_intcommon.o)
    0x080004a2   0x080004a2   0x00000002   PAD
    0x080004a4   0x080004a4   0x00000030   Code   RO         2767    .text               c_w.l(_printf_char_common.o)
    0x080004d4   0x080004d4   0x0000000a   Code   RO         2769    .text               c_w.l(_sputc.o)
    0x080004de   0x080004de   0x0000004a   Code   RO         2794    .text               c_w.l(sys_stackheap_outer.o)
    0x08000528   0x08000528   0x00000012   Code   RO         2796    .text               c_w.l(exit.o)
    0x0800053a   0x0800053a   0x00000002   PAD
    0x0800053c   0x0800053c   0x00000008   Code   RO         2804    .text               c_w.l(libspace.o)
    0x08000544   0x08000544   0x00000038   Code   RO          434    i.BUZZ_Flashing     ledandbuzz.o
    0x0800057c   0x0800057c   0x00000004   Code   RO           17    i.BusFault_Handler  stm32f10x_it.o
    0x08000580   0x08000580   0x00000034   Code   RO          435    i.BuzzInit          ledandbuzz.o
    0x080005b4   0x080005b4   0x00000010   Code   RO          652    i.ClearArray        myusart.o
    0x080005c4   0x080005c4   0x00000010   Code   RO          653    i.ClearArray_u8     myusart.o
    0x080005d4   0x080005d4   0x0000001c   Code   RO          302    i.ClearBitMask      rc522.o
    0x080005f0   0x080005f0   0x00000048   Code   RO          654    i.DataAnalyze       myusart.o
    0x08000638   0x08000638   0x00000082   Code   RO          655    i.DataPacking       myusart.o
    0x080006ba   0x080006ba   0x00000002   Code   RO           18    i.DebugMon_Handler  stm32f10x_it.o
    0x080006bc   0x080006bc   0x00000024   Code   RO          479    i.Digitaltube_Close  max7219.o
    0x080006e0   0x080006e0   0x00000024   Code   RO          480    i.Digitaltube_Wait  max7219.o
    0x08000704   0x08000704   0x00000078   Code   RO          656    i.FrameCheckIfSendAck  myusart.o
    0x0800077c   0x0800077c   0x00000116   Code   RO         1037    i.GPIO_Init         stm32f10x_gpio.o
    0x08000892   0x08000892   0x00000004   Code   RO         1044    i.GPIO_ResetBits    stm32f10x_gpio.o
    0x08000896   0x08000896   0x00000004   Code   RO         1045    i.GPIO_SetBits      stm32f10x_gpio.o
    0x0800089a   0x0800089a   0x00000002   PAD
    0x0800089c   0x0800089c   0x00000048   Code   RO          551    i.HDC1080_Init      hdc1080.o
    0x080008e4   0x080008e4   0x00000060   Code   RO          552    i.HDC1080_ReadBuffer  hdc1080.o
    0x08000944   0x08000944   0x0000006c   Code   RO          554    i.HDC1080_Read_Temper  hdc1080.o
    0x080009b0   0x080009b0   0x00000012   Code   RO          555    i.HDC1080_Setting   hdc1080.o
    0x080009c2   0x080009c2   0x00000016   Code   RO          556    i.HDC1080_Soft_Reset  hdc1080.o
    0x080009d8   0x080009d8   0x00000042   Code   RO          557    i.HDC1080_WriteBuffer  hdc1080.o
    0x08000a1a   0x08000a1a   0x00000004   Code   RO           19    i.HardFault_Handler  stm32f10x_it.o
    0x08000a1e   0x08000a1e   0x00000002   PAD
    0x08000a20   0x08000a20   0x00000050   Code   RO          558    i.IIC_Ack           hdc1080.o
    0x08000a70   0x08000a70   0x00000050   Code   RO          559    i.IIC_NAck          hdc1080.o
    0x08000ac0   0x08000ac0   0x00000070   Code   RO          560    i.IIC_Read_Byte     hdc1080.o
    0x08000b30   0x08000b30   0x00000068   Code   RO          561    i.IIC_Send_Byte     hdc1080.o
    0x08000b98   0x08000b98   0x0000004c   Code   RO          562    i.IIC_Start         hdc1080.o
    0x08000be4   0x08000be4   0x0000004c   Code   RO          563    i.IIC_Stop          hdc1080.o
    0x08000c30   0x08000c30   0x00000064   Code   RO          564    i.IIC_Wait_Ack      hdc1080.o
    0x08000c94   0x08000c94   0x0000002e   Code   RO          436    i.LED_Flashing      ledandbuzz.o
    0x08000cc2   0x08000cc2   0x00000002   PAD
    0x08000cc4   0x08000cc4   0x00000034   Code   RO          437    i.LedTurnOFF        ledandbuzz.o
    0x08000cf8   0x08000cf8   0x00000034   Code   RO          438    i.LedTurnON         ledandbuzz.o
    0x08000d2c   0x08000d2c   0x00000070   Code   RO          481    i.MAX7219_Init      max7219.o
    0x08000d9c   0x08000d9c   0x00000004   Code   RO           20    i.MemManage_Handler  stm32f10x_it.o
    0x08000da0   0x08000da0   0x00000038   Code   RO          521    i.MotorInit         motor.o
    0x08000dd8   0x08000dd8   0x000000a8   Code   RO          657    i.MyusartInit       myusart.o
    0x08000e80   0x08000e80   0x00000002   Code   RO           21    i.NMI_Handler       stm32f10x_it.o
    0x08000e82   0x08000e82   0x0000000c   Code   RO          862    i.NVIC_Configuration  sys.o
    0x08000e8e   0x08000e8e   0x00000002   PAD
    0x08000e90   0x08000e90   0x00000070   Code   RO          899    i.NVIC_Init         misc.o
    0x08000f00   0x08000f00   0x00000014   Code   RO          900    i.NVIC_PriorityGroupConfig  misc.o
    0x08000f14   0x08000f14   0x00000040   Code   RO          204    i.OLED_Clear        oled.o
    0x08000f54   0x08000f54   0x00000070   Code   RO          810    i.OLED_DisplayInit  main.o
    0x08000fc4   0x08000fc4   0x00000050   Code   RO          811    i.OLED_DisplayUpdata  main.o
    0x08001014   0x08001014   0x00000178   Code   RO          208    i.OLED_Init         oled.o
    0x0800118c   0x0800118c   0x0000002e   Code   RO          209    i.OLED_Set_Pos      oled.o
    0x080011ba   0x080011ba   0x00000002   PAD
    0x080011bc   0x080011bc   0x00000068   Code   RO          210    i.OLED_ShowCHinese  oled.o
    0x08001224   0x08001224   0x00000070   Code   RO          211    i.OLED_ShowChar     oled.o
    0x08001294   0x08001294   0x00000036   Code   RO          213    i.OLED_ShowString   oled.o
    0x080012ca   0x080012ca   0x00000002   PAD
    0x080012cc   0x080012cc   0x00000074   Code   RO          214    i.OLED_WR_Byte      oled.o
    0x08001340   0x08001340   0x0000000c   Code   RO          303    i.PcdAntennaOff     rc522.o
    0x0800134c   0x0800134c   0x0000001a   Code   RO          304    i.PcdAntennaOn      rc522.o
    0x08001366   0x08001366   0x00000070   Code   RO          305    i.PcdAnticoll       rc522.o
    0x080013d6   0x080013d6   0x00000132   Code   RO          308    i.PcdComMF522       rc522.o
    0x08001508   0x08001508   0x00000054   Code   RO          311    i.PcdRequest        rc522.o
    0x0800155c   0x0800155c   0x00000074   Code   RO          312    i.PcdReset          rc522.o
    0x080015d0   0x080015d0   0x00000002   Code   RO           22    i.PendSV_Handler    stm32f10x_it.o
    0x080015d2   0x080015d2   0x00000002   PAD
    0x080015d4   0x080015d4   0x0000004c   Code   RO          316    i.RC522_Init        rc522.o
    0x08001620   0x08001620   0x00000020   Code   RO         1351    i.RCC_APB1PeriphClockCmd  stm32f10x_rcc.o
    0x08001640   0x08001640   0x00000020   Code   RO         1352    i.RCC_APB1PeriphResetCmd  stm32f10x_rcc.o
    0x08001660   0x08001660   0x00000020   Code   RO         1353    i.RCC_APB2PeriphClockCmd  stm32f10x_rcc.o
    0x08001680   0x08001680   0x00000020   Code   RO         1354    i.RCC_APB2PeriphResetCmd  stm32f10x_rcc.o
    0x080016a0   0x080016a0   0x000000d4   Code   RO         1361    i.RCC_GetClocksFreq  stm32f10x_rcc.o
    0x08001774   0x08001774   0x00000080   Code   RO          317    i.RFID_Search       rc522.o
    0x080017f4   0x080017f4   0x00000150   Code   RO          812    i.RFID_Updata       main.o
    0x08001944   0x08001944   0x0000005c   Code   RO          439    i.RGBledInit        ledandbuzz.o
    0x080019a0   0x080019a0   0x00000094   Code   RO          318    i.ReadRawRC         rc522.o
    0x08001a34   0x08001a34   0x00000002   Code   RO           23    i.SVC_Handler       stm32f10x_it.o
    0x08001a36   0x08001a36   0x00000002   PAD
    0x08001a38   0x08001a38   0x000000e4   Code   RO          658    i.SendFaceRecognitionRequest  myusart.o
    0x08001b1c   0x08001b1c   0x0000001c   Code   RO          319    i.SetBitMask        rc522.o
    0x08001b38   0x08001b38   0x00000008   Code   RO          163    i.SetSysClock       system_stm32f10x.o
    0x08001b40   0x08001b40   0x000000e0   Code   RO          164    i.SetSysClockTo72   system_stm32f10x.o
    0x08001c20   0x08001c20   0x00000028   Code   RO          903    i.SysTick_CLKSourceConfig  misc.o
    0x08001c48   0x08001c48   0x00000002   Code   RO           24    i.SysTick_Handler   stm32f10x_it.o
    0x08001c4a   0x08001c4a   0x00000002   PAD
    0x08001c4c   0x08001c4c   0x00000060   Code   RO          166    i.SystemInit        system_stm32f10x.o
    0x08001cac   0x08001cac   0x0000004c   Code   RO          738    i.TIM2_IRQHandler   timeout.o
    0x08001cf8   0x08001cf8   0x00000050   Code   RO          739    i.TIM3_IRQHandler   timeout.o
    0x08001d48   0x08001d48   0x00000006   Code   RO         1890    i.TIM_ClearITPendingBit  stm32f10x_tim.o
    0x08001d4e   0x08001d4e   0x00000018   Code   RO         1895    i.TIM_Cmd           stm32f10x_tim.o
    0x08001d66   0x08001d66   0x00000022   Code   RO         1916    i.TIM_GetITStatus   stm32f10x_tim.o
    0x08001d88   0x08001d88   0x00000012   Code   RO         1920    i.TIM_ITConfig      stm32f10x_tim.o
    0x08001d9a   0x08001d9a   0x00000002   PAD
    0x08001d9c   0x08001d9c   0x000000a4   Code   RO         1966    i.TIM_TimeBaseInit  stm32f10x_tim.o
    0x08001e40   0x08001e40   0x00000094   Code   RO          482    i.Temperature_DisplayUpdata  max7219.o
    0x08001ed4   0x08001ed4   0x00000064   Code   RO          740    i.Timeout_Init      timeout.o
    0x08001f38   0x08001f38   0x0000009c   Code   RO          659    i.USART1_IRQHandler  myusart.o
    0x08001fd4   0x08001fd4   0x00000018   Code   RO         2431    i.USART_Cmd         stm32f10x_usart.o
    0x08001fec   0x08001fec   0x0000009c   Code   RO         2433    i.USART_DeInit      stm32f10x_usart.o
    0x08002088   0x08002088   0x0000001a   Code   RO         2434    i.USART_GetFlagStatus  stm32f10x_usart.o
    0x080020a2   0x080020a2   0x00000054   Code   RO         2435    i.USART_GetITStatus  stm32f10x_usart.o
    0x080020f6   0x080020f6   0x0000004a   Code   RO         2437    i.USART_ITConfig    stm32f10x_usart.o
    0x08002140   0x08002140   0x000000d8   Code   RO         2438    i.USART_Init        stm32f10x_usart.o
    0x08002218   0x08002218   0x0000000a   Code   RO         2445    i.USART_ReceiveData  stm32f10x_usart.o
    0x08002222   0x08002222   0x00000008   Code   RO         2448    i.USART_SendData    stm32f10x_usart.o
    0x0800222a   0x0800222a   0x00000032   Code   RO          660    i.USART_SendLenData  myusart.o
    0x0800225c   0x0800225c   0x000000ec   Code   RO          662    i.UpdataTemperature  myusart.o
    0x08002348   0x08002348   0x00000004   Code   RO           25    i.UsageFault_Handler  stm32f10x_it.o
    0x0800234c   0x0800234c   0x0000005e   Code   RO          741    i.UsartTimeout_Init  timeout.o
    0x080023aa   0x080023aa   0x00000002   PAD
    0x080023ac   0x080023ac   0x000000ac   Code   RO          483    i.Write7219         max7219.o
    0x08002458   0x08002458   0x00000090   Code   RO          320    i.WriteRawRC        rc522.o
    0x080024e8   0x080024e8   0x00000004   Code   RO          874    i._sys_exit         usart.o
    0x080024ec   0x080024ec   0x00000044   Code   RO          778    i.delay_init        delay.o
    0x08002530   0x08002530   0x0000004c   Code   RO          779    i.delay_ms          delay.o
    0x0800257c   0x0800257c   0x0000004c   Code   RO          780    i.delay_us          delay.o
    0x080025c8   0x080025c8   0x00000188   Code   RO          813    i.main              main.o
    0x08002750   0x08002750   0x00000150   Code   RO         2740    x$fpl$dadd          fz_ws.l(daddsub_clz.o)
    0x080028a0   0x080028a0   0x000002b0   Code   RO         2747    x$fpl$ddiv          fz_ws.l(ddiv.o)
    0x08002b50   0x08002b50   0x0000005a   Code   RO         2750    x$fpl$dfixu         fz_ws.l(dfixu.o)
    0x08002baa   0x08002baa   0x0000002e   Code   RO         2755    x$fpl$dflt          fz_ws.l(dflt_clz.o)
    0x08002bd8   0x08002bd8   0x00000154   Code   RO         2760    x$fpl$dmul          fz_ws.l(dmul.o)
    0x08002d2c   0x08002d2c   0x0000009c   Code   RO         2772    x$fpl$dnaninf       fz_ws.l(dnaninf.o)
    0x08002dc8   0x08002dc8   0x0000000c   Code   RO         2774    x$fpl$dretinf       fz_ws.l(dretinf.o)
    0x08002dd4   0x08002dd4   0x000001d4   Code   RO         2742    x$fpl$dsub          fz_ws.l(daddsub_clz.o)
    0x08002fa8   0x08002fa8   0x00000000   Code   RO         2776    x$fpl$usenofp       fz_ws.l(usenofp.o)
    0x08002fa8   0x08002fa8   0x00000818   Data   RO          216    .constdata          oled.o
    0x080037c0   0x080037c0   0x00000028   Data   RO         2693    .constdata          c_w.l(_printf_hex_int.o)
    0x080037e8   0x080037e8   0x00000020   Data   RO         2927    Region$$Table       anon$$obj.o


    Execution Region RW_IRAM1 (Exec base: 0x20000000, Load base: 0x08003808, Size: 0x000010c0, Max: 0x00005000, ABSOLUTE, COMPRESSED[0x00000440])

    Exec Addr    Load Addr    Size         Type   Attr      Idx    E Section Name        Object

    0x20000000   COMPRESSED   0x00000014   Data   RW          167    .data               system_stm32f10x.o
    0x20000014   COMPRESSED   0x00000980   Data   RW          217    .data               oled.o
    0x20000994   COMPRESSED   0x0000000a   Data   RW          484    .data               max7219.o
    0x2000099e   COMPRESSED   0x00000011   Data   RW          664    .data               myusart.o
    0x200009af   COMPRESSED   0x00000004   Data   RW          742    .data               timeout.o
    0x200009b3   COMPRESSED   0x00000001   PAD
    0x200009b4   COMPRESSED   0x00000004   Data   RW          781    .data               delay.o
    0x200009b8   COMPRESSED   0x00000056   Data   RW          814    .data               main.o
    0x20000a0e   COMPRESSED   0x00000014   Data   RW         1381    .data               stm32f10x_rcc.o
    0x20000a22   COMPRESSED   0x00000002   PAD
    0x20000a24        -       0x0000003c   Zero   RW          663    .bss                myusart.o
    0x20000a60        -       0x00000060   Zero   RW         2805    .bss                c_w.l(libspace.o)
    0x20000ac0        -       0x00000200   Zero   RW          198    HEAP                startup_stm32f10x_md.o
    0x20000cc0        -       0x00000400   Zero   RW          197    STACK               startup_stm32f10x_md.o


==============================================================================

Image component sizes


      Code (inc. data)   RO Data    RW Data    ZI Data      Debug   Object Name

         0          0          0          0          0       4652   core_cm3.o
       220         26          0          4          0       1731   delay.o
      1010        126          0          0          0       7982   hdc1080.o
       350         40          0          0          0       3308   ledandbuzz.o
       920        128          0         86          0       4202   main.o
       504         30          0         10          0       3527   max7219.o
       172         22          0          0          0       2089   misc.o
        56          6          0          0          0        516   motor.o
      1192        104          0         17         60       8625   myusart.o
       872         28       2072       2432          0       5849   oled.o
      1208         38          0          0          0       8235   rc522.o
        64         26        236          0       1536        824   startup_stm32f10x_md.o
       286          0          0          0          0       3060   stm32f10x_gpio.o
        26          0          0          0          0     251170   stm32f10x_it.o
       340         44          0         20          0       5648   stm32f10x_rcc.o
       246         42          0          0          0       3606   stm32f10x_tim.o
       598         28          0          0          0       6860   stm32f10x_usart.o
        12          0          0          0          0        457   sys.o
       328         28          0         20          0       2317   system_stm32f10x.o
       350         40          0          4          0       2771   timeout.o
         4          0          0          0          0        456   usart.o

    ----------------------------------------------------------------------
      8780        756       2340       2596       1596     327885   Object Totals
         0          0         32          0          0          0   (incl. Generated)
        22          0          0          3          0          0   (incl. Padding)

    ----------------------------------------------------------------------

      Code (inc. data)   RO Data    RW Data    ZI Data      Debug   Library Member Name

       100          0          0          0          0          0   __dclz77c.o
         8          0          0          0          0         68   __main.o
       104          0          0          0          0         84   __printf.o
         0          0          0          0          0          0   __rtentry.o
        12          0          0          0          0          0   __rtentry2.o
         6          0          0          0          0          0   __rtentry4.o
        52          8          0          0          0          0   __scatter.o
        28          0          0          0          0          0   __scatter_zi.o
        48          6          0          0          0         96   _printf_char_common.o
        88          4         40          0          0         88   _printf_hex_int.o
       178          0          0          0          0         88   _printf_intcommon.o
         0          0          0          0          0          0   _printf_percent.o
         4          0          0          0          0          0   _printf_percent_end.o
         6          0          0          0          0          0   _printf_x.o
        10          0          0          0          0         68   _sputc.o
        18          0          0          0          0         80   exit.o
         6          0          0          0          0        152   heapauxi.o
         2          0          0          0          0          0   libinit.o
         2          0          0          0          0          0   libinit2.o
         2          0          0          0          0          0   libshutdown.o
         2          0          0          0          0          0   libshutdown2.o
         8          4          0          0         96         68   libspace.o
        40          6          0          0          0         84   noretval__2sprintf.o
        78          0          0          0          0         80   rt_memclr_w.o
         2          0          0          0          0          0   rtexit.o
        10          0          0          0          0          0   rtexit2.o
       150          0          0          0          0         80   strncmp.o
        74          0          0          0          0         80   sys_stackheap_outer.o
         2          0          0          0          0         68   use_no_semi.o
         2          0          0          0          0         68   use_no_semi_2.o
       804         16          0          0          0        272   daddsub_clz.o
       688        140          0          0          0        208   ddiv.o
        90          4          0          0          0         92   dfixu.o
        46          0          0          0          0         68   dflt_clz.o
       340         12          0          0          0        104   dmul.o
       156          4          0          0          0         92   dnaninf.o
        12          0          0          0          0         68   dretinf.o
         0          0          0          0          0          0   usenofp.o

    ----------------------------------------------------------------------
      3184        204         40          0         96       2156   Library Totals
         6          0          0          0          0          0   (incl. Padding)

    ----------------------------------------------------------------------

      Code (inc. data)   RO Data    RW Data    ZI Data      Debug   Library Name

      1042         28         40          0         96       1252   c_w.l
      2136        176          0          0          0        904   fz_ws.l

    ----------------------------------------------------------------------
      3184        204         40          0         96       2156   Library Totals

    ----------------------------------------------------------------------

==============================================================================


      Code (inc. data)   RO Data    RW Data    ZI Data      Debug   

     11964        960       2380       2596       1692     323953   Grand Totals
     11964        960       2380       1088       1692     323953   ELF Image Totals (compressed)
     11964        960       2380       1088          0          0   ROM Totals

==============================================================================

    Total RO  Size (Code + RO Data)                14344 (  14.01kB)
    Total RW  Size (RW Data + ZI Data)              4288 (   4.19kB)
    Total ROM Size (Code + RO Data + RW Data)      15432 (  15.07kB)

==============================================================================

